******************************************************************************
                  MSP430 Linker PC v21.6.1                     
******************************************************************************
>> Linked Thu Jun 22 22:30:34 2023

OUTPUT FILE NAME:   <msp430g2553.out>
ENTRY POINT SYMBOL: "_c_int00_noargs"  address: 0000df30


MEMORY CONFIGURATION

         name            origin    length      used     unused   attr    fill
----------------------  --------  ---------  --------  --------  ----  --------
  SFR                   00000000   00000010  00000000  00000010  RWIX
  PERIPHERALS_8BIT      00000010   000000f0  00000000  000000f0  RWIX
  PERIPHERALS_16BIT     00000100   00000100  00000000  00000100  RWIX
  RAM                   00000200   00000200  0000010f  000000f1  RWIX
  INFOD                 00001000   00000040  00000000  00000040  RWIX
  INFOC                 00001040   00000040  00000000  00000040  RWIX
  INFOB                 00001080   00000040  00000000  00000040  RWIX
  INFOA                 000010c0   00000040  00000000  00000040  RWIX
  FLASH                 0000c000   00003fde  000027a8  00001836  RWIX
  BSLSIGNATURE          0000ffde   00000002  00000002  00000000  RWIX  ffff 
  INT00                 0000ffe0   00000002  00000002  00000000  RWIX
  INT01                 0000ffe2   00000002  00000000  00000002  RWIX
  INT02                 0000ffe4   00000002  00000002  00000000  RWIX
  INT03                 0000ffe6   00000002  00000002  00000000  RWIX
  INT04                 0000ffe8   00000002  00000000  00000002  RWIX
  INT05                 0000ffea   00000002  00000002  00000000  RWIX
  INT06                 0000ffec   00000002  00000002  00000000  RWIX
  INT07                 0000ffee   00000002  00000002  00000000  RWIX
  INT08                 0000fff0   00000002  00000002  00000000  RWIX
  INT09                 0000fff2   00000002  00000002  00000000  RWIX
  INT10                 0000fff4   00000002  00000002  00000000  RWIX
  INT11                 0000fff6   00000002  00000002  00000000  RWIX
  INT12                 0000fff8   00000002  00000002  00000000  RWIX
  INT13                 0000fffa   00000002  00000002  00000000  RWIX
  INT14                 0000fffc   00000002  00000002  00000000  RWIX
  RESET                 0000fffe   00000002  00000002  00000000  RWIX


SECTION ALLOCATION MAP

 output                                  attributes/
section   page    origin      length       input sections
--------  ----  ----------  ----------   ----------------
.data      0    00000200    000000b2     UNINITIALIZED
                  00000200    00000080     isr.obj (.data:rx_buf$1)
                  00000280    00000016     menu.obj (.data)
                  00000296    00000007     knob.obj (.data)
                  0000029d    00000001     --HOLE--
                  0000029e    00000004     touch.obj (.data:FREQ_THRESHOLD_MAX)
                  000002a2    00000004     touch.obj (.data:FREQ_THRESHOLD_MIN)
                  000002a6    00000004     touch.obj (.data:Key_Buff)
                  000002aa    00000003     i2c.obj (.data)
                  000002ad    00000001     --HOLE--
                  000002ae    00000002     touch.obj (.data:state)
                  000002b0    00000002     touch.obj (.data)

.bss       0    000002b2    0000000d     UNINITIALIZED
                  000002b2    00000004     i2c.obj (.bss)
                  000002b6    00000002     touch.obj (.bss)
                  000002b8    00000002     (.common:Knob_v)
                  000002ba    00000002     (.common:tick)
                  000002bc    00000002     (.common:touch_v)
                  000002be    00000001     (.common:buzzer_time)

.stack     0    000003b0    00000050     UNINITIALIZED
                  000003b0    00000002     rts430_eabi.lib : boot.c.obj (.stack)
                  000003b2    0000004e     --HOLE--

.text      0    0000c000    00002096     
                  0000c000    00000436     menu.obj (.text:menu_StopWatch)
                  0000c436    000003e0     menu.obj (.text:menu_main)
                  0000c816    00000378     menu.obj (.text:menu_SetDate)
                  0000cb8e    00000306     menu.obj (.text:menu_SetTime)
                  0000ce94    000002fe     menu.obj (.text:menu_Timing)
                  0000d192    0000015e     menu.obj (.text:menu_SetClock)
                  0000d2f0    0000014c     menu.obj (.text:menu_all)
                  0000d43c    0000013a     OLED.obj (.text:oled_init)
                  0000d576    0000009c     adc.obj (.text:adc_init)
                  0000d612    0000008e     OLED.obj (.text:oled_p8x16str)
                  0000d6a0    0000008e     OLED.obj (.text:oled_wrcmd)
                  0000d72e    0000008e     OLED.obj (.text:oled_wrdat)
                  0000d7bc    00000086     OLED.obj (.text:oled_hexascii)
                  0000d842    0000007c     rts430_eabi.lib : copy_decompress_lzss.c.obj (.text:decompress:lzss:__TI_decompress_lzss)
                  0000d8be    00000060     touch.obj (.text:Key_Measure_Freq)
                  0000d91e    00000060     pit.obj (.text:tim_interrupt_init_ms)
                  0000d97e    0000005c     menu.obj (.text:time_run)
                  0000d9da    00000052     loop.obj (.text:PIT1_handler)
                  0000da2c    0000004c     knob.obj (.text:Knob_check)
                  0000da78    0000004c     rts430_eabi.lib : lsr16.asm.obj (.text)
                  0000dac4    0000004a     menu.obj (.text:timing_run)
                  0000db0e    00000048     gpio.obj (.text:gpio_init)
                  0000db56    00000046     OLED.obj (.text:oled_fill)
                  0000db9c    00000042     rts430_eabi.lib : autoinit.c.obj (.text:__TI_auto_init_nobinit_nopinit:__TI_auto_init_nobinit_nopinit)
                  0000dbde    0000003e     touch.obj (.text:Key_FIFO)
                  0000dc1c    0000003e     i2c.obj (.text:USCIAB0TX_ISR)
                  0000dc5a    0000003a     menu.obj (.text:buzzer_timing)
                  0000dc94    00000038     main.obj (.text:main)
                  0000dccc    00000036     loop.obj (.text:duty_1ms)
                  0000dd02    00000032     knob.obj (.text:Knob_init)
                  0000dd34    00000030     touch.obj (.text:Touch_check)
                  0000dd64    0000002e     isr.obj (.text:UART_Receive_ISR)
                  0000dd92    0000002c     OLED.obj (.text:oled_set_pos)
                  0000ddbe    0000002c     rts430_eabi.lib : asr16.asm.obj (.text)
                  0000ddea    0000002c                     : lsl16.asm.obj (.text)
                  0000de16    0000002a     menu.obj (.text:buzzer_int)
                  0000de40    00000026     touch.obj (.text:Key_Judge)
                  0000de66    00000024     gpio.obj (.text:gpio_set)
                  0000de8a    00000024     OLED.obj (.text:oled_uint16)
                  0000deae    00000022     i2c.obj (.text:I2C_TxFrame_ISR)
                  0000ded0    00000022     isr.obj (.text:Time1_Tick)
                  0000def2    00000020     menu.obj (.text:Clean_Key_Position)
                  0000df12    0000001e     i2c.obj (.text:I2C_RxFrame_ISR)
                  0000df30    0000001c     rts430_eabi.lib : boot.c.obj (.text:_c_int00_noargs)
                  0000df4c    0000001a     isr.obj (.text:WDT_ISR)
                  0000df66    00000018     pit.obj (.text:InitSystemClock)
                  0000df7e    00000016     rts430_eabi.lib : div16u.asm.obj (.text)
                  0000df94    00000014                     : copy_zero_init.c.obj (.text:decompress:ZI:__TI_zero_init_nomemset:__TI_zero_init_nomemset)
                  0000dfa8    00000014                     : mult16.asm.obj (.text)
                  0000dfbc    00000012     adc.obj (.text:adc_get)
                  0000dfce    00000012     rts430_eabi.lib : copy_decompress_none.c.obj (.text:decompress:none:__TI_decompress_none)
                  0000dfe0    00000012                     : memcpy.c.obj (.text:memcpy)
                  0000dff2    00000012     uart.obj (.text:uart_putstr)
                  0000e004    00000010     rts430_eabi.lib : epilog.asm.obj (.text)
                  0000e014    0000000e     touch.obj (.text:TouchIN_Dect)
                  0000e022    0000000e     loop.obj (.text:duty_1000ms)
                  0000e030    0000000e     menu.obj (.text:strcpy_rewrite)
                  0000e03e    0000000c     isr.obj (.text:Port1_ISR)
                  0000e04a    0000000c     uart.obj (.text:uart_putchar)
                  0000e056    0000000a     menu.obj (.text:Change_Key_Position)
                  0000e060    0000000a     knob.obj (.text:Knob_Dect)
                  0000e06a    0000000a     isr.obj (.text:Time0_Tick)
                  0000e074    0000000a     loop.obj (.text:duty_25ms)
                  0000e07e    00000008     rts430_eabi.lib : isr_trap.asm.obj (.text:_isr:__TI_ISR_TRAP)
                  0000e086    00000006                     : exit.c.obj (.text:abort)
                  0000e08c    00000004                     : pre_init.c.obj (.text:_system_pre_init)
                  0000e090    00000002     isr.obj (.text:Port2_ISR)
                  0000e092    00000002     loop.obj (.text:WDT_Ontime)
                  0000e094    00000002     rts430_eabi.lib : startup.c.obj (.text:_system_post_cinit)

.const     0    0000e096    000006dc     
                  0000e096    000005f0     FONT.obj (.const:.string:oled_8x16)
                  0000e686    000000ec     menu.obj (.const:.string)

.cinit     0    0000e772    00000036     
                  0000e772    00000024     (.cinit..data.load) [load image, compression = lzss]
                  0000e796    00000006     (__TI_handler_table)
                  0000e79c    00000004     (.cinit..bss.load) [load image, compression = zero_init]
                  0000e7a0    00000008     (__TI_cinit_table)

.binit     0    0000c000    00000000     

.init_array 
*          0    0000c000    00000000     UNINITIALIZED

TRAPINT    0    0000ffe0    00000002     
                  0000ffe0    00000002     rts430_eabi.lib : int00.asm.obj (.int00)

PORT1      0    0000ffe4    00000002     
                  0000ffe4    00000002     isr.obj (.int02)

PORT2      0    0000ffe6    00000002     
                  0000ffe6    00000002     isr.obj (.int03)

ADC10      0    0000ffea    00000002     
                  0000ffea    00000002     rts430_eabi.lib : int05.asm.obj (.int05)

USCIAB0TX 
*          0    0000ffec    00000002     
                  0000ffec    00000002     i2c.obj (.int06)

USCIAB0RX 
*          0    0000ffee    00000002     
                  0000ffee    00000002     isr.obj (.int07)

TIMER0_A1 
*          0    0000fff0    00000002     
                  0000fff0    00000002     isr.obj (.int08)

TIMER0_A0 
*          0    0000fff2    00000002     
                  0000fff2    00000002     rts430_eabi.lib : int09.asm.obj (.int09)

WDT        0    0000fff4    00000002     
                  0000fff4    00000002     isr.obj (.int10)

COMPARATORA 
*          0    0000fff6    00000002     
                  0000fff6    00000002     rts430_eabi.lib : int11.asm.obj (.int11)

TIMER1_A1 
*          0    0000fff8    00000002     
                  0000fff8    00000002     isr.obj (.int12)

TIMER1_A0 
*          0    0000fffa    00000002     
                  0000fffa    00000002     rts430_eabi.lib : int13.asm.obj (.int13)

NMI        0    0000fffc    00000002     
                  0000fffc    00000002     rts430_eabi.lib : int14.asm.obj (.int14)

.reset     0    0000fffe    00000002     
                  0000fffe    00000002     rts430_eabi.lib : boot.c.obj (.reset)

$fill000   0    0000ffde    00000002     
                  0000ffde    00000002     --HOLE-- [fill = ffff]

MODULE SUMMARY

       Module                       code   ro data   rw data
       ------                       ----   -------   -------
    .\Libraries\libraries\
       adc.obj                      174    0         0      
       i2c.obj                      126    2         7      
       pit.obj                      120    0         0      
       gpio.obj                     108    0         0      
       uart.obj                     30     0         0      
    +--+----------------------------+------+---------+---------+
       Total:                       558    2         7      
                                                            
    .\Libraries\peripheral\
       FONT.obj                     0      1520      0      
       OLED.obj                     1024   0         0      
    +--+----------------------------+------+---------+---------+
       Total:                       1024   1520      0      
                                                            
    .\Project\CODE\
       menu.obj                     5502   236       26     
       touch.obj                    258    0         18     
       loop.obj                     162    0         3      
       knob.obj                     136    0         7      
    +--+----------------------------+------+---------+---------+
       Total:                       6058   236       54     
                                                            
    .\Project\USER\scr\
       isr.obj                      130    12        128    
       main.obj                     56     0         0      
    +--+----------------------------+------+---------+---------+
       Total:                       186    12        128    
                                                            
    E:\ccs1230\ccs\tools\compiler\ti-cgt-msp430_21.6.1.LTS\lib\rts430_eabi.lib
       copy_decompress_lzss.c.obj   124    0         0      
       lsr16.asm.obj                76     0         0      
       autoinit.c.obj               66     0         0      
       asr16.asm.obj                44     0         0      
       lsl16.asm.obj                44     0         0      
       boot.c.obj                   28     2         0      
       div16u.asm.obj               22     0         0      
       copy_zero_init.c.obj         20     0         0      
       mult16.asm.obj               20     0         0      
       copy_decompress_none.c.obj   18     0         0      
       memcpy.c.obj                 18     0         0      
       epilog.asm.obj               16     0         0      
       isr_trap.asm.obj             8      0         0      
       exit.c.obj                   6      0         0      
       pre_init.c.obj               4      0         0      
       int00.asm.obj                0      2         0      
       int05.asm.obj                0      2         0      
       int09.asm.obj                0      2         0      
       int11.asm.obj                0      2         0      
       int13.asm.obj                0      2         0      
       int14.asm.obj                0      2         0      
       startup.c.obj                2      0         0      
    +--+----------------------------+------+---------+---------+
       Total:                       516    14        0      
                                                            
       Stack:                       0      0         80     
       Linker Generated:            0      54        0      
    +--+----------------------------+------+---------+---------+
       Grand Total:                 8342   1838      269    


LINKER GENERATED COPY TABLES

__TI_cinit_table @ 0000e7a0 records: 2, size/record: 4, table size: 8
	.data: load addr=0000e772, load size=00000024 bytes, run addr=00000200, run size=000000b2 bytes, compression=lzss
	.bss: load addr=0000e79c, load size=00000004 bytes, run addr=000002b2, run size=0000000d bytes, compression=zero_init


LINKER GENERATED HANDLER TABLE

__TI_handler_table @ 0000e796 records: 3, size/record: 2, table size: 6
	index: 0, handler: __TI_zero_init
	index: 1, handler: __TI_decompress_lzss
	index: 2, handler: __TI_decompress_none


GLOBAL SYMBOLS: SORTED ALPHABETICALLY BY Name 

address   name                          
-------   ----                          
0000004a  ADC10AE0                      
000001b0  ADC10CTL0                     
000001b2  ADC10CTL1                     
00000048  ADC10DTC0                     
00000049  ADC10DTC1                     
000001b4  ADC10MEM                      
000001bc  ADC10SA                       
00000057  BCSCTL1                       
00000058  BCSCTL2                       
00000053  BCSCTL3                       
0000e086  C$$EXIT                       
00000059  CACTL1                        
0000005a  CACTL2                        
000010fb  CALBC1_12MHZ                  
000010f9  CALBC1_16MHZ                  
000010ff  CALBC1_1MHZ                   
000010fd  CALBC1_8MHZ                   
000010fa  CALDCO_12MHZ                  
000010f8  CALDCO_16MHZ                  
000010fe  CALDCO_1MHZ                   
000010fc  CALDCO_8MHZ                   
0000005b  CAPD                          
0000e056  Change_Key_Position           
0000def2  Clean_Key_Position            
00000056  DCOCTL                        
00000128  FCTL1                         
0000012a  FCTL2                         
0000012c  FCTL3                         
0000df12  I2C_RxFrame_ISR               
000002ac  I2C_State                     
0000deae  I2C_TxFrame_ISR               
00000000  IE1                           
00000001  IE2                           
00000002  IFG1                          
00000003  IFG2                          
0000df66  InitSystemClock               
0000dbde  Key_FIFO                      
0000de40  Key_Judge                     
0000d8be  Key_Measure_Freq              
0000e060  Knob_Dect                     
0000da2c  Knob_check                    
0000dd02  Knob_init                     
000002b8  Knob_v                        
00000022  P1DIR                         
00000025  P1IE                          
00000024  P1IES                         
00000023  P1IFG                         
00000020  P1IN                          
00000021  P1OUT                         
00000027  P1REN                         
00000026  P1SEL                         
00000041  P1SEL2                        
0000002a  P2DIR                         
0000002d  P2IE                          
0000002c  P2IES                         
0000002b  P2IFG                         
00000028  P2IN                          
00000029  P2OUT                         
0000002f  P2REN                         
0000002e  P2SEL                         
00000042  P2SEL2                        
0000001a  P3DIR                         
00000018  P3IN                          
00000019  P3OUT                         
00000010  P3REN                         
0000001b  P3SEL                         
00000043  P3SEL2                        
0000d9da  PIT1_handler                  
0000e03e  Port1_ISR                     
0000e090  Port2_ISR                     
00000294  StopWatch_hour                
00000293  StopWatch_min                 
00000295  StopWatch_mode                
00000291  StopWatch_ms                  
00000292  StopWatch_sec                 
00000172  TA0CCR0                       
00000174  TA0CCR1                       
00000176  TA0CCR2                       
00000162  TA0CCTL0                      
00000164  TA0CCTL1                      
00000166  TA0CCTL2                      
00000160  TA0CTL                        
0000012e  TA0IV                         
00000170  TA0R                          
00000192  TA1CCR0                       
00000194  TA1CCR1                       
00000196  TA1CCR2                       
00000182  TA1CCTL0                      
00000184  TA1CCTL1                      
00000186  TA1CCTL2                      
00000180  TA1CTL                        
0000011e  TA1IV                         
00000190  TA1R                          
000010db  TLV_ADC10_1_LEN               
000010da  TLV_ADC10_1_TAG               
000010c0  TLV_CHECKSUM                  
000010f7  TLV_DCO_30_LEN                
000010f6  TLV_DCO_30_TAG                
0000e06a  Time0_Tick                    
0000ded0  Time1_Tick                    
0000e014  TouchIN_Dect                  
0000dd34  Touch_check                   
0000dd64  UART_Receive_ISR              
0000005d  UCA0ABCTL                     
00000062  UCA0BR0                       
00000063  UCA0BR1                       
00000060  UCA0CTL0                      
00000061  UCA0CTL1                      
0000005f  UCA0IRRCTL                    
0000005e  UCA0IRTCTL                    
00000064  UCA0MCTL                      
00000066  UCA0RXBUF                     
00000065  UCA0STAT                      
00000067  UCA0TXBUF                     
0000006a  UCB0BR0                       
0000006b  UCB0BR1                       
00000068  UCB0CTL0                      
00000069  UCB0CTL1                      
0000006c  UCB0I2CIE                     
00000118  UCB0I2COA                     
0000011a  UCB0I2CSA                     
0000006e  UCB0RXBUF                     
0000006d  UCB0STAT                      
0000006f  UCB0TXBUF                     
0000dc1c  USCIAB0TX_ISR                 
00000120  WDTCTL                        
0000df4c  WDT_ISR                       
0000e092  WDT_Ontime                    
00000400  __STACK_END                   
00000050  __STACK_SIZE                  
0000e7a0  __TI_CINIT_Base               
0000e7a8  __TI_CINIT_Limit              
0000e7a8  __TI_CINIT_Warm               
0000e796  __TI_Handler_Table_Base       
0000e79c  __TI_Handler_Table_Limit      
0000e07e  __TI_ISR_TRAP                 
0000db9c  __TI_auto_init_nobinit_nopinit
0000d842  __TI_decompress_lzss          
0000dfce  __TI_decompress_none          
0000ffe0  __TI_int00                    
0000ffe4  __TI_int02                    
0000ffe6  __TI_int03                    
0000ffea  __TI_int05                    
0000ffec  __TI_int06                    
0000ffee  __TI_int07                    
0000fff0  __TI_int08                    
0000fff2  __TI_int09                    
0000fff4  __TI_int10                    
0000fff6  __TI_int11                    
0000fff8  __TI_int12                    
0000fffa  __TI_int13                    
0000fffc  __TI_int14                    
ffffffff  __TI_pprof_out_hndl           
ffffffff  __TI_prof_data_size           
ffffffff  __TI_prof_data_start          
0000df94  __TI_zero_init_nomemset       
ffffffff  __c_args__                    
0000df7e  __mspabi_divu                 
0000e010  __mspabi_func_epilog_1        
0000e00e  __mspabi_func_epilog_2        
0000e00c  __mspabi_func_epilog_3        
0000e00a  __mspabi_func_epilog_4        
0000e008  __mspabi_func_epilog_5        
0000e006  __mspabi_func_epilog_6        
0000e004  __mspabi_func_epilog_7        
0000dfa8  __mspabi_mpyi                 
0000dfa8  __mspabi_mpyi_sw              
0000df7e  __mspabi_remu                 
0000ddea  __mspabi_slli                 
0000de12  __mspabi_slli_1               
0000de00  __mspabi_slli_10              
0000ddfe  __mspabi_slli_11              
0000ddfc  __mspabi_slli_12              
0000ddfa  __mspabi_slli_13              
0000ddf8  __mspabi_slli_14              
0000ddf6  __mspabi_slli_15              
0000de10  __mspabi_slli_2               
0000de0e  __mspabi_slli_3               
0000de0c  __mspabi_slli_4               
0000de0a  __mspabi_slli_5               
0000de08  __mspabi_slli_6               
0000de06  __mspabi_slli_7               
0000de04  __mspabi_slli_8               
0000de02  __mspabi_slli_9               
0000ddbe  __mspabi_srai                 
0000dde6  __mspabi_srai_1               
0000ddd4  __mspabi_srai_10              
0000ddd2  __mspabi_srai_11              
0000ddd0  __mspabi_srai_12              
0000ddce  __mspabi_srai_13              
0000ddcc  __mspabi_srai_14              
0000ddca  __mspabi_srai_15              
0000dde4  __mspabi_srai_2               
0000dde2  __mspabi_srai_3               
0000dde0  __mspabi_srai_4               
0000ddde  __mspabi_srai_5               
0000dddc  __mspabi_srai_6               
0000ddda  __mspabi_srai_7               
0000ddd8  __mspabi_srai_8               
0000ddd6  __mspabi_srai_9               
0000da78  __mspabi_srli                 
0000dabe  __mspabi_srli_1               
0000da9a  __mspabi_srli_10              
0000da96  __mspabi_srli_11              
0000da92  __mspabi_srli_12              
0000da8e  __mspabi_srli_13              
0000da8a  __mspabi_srli_14              
0000da86  __mspabi_srli_15              
0000daba  __mspabi_srli_2               
0000dab6  __mspabi_srli_3               
0000dab2  __mspabi_srli_4               
0000daae  __mspabi_srli_5               
0000daaa  __mspabi_srli_6               
0000daa6  __mspabi_srli_7               
0000daa2  __mspabi_srli_8               
0000da9e  __mspabi_srli_9               
0000df30  _c_int00_noargs               
0000fffe  _reset_vector                 
000003b0  _stack                        
0000e094  _system_post_cinit            
0000e08c  _system_pre_init              
0000e086  abort                         
0000dfbc  adc_get                       
0000d576  adc_init                      
00000281  buzzer_flag                   
0000de16  buzzer_int                    
000002be  buzzer_time                   
0000dc5a  buzzer_timing                 
00000286  date_day                      
00000288  date_month                    
0000028a  date_year                     
0000e022  duty_1000ms                   
0000dac4  duty_10ms                     
0000dccc  duty_1ms                      
0000e074  duty_25ms                     
0000db0e  gpio_init                     
0000de66  gpio_set                      
00000284  int_time                      
0000dc94  main                          
0000dfe0  memcpy                        
0000d192  menu_SetClock                 
0000c816  menu_SetDate                  
0000cb8e  menu_SetTime                  
0000c000  menu_StopWatch                
0000ce94  menu_Timing                   
0000d2f0  menu_all                      
0000c436  menu_main                     
0000e096  oled_8x16                     
0000db56  oled_fill                     
0000d7bc  oled_hexascii                 
0000d43c  oled_init                     
0000d612  oled_p8x16str                 
0000dd92  oled_set_pos                  
0000de8a  oled_uint16                   
0000d6a0  oled_wrcmd                    
0000d72e  oled_wrdat                    
0000029c  res_threshold                 
00000283  run_flag                      
0000e030  strcpy_rewrite                
000002ba  tick                          
0000d91e  tim_interrupt_init_ms         
0000028c  time_hour                     
0000028d  time_min                      
0000d97e  time_run                      
0000028e  time_sec                      
00000282  timing_flag                   
0000028f  timing_hour                   
00000290  timing_min                    
0000dac4  timing_run                    
00000285  timing_time                   
000002bc  touch_v                       
0000e04a  uart_putchar                  
0000dff2  uart_putstr                   


GLOBAL SYMBOLS: SORTED BY Symbol Address 

address   name                          
-------   ----                          
00000000  IE1                           
00000001  IE2                           
00000002  IFG1                          
00000003  IFG2                          
00000010  P3REN                         
00000018  P3IN                          
00000019  P3OUT                         
0000001a  P3DIR                         
0000001b  P3SEL                         
00000020  P1IN                          
00000021  P1OUT                         
00000022  P1DIR                         
00000023  P1IFG                         
00000024  P1IES                         
00000025  P1IE                          
00000026  P1SEL                         
00000027  P1REN                         
00000028  P2IN                          
00000029  P2OUT                         
0000002a  P2DIR                         
0000002b  P2IFG                         
0000002c  P2IES                         
0000002d  P2IE                          
0000002e  P2SEL                         
0000002f  P2REN                         
00000041  P1SEL2                        
00000042  P2SEL2                        
00000043  P3SEL2                        
00000048  ADC10DTC0                     
00000049  ADC10DTC1                     
0000004a  ADC10AE0                      
00000050  __STACK_SIZE                  
00000053  BCSCTL3                       
00000056  DCOCTL                        
00000057  BCSCTL1                       
00000058  BCSCTL2                       
00000059  CACTL1                        
0000005a  CACTL2                        
0000005b  CAPD                          
0000005d  UCA0ABCTL                     
0000005e  UCA0IRTCTL                    
0000005f  UCA0IRRCTL                    
00000060  UCA0CTL0                      
00000061  UCA0CTL1                      
00000062  UCA0BR0                       
00000063  UCA0BR1                       
00000064  UCA0MCTL                      
00000065  UCA0STAT                      
00000066  UCA0RXBUF                     
00000067  UCA0TXBUF                     
00000068  UCB0CTL0                      
00000069  UCB0CTL1                      
0000006a  UCB0BR0                       
0000006b  UCB0BR1                       
0000006c  UCB0I2CIE                     
0000006d  UCB0STAT                      
0000006e  UCB0RXBUF                     
0000006f  UCB0TXBUF                     
00000118  UCB0I2COA                     
0000011a  UCB0I2CSA                     
0000011e  TA1IV                         
00000120  WDTCTL                        
00000128  FCTL1                         
0000012a  FCTL2                         
0000012c  FCTL3                         
0000012e  TA0IV                         
00000160  TA0CTL                        
00000162  TA0CCTL0                      
00000164  TA0CCTL1                      
00000166  TA0CCTL2                      
00000170  TA0R                          
00000172  TA0CCR0                       
00000174  TA0CCR1                       
00000176  TA0CCR2                       
00000180  TA1CTL                        
00000182  TA1CCTL0                      
00000184  TA1CCTL1                      
00000186  TA1CCTL2                      
00000190  TA1R                          
00000192  TA1CCR0                       
00000194  TA1CCR1                       
00000196  TA1CCR2                       
000001b0  ADC10CTL0                     
000001b2  ADC10CTL1                     
000001b4  ADC10MEM                      
000001bc  ADC10SA                       
00000281  buzzer_flag                   
00000282  timing_flag                   
00000283  run_flag                      
00000284  int_time                      
00000285  timing_time                   
00000286  date_day                      
00000288  date_month                    
0000028a  date_year                     
0000028c  time_hour                     
0000028d  time_min                      
0000028e  time_sec                      
0000028f  timing_hour                   
00000290  timing_min                    
00000291  StopWatch_ms                  
00000292  StopWatch_sec                 
00000293  StopWatch_min                 
00000294  StopWatch_hour                
00000295  StopWatch_mode                
0000029c  res_threshold                 
000002ac  I2C_State                     
000002b8  Knob_v                        
000002ba  tick                          
000002bc  touch_v                       
000002be  buzzer_time                   
000003b0  _stack                        
00000400  __STACK_END                   
000010c0  TLV_CHECKSUM                  
000010da  TLV_ADC10_1_TAG               
000010db  TLV_ADC10_1_LEN               
000010f6  TLV_DCO_30_TAG                
000010f7  TLV_DCO_30_LEN                
000010f8  CALDCO_16MHZ                  
000010f9  CALBC1_16MHZ                  
000010fa  CALDCO_12MHZ                  
000010fb  CALBC1_12MHZ                  
000010fc  CALDCO_8MHZ                   
000010fd  CALBC1_8MHZ                   
000010fe  CALDCO_1MHZ                   
000010ff  CALBC1_1MHZ                   
0000c000  menu_StopWatch                
0000c436  menu_main                     
0000c816  menu_SetDate                  
0000cb8e  menu_SetTime                  
0000ce94  menu_Timing                   
0000d192  menu_SetClock                 
0000d2f0  menu_all                      
0000d43c  oled_init                     
0000d576  adc_init                      
0000d612  oled_p8x16str                 
0000d6a0  oled_wrcmd                    
0000d72e  oled_wrdat                    
0000d7bc  oled_hexascii                 
0000d842  __TI_decompress_lzss          
0000d8be  Key_Measure_Freq              
0000d91e  tim_interrupt_init_ms         
0000d97e  time_run                      
0000d9da  PIT1_handler                  
0000da2c  Knob_check                    
0000da78  __mspabi_srli                 
0000da86  __mspabi_srli_15              
0000da8a  __mspabi_srli_14              
0000da8e  __mspabi_srli_13              
0000da92  __mspabi_srli_12              
0000da96  __mspabi_srli_11              
0000da9a  __mspabi_srli_10              
0000da9e  __mspabi_srli_9               
0000daa2  __mspabi_srli_8               
0000daa6  __mspabi_srli_7               
0000daaa  __mspabi_srli_6               
0000daae  __mspabi_srli_5               
0000dab2  __mspabi_srli_4               
0000dab6  __mspabi_srli_3               
0000daba  __mspabi_srli_2               
0000dabe  __mspabi_srli_1               
0000dac4  duty_10ms                     
0000dac4  timing_run                    
0000db0e  gpio_init                     
0000db56  oled_fill                     
0000db9c  __TI_auto_init_nobinit_nopinit
0000dbde  Key_FIFO                      
0000dc1c  USCIAB0TX_ISR                 
0000dc5a  buzzer_timing                 
0000dc94  main                          
0000dccc  duty_1ms                      
0000dd02  Knob_init                     
0000dd34  Touch_check                   
0000dd64  UART_Receive_ISR              
0000dd92  oled_set_pos                  
0000ddbe  __mspabi_srai                 
0000ddca  __mspabi_srai_15              
0000ddcc  __mspabi_srai_14              
0000ddce  __mspabi_srai_13              
0000ddd0  __mspabi_srai_12              
0000ddd2  __mspabi_srai_11              
0000ddd4  __mspabi_srai_10              
0000ddd6  __mspabi_srai_9               
0000ddd8  __mspabi_srai_8               
0000ddda  __mspabi_srai_7               
0000dddc  __mspabi_srai_6               
0000ddde  __mspabi_srai_5               
0000dde0  __mspabi_srai_4               
0000dde2  __mspabi_srai_3               
0000dde4  __mspabi_srai_2               
0000dde6  __mspabi_srai_1               
0000ddea  __mspabi_slli                 
0000ddf6  __mspabi_slli_15              
0000ddf8  __mspabi_slli_14              
0000ddfa  __mspabi_slli_13              
0000ddfc  __mspabi_slli_12              
0000ddfe  __mspabi_slli_11              
0000de00  __mspabi_slli_10              
0000de02  __mspabi_slli_9               
0000de04  __mspabi_slli_8               
0000de06  __mspabi_slli_7               
0000de08  __mspabi_slli_6               
0000de0a  __mspabi_slli_5               
0000de0c  __mspabi_slli_4               
0000de0e  __mspabi_slli_3               
0000de10  __mspabi_slli_2               
0000de12  __mspabi_slli_1               
0000de16  buzzer_int                    
0000de40  Key_Judge                     
0000de66  gpio_set                      
0000de8a  oled_uint16                   
0000deae  I2C_TxFrame_ISR               
0000ded0  Time1_Tick                    
0000def2  Clean_Key_Position            
0000df12  I2C_RxFrame_ISR               
0000df30  _c_int00_noargs               
0000df4c  WDT_ISR                       
0000df66  InitSystemClock               
0000df7e  __mspabi_divu                 
0000df7e  __mspabi_remu                 
0000df94  __TI_zero_init_nomemset       
0000dfa8  __mspabi_mpyi                 
0000dfa8  __mspabi_mpyi_sw              
0000dfbc  adc_get                       
0000dfce  __TI_decompress_none          
0000dfe0  memcpy                        
0000dff2  uart_putstr                   
0000e004  __mspabi_func_epilog_7        
0000e006  __mspabi_func_epilog_6        
0000e008  __mspabi_func_epilog_5        
0000e00a  __mspabi_func_epilog_4        
0000e00c  __mspabi_func_epilog_3        
0000e00e  __mspabi_func_epilog_2        
0000e010  __mspabi_func_epilog_1        
0000e014  TouchIN_Dect                  
0000e022  duty_1000ms                   
0000e030  strcpy_rewrite                
0000e03e  Port1_ISR                     
0000e04a  uart_putchar                  
0000e056  Change_Key_Position           
0000e060  Knob_Dect                     
0000e06a  Time0_Tick                    
0000e074  duty_25ms                     
0000e07e  __TI_ISR_TRAP                 
0000e086  C$$EXIT                       
0000e086  abort                         
0000e08c  _system_pre_init              
0000e090  Port2_ISR                     
0000e092  WDT_Ontime                    
0000e094  _system_post_cinit            
0000e096  oled_8x16                     
0000e796  __TI_Handler_Table_Base       
0000e79c  __TI_Handler_Table_Limit      
0000e7a0  __TI_CINIT_Base               
0000e7a8  __TI_CINIT_Limit              
0000e7a8  __TI_CINIT_Warm               
0000ffe0  __TI_int00                    
0000ffe4  __TI_int02                    
0000ffe6  __TI_int03                    
0000ffea  __TI_int05                    
0000ffec  __TI_int06                    
0000ffee  __TI_int07                    
0000fff0  __TI_int08                    
0000fff2  __TI_int09                    
0000fff4  __TI_int10                    
0000fff6  __TI_int11                    
0000fff8  __TI_int12                    
0000fffa  __TI_int13                    
0000fffc  __TI_int14                    
0000fffe  _reset_vector                 
ffffffff  __TI_pprof_out_hndl           
ffffffff  __TI_prof_data_size           
ffffffff  __TI_prof_data_start          
ffffffff  __c_args__                    

[273 symbols]
