<?xml version="1.0" encoding="ISO-8859-1" ?>
<link_info>
   <banner>MSP430 Linker PC v21.6.1.LTS</banner>
   <copyright>Copyright (c) 2003-2018 Texas Instruments Incorporated</copyright>
   <link_time>0x64945b0a</link_time>
   <link_errors>0x0</link_errors>
   <output_file>msp430g2553.out</output_file>
   <entry_point>
      <name>_c_int00_noargs</name>
      <address>0xdf30</address>
   </entry_point>
   <input_file_list>
      <input_file id="fl-2">
         <path>.\Libraries\libraries\</path>
         <kind>object</kind>
         <file>adc.obj</file>
         <name>adc.obj</name>
      </input_file>
      <input_file id="fl-3">
         <path>.\Libraries\libraries\</path>
         <kind>object</kind>
         <file>exti.obj</file>
         <name>exti.obj</name>
      </input_file>
      <input_file id="fl-4">
         <path>.\Libraries\libraries\</path>
         <kind>object</kind>
         <file>gpio.obj</file>
         <name>gpio.obj</name>
      </input_file>
      <input_file id="fl-5">
         <path>.\Libraries\libraries\</path>
         <kind>object</kind>
         <file>i2c.obj</file>
         <name>i2c.obj</name>
      </input_file>
      <input_file id="fl-6">
         <path>.\Libraries\libraries\</path>
         <kind>object</kind>
         <file>pit.obj</file>
         <name>pit.obj</name>
      </input_file>
      <input_file id="fl-7">
         <path>.\Libraries\libraries\</path>
         <kind>object</kind>
         <file>pwm.obj</file>
         <name>pwm.obj</name>
      </input_file>
      <input_file id="fl-8">
         <path>.\Libraries\libraries\</path>
         <kind>object</kind>
         <file>uart.obj</file>
         <name>uart.obj</name>
      </input_file>
      <input_file id="fl-9">
         <path>.\Libraries\peripheral\</path>
         <kind>object</kind>
         <file>FONT.obj</file>
         <name>FONT.obj</name>
      </input_file>
      <input_file id="fl-a">
         <path>.\Libraries\peripheral\</path>
         <kind>object</kind>
         <file>HT1621.obj</file>
         <name>HT1621.obj</name>
      </input_file>
      <input_file id="fl-b">
         <path>.\Libraries\peripheral\</path>
         <kind>object</kind>
         <file>LCD.obj</file>
         <name>LCD.obj</name>
      </input_file>
      <input_file id="fl-c">
         <path>.\Libraries\peripheral\</path>
         <kind>object</kind>
         <file>OLED.obj</file>
         <name>OLED.obj</name>
      </input_file>
      <input_file id="fl-d">
         <path>.\Libraries\peripheral\</path>
         <kind>object</kind>
         <file>TCA6416A.obj</file>
         <name>TCA6416A.obj</name>
      </input_file>
      <input_file id="fl-e">
         <path>.\Project\CODE\</path>
         <kind>object</kind>
         <file>knob.obj</file>
         <name>knob.obj</name>
      </input_file>
      <input_file id="fl-f">
         <path>.\Project\CODE\</path>
         <kind>object</kind>
         <file>loop.obj</file>
         <name>loop.obj</name>
      </input_file>
      <input_file id="fl-10">
         <path>.\Project\CODE\</path>
         <kind>object</kind>
         <file>menu.obj</file>
         <name>menu.obj</name>
      </input_file>
      <input_file id="fl-11">
         <path>.\Project\CODE\</path>
         <kind>object</kind>
         <file>touch.obj</file>
         <name>touch.obj</name>
      </input_file>
      <input_file id="fl-12">
         <path>.\Project\USER\scr\</path>
         <kind>object</kind>
         <file>isr.obj</file>
         <name>isr.obj</name>
      </input_file>
      <input_file id="fl-13">
         <path>.\Project\USER\scr\</path>
         <kind>object</kind>
         <file>main.obj</file>
         <name>main.obj</name>
      </input_file>
      <input_file id="fl-18">
         <kind>object</kind>
         <file>&lt;internal&gt;</file>
         <name>&lt;internal&gt;</name>
      </input_file>
      <input_file id="fl-2e">
         <path>E:\ccs1230\ccs\tools\compiler\ti-cgt-msp430_21.6.1.LTS\lib\</path>
         <kind>archive</kind>
         <file>rts430_eabi.lib</file>
         <name>asr16.asm.obj</name>
      </input_file>
      <input_file id="fl-2f">
         <path>E:\ccs1230\ccs\tools\compiler\ti-cgt-msp430_21.6.1.LTS\lib\</path>
         <kind>archive</kind>
         <file>rts430_eabi.lib</file>
         <name>div16s.asm.obj</name>
      </input_file>
      <input_file id="fl-30">
         <path>E:\ccs1230\ccs\tools\compiler\ti-cgt-msp430_21.6.1.LTS\lib\</path>
         <kind>archive</kind>
         <file>rts430_eabi.lib</file>
         <name>div16u.asm.obj</name>
      </input_file>
      <input_file id="fl-31">
         <path>E:\ccs1230\ccs\tools\compiler\ti-cgt-msp430_21.6.1.LTS\lib\</path>
         <kind>archive</kind>
         <file>rts430_eabi.lib</file>
         <name>div32s.asm.obj</name>
      </input_file>
      <input_file id="fl-32">
         <path>E:\ccs1230\ccs\tools\compiler\ti-cgt-msp430_21.6.1.LTS\lib\</path>
         <kind>archive</kind>
         <file>rts430_eabi.lib</file>
         <name>div32u.asm.obj</name>
      </input_file>
      <input_file id="fl-33">
         <path>E:\ccs1230\ccs\tools\compiler\ti-cgt-msp430_21.6.1.LTS\lib\</path>
         <kind>archive</kind>
         <file>rts430_eabi.lib</file>
         <name>epilog.asm.obj</name>
      </input_file>
      <input_file id="fl-34">
         <path>E:\ccs1230\ccs\tools\compiler\ti-cgt-msp430_21.6.1.LTS\lib\</path>
         <kind>archive</kind>
         <file>rts430_eabi.lib</file>
         <name>fs_add.asm.obj</name>
      </input_file>
      <input_file id="fl-35">
         <path>E:\ccs1230\ccs\tools\compiler\ti-cgt-msp430_21.6.1.LTS\lib\</path>
         <kind>archive</kind>
         <file>rts430_eabi.lib</file>
         <name>fs_cmp.asm.obj</name>
      </input_file>
      <input_file id="fl-36">
         <path>E:\ccs1230\ccs\tools\compiler\ti-cgt-msp430_21.6.1.LTS\lib\</path>
         <kind>archive</kind>
         <file>rts430_eabi.lib</file>
         <name>fs_div.asm.obj</name>
      </input_file>
      <input_file id="fl-37">
         <path>E:\ccs1230\ccs\tools\compiler\ti-cgt-msp430_21.6.1.LTS\lib\</path>
         <kind>archive</kind>
         <file>rts430_eabi.lib</file>
         <name>fs_itof.asm.obj</name>
      </input_file>
      <input_file id="fl-38">
         <path>E:\ccs1230\ccs\tools\compiler\ti-cgt-msp430_21.6.1.LTS\lib\</path>
         <kind>archive</kind>
         <file>rts430_eabi.lib</file>
         <name>fs_mpy.asm.obj</name>
      </input_file>
      <input_file id="fl-39">
         <path>E:\ccs1230\ccs\tools\compiler\ti-cgt-msp430_21.6.1.LTS\lib\</path>
         <kind>archive</kind>
         <file>rts430_eabi.lib</file>
         <name>fs_neg.asm.obj</name>
      </input_file>
      <input_file id="fl-3a">
         <path>E:\ccs1230\ccs\tools\compiler\ti-cgt-msp430_21.6.1.LTS\lib\</path>
         <kind>archive</kind>
         <file>rts430_eabi.lib</file>
         <name>fs_toi.asm.obj</name>
      </input_file>
      <input_file id="fl-3b">
         <path>E:\ccs1230\ccs\tools\compiler\ti-cgt-msp430_21.6.1.LTS\lib\</path>
         <kind>archive</kind>
         <file>rts430_eabi.lib</file>
         <name>fs_utof.asm.obj</name>
      </input_file>
      <input_file id="fl-3c">
         <path>E:\ccs1230\ccs\tools\compiler\ti-cgt-msp430_21.6.1.LTS\lib\</path>
         <kind>archive</kind>
         <file>rts430_eabi.lib</file>
         <name>int00.asm.obj</name>
      </input_file>
      <input_file id="fl-3d">
         <path>E:\ccs1230\ccs\tools\compiler\ti-cgt-msp430_21.6.1.LTS\lib\</path>
         <kind>archive</kind>
         <file>rts430_eabi.lib</file>
         <name>int05.asm.obj</name>
      </input_file>
      <input_file id="fl-3e">
         <path>E:\ccs1230\ccs\tools\compiler\ti-cgt-msp430_21.6.1.LTS\lib\</path>
         <kind>archive</kind>
         <file>rts430_eabi.lib</file>
         <name>int09.asm.obj</name>
      </input_file>
      <input_file id="fl-3f">
         <path>E:\ccs1230\ccs\tools\compiler\ti-cgt-msp430_21.6.1.LTS\lib\</path>
         <kind>archive</kind>
         <file>rts430_eabi.lib</file>
         <name>int11.asm.obj</name>
      </input_file>
      <input_file id="fl-40">
         <path>E:\ccs1230\ccs\tools\compiler\ti-cgt-msp430_21.6.1.LTS\lib\</path>
         <kind>archive</kind>
         <file>rts430_eabi.lib</file>
         <name>int13.asm.obj</name>
      </input_file>
      <input_file id="fl-41">
         <path>E:\ccs1230\ccs\tools\compiler\ti-cgt-msp430_21.6.1.LTS\lib\</path>
         <kind>archive</kind>
         <file>rts430_eabi.lib</file>
         <name>int14.asm.obj</name>
      </input_file>
      <input_file id="fl-42">
         <path>E:\ccs1230\ccs\tools\compiler\ti-cgt-msp430_21.6.1.LTS\lib\</path>
         <kind>archive</kind>
         <file>rts430_eabi.lib</file>
         <name>isr_trap.asm.obj</name>
      </input_file>
      <input_file id="fl-43">
         <path>E:\ccs1230\ccs\tools\compiler\ti-cgt-msp430_21.6.1.LTS\lib\</path>
         <kind>archive</kind>
         <file>rts430_eabi.lib</file>
         <name>lsl16.asm.obj</name>
      </input_file>
      <input_file id="fl-44">
         <path>E:\ccs1230\ccs\tools\compiler\ti-cgt-msp430_21.6.1.LTS\lib\</path>
         <kind>archive</kind>
         <file>rts430_eabi.lib</file>
         <name>lsr16.asm.obj</name>
      </input_file>
      <input_file id="fl-45">
         <path>E:\ccs1230\ccs\tools\compiler\ti-cgt-msp430_21.6.1.LTS\lib\</path>
         <kind>archive</kind>
         <file>rts430_eabi.lib</file>
         <name>mult16.asm.obj</name>
      </input_file>
      <input_file id="fl-46">
         <path>E:\ccs1230\ccs\tools\compiler\ti-cgt-msp430_21.6.1.LTS\lib\</path>
         <kind>archive</kind>
         <file>rts430_eabi.lib</file>
         <name>boot.c.obj</name>
      </input_file>
      <input_file id="fl-47">
         <path>E:\ccs1230\ccs\tools\compiler\ti-cgt-msp430_21.6.1.LTS\lib\</path>
         <kind>archive</kind>
         <file>rts430_eabi.lib</file>
         <name>autoinit.c.obj</name>
      </input_file>
      <input_file id="fl-48">
         <path>E:\ccs1230\ccs\tools\compiler\ti-cgt-msp430_21.6.1.LTS\lib\</path>
         <kind>archive</kind>
         <file>rts430_eabi.lib</file>
         <name>copy_zero_init.c.obj</name>
      </input_file>
      <input_file id="fl-49">
         <path>E:\ccs1230\ccs\tools\compiler\ti-cgt-msp430_21.6.1.LTS\lib\</path>
         <kind>archive</kind>
         <file>rts430_eabi.lib</file>
         <name>cpy_tbl.c.obj</name>
      </input_file>
      <input_file id="fl-4a">
         <path>E:\ccs1230\ccs\tools\compiler\ti-cgt-msp430_21.6.1.LTS\lib\</path>
         <kind>archive</kind>
         <file>rts430_eabi.lib</file>
         <name>mpu_init.c.obj</name>
      </input_file>
      <input_file id="fl-4b">
         <path>E:\ccs1230\ccs\tools\compiler\ti-cgt-msp430_21.6.1.LTS\lib\</path>
         <kind>archive</kind>
         <file>rts430_eabi.lib</file>
         <name>lsr64.c.obj</name>
      </input_file>
      <input_file id="fl-4c">
         <path>E:\ccs1230\ccs\tools\compiler\ti-cgt-msp430_21.6.1.LTS\lib\</path>
         <kind>archive</kind>
         <file>rts430_eabi.lib</file>
         <name>pre_init.c.obj</name>
      </input_file>
      <input_file id="fl-4d">
         <path>E:\ccs1230\ccs\tools\compiler\ti-cgt-msp430_21.6.1.LTS\lib\</path>
         <kind>archive</kind>
         <file>rts430_eabi.lib</file>
         <name>startup.c.obj</name>
      </input_file>
      <input_file id="fl-4e">
         <path>E:\ccs1230\ccs\tools\compiler\ti-cgt-msp430_21.6.1.LTS\lib\</path>
         <kind>archive</kind>
         <file>rts430_eabi.lib</file>
         <name>copy_decompress_none.c.obj</name>
      </input_file>
      <input_file id="fl-4f">
         <path>E:\ccs1230\ccs\tools\compiler\ti-cgt-msp430_21.6.1.LTS\lib\</path>
         <kind>archive</kind>
         <file>rts430_eabi.lib</file>
         <name>copy_decompress_lzss.c.obj</name>
      </input_file>
      <input_file id="fl-50">
         <path>E:\ccs1230\ccs\tools\compiler\ti-cgt-msp430_21.6.1.LTS\lib\</path>
         <kind>archive</kind>
         <file>rts430_eabi.lib</file>
         <name>cmpd.c.obj</name>
      </input_file>
      <input_file id="fl-51">
         <path>E:\ccs1230\ccs\tools\compiler\ti-cgt-msp430_21.6.1.LTS\lib\</path>
         <kind>archive</kind>
         <file>rts430_eabi.lib</file>
         <name>exit.c.obj</name>
      </input_file>
      <input_file id="fl-52">
         <path>E:\ccs1230\ccs\tools\compiler\ti-cgt-msp430_21.6.1.LTS\lib\</path>
         <kind>archive</kind>
         <file>rts430_eabi.lib</file>
         <name>_lock.c.obj</name>
      </input_file>
      <input_file id="fl-53">
         <path>E:\ccs1230\ccs\tools\compiler\ti-cgt-msp430_21.6.1.LTS\lib\</path>
         <kind>archive</kind>
         <file>rts430_eabi.lib</file>
         <name>args_main.c.obj</name>
      </input_file>
      <input_file id="fl-54">
         <path>E:\ccs1230\ccs\tools\compiler\ti-cgt-msp430_21.6.1.LTS\lib\</path>
         <kind>archive</kind>
         <file>rts430_eabi.lib</file>
         <name>memcpy.c.obj</name>
      </input_file>
      <input_file id="fl-55">
         <path>E:\ccs1230\ccs\tools\compiler\ti-cgt-msp430_21.6.1.LTS\lib\</path>
         <kind>archive</kind>
         <file>rts430_eabi.lib</file>
         <name>memset.c.obj</name>
      </input_file>
      <input_file id="fl-56">
         <path>E:\ccs1230\ccs\tools\compiler\ti-cgt-msp430_21.6.1.LTS\lib\</path>
         <kind>archive</kind>
         <file>rts430_eabi.lib</file>
         <name>exit_gvars.c.obj</name>
      </input_file>
   </input_file_list>
   <object_component_list>
      <object_component id="oc-1c0">
         <name>.bss</name>
         <uninitialized>true</uninitialized>
         <run_address>0x2b2</run_address>
         <size>0x4</size>
         <input_file_ref idref="fl-5"/>
      </object_component>
      <object_component id="oc-3cf">
         <name>.bss</name>
         <uninitialized>true</uninitialized>
         <run_address>0x2b6</run_address>
         <size>0x2</size>
         <input_file_ref idref="fl-11"/>
      </object_component>
      <object_component id="oc-1da">
         <name>.common:tick</name>
         <uninitialized>true</uninitialized>
         <run_address>0x2ba</run_address>
         <size>0x2</size>
      </object_component>
      <object_component id="oc-272">
         <name>.common:buzzer_time</name>
         <uninitialized>true</uninitialized>
         <run_address>0x2be</run_address>
         <size>0x1</size>
      </object_component>
      <object_component id="oc-2ed">
         <name>.common:touch_v</name>
         <uninitialized>true</uninitialized>
         <run_address>0x2bc</run_address>
         <size>0x2</size>
      </object_component>
      <object_component id="oc-2e4">
         <name>.common:Knob_v</name>
         <uninitialized>true</uninitialized>
         <run_address>0x2b8</run_address>
         <size>0x2</size>
      </object_component>
      <object_component id="oc-163">
         <name>.data</name>
         <load_address>0x2aa</load_address>
         <run_address>0x2aa</run_address>
         <size>0x3</size>
         <input_file_ref idref="fl-5"/>
      </object_component>
      <object_component id="oc-2a8">
         <name>.data</name>
         <load_address>0x296</load_address>
         <run_address>0x296</run_address>
         <size>0x7</size>
         <input_file_ref idref="fl-e"/>
      </object_component>
      <object_component id="oc-26f">
         <name>.data</name>
         <load_address>0x280</load_address>
         <run_address>0x280</run_address>
         <size>0x16</size>
         <input_file_ref idref="fl-10"/>
      </object_component>
      <object_component id="oc-3d9">
         <name>.data:FREQ_THRESHOLD_MAX</name>
         <load_address>0x29e</load_address>
         <run_address>0x29e</run_address>
         <size>0x4</size>
         <input_file_ref idref="fl-11"/>
      </object_component>
      <object_component id="oc-3d6">
         <name>.data:FREQ_THRESHOLD_MIN</name>
         <load_address>0x2a2</load_address>
         <run_address>0x2a2</run_address>
         <size>0x4</size>
         <input_file_ref idref="fl-11"/>
      </object_component>
      <object_component id="oc-3d3">
         <name>.data:Key_Buff</name>
         <load_address>0x2a6</load_address>
         <run_address>0x2a6</run_address>
         <size>0x4</size>
         <input_file_ref idref="fl-11"/>
      </object_component>
      <object_component id="oc-3cc">
         <name>.data</name>
         <load_address>0x2b0</load_address>
         <run_address>0x2b0</run_address>
         <size>0x2</size>
         <input_file_ref idref="fl-11"/>
      </object_component>
      <object_component id="oc-379">
         <name>.data:state</name>
         <load_address>0x2ae</load_address>
         <run_address>0x2ae</run_address>
         <size>0x2</size>
         <input_file_ref idref="fl-11"/>
      </object_component>
      <object_component id="oc-173">
         <name>.data:rx_buf$1</name>
         <load_address>0x200</load_address>
         <run_address>0x200</run_address>
         <size>0x80</size>
         <input_file_ref idref="fl-12"/>
      </object_component>
      <object_component id="oc-b1">
         <name>.stack</name>
         <uninitialized>true</uninitialized>
         <run_address>0x3b0</run_address>
         <size>0x2</size>
         <input_file_ref idref="fl-46"/>
      </object_component>
      <object_component id="oc-452">
         <name>.stack</name>
         <uninitialized>true</uninitialized>
         <run_address>0x3b0</run_address>
         <size>0x0</size>
      </object_component>
      <object_component id="oc-38a">
         <name>.text:menu_StopWatch</name>
         <load_address>0xc000</load_address>
         <run_address>0xc000</run_address>
         <size>0x436</size>
         <input_file_ref idref="fl-10"/>
      </object_component>
      <object_component id="oc-2ee">
         <name>.text:menu_main</name>
         <load_address>0xc436</load_address>
         <run_address>0xc436</run_address>
         <size>0x3e0</size>
         <input_file_ref idref="fl-10"/>
      </object_component>
      <object_component id="oc-2fa">
         <name>.text:menu_SetDate</name>
         <load_address>0xc816</load_address>
         <run_address>0xc816</run_address>
         <size>0x378</size>
         <input_file_ref idref="fl-10"/>
      </object_component>
      <object_component id="oc-396">
         <name>.text:menu_SetTime</name>
         <load_address>0xcb8e</load_address>
         <run_address>0xcb8e</run_address>
         <size>0x306</size>
         <input_file_ref idref="fl-10"/>
      </object_component>
      <object_component id="oc-390">
         <name>.text:menu_Timing</name>
         <load_address>0xce94</load_address>
         <run_address>0xce94</run_address>
         <size>0x2fe</size>
         <input_file_ref idref="fl-10"/>
      </object_component>
      <object_component id="oc-2f4">
         <name>.text:menu_SetClock</name>
         <load_address>0xd192</load_address>
         <run_address>0xd192</run_address>
         <size>0x15e</size>
         <input_file_ref idref="fl-10"/>
      </object_component>
      <object_component id="oc-216">
         <name>.text:menu_all</name>
         <load_address>0xd2f0</load_address>
         <run_address>0xd2f0</run_address>
         <size>0x14c</size>
         <input_file_ref idref="fl-10"/>
      </object_component>
      <object_component id="oc-204">
         <name>.text:oled_init</name>
         <load_address>0xd43c</load_address>
         <run_address>0xd43c</run_address>
         <size>0x13a</size>
         <input_file_ref idref="fl-c"/>
      </object_component>
      <object_component id="oc-29c">
         <name>.text:adc_init</name>
         <load_address>0xd576</load_address>
         <run_address>0xd576</run_address>
         <size>0x9c</size>
         <input_file_ref idref="fl-2"/>
      </object_component>
      <object_component id="oc-2d2">
         <name>.text:oled_p8x16str</name>
         <load_address>0xd612</load_address>
         <run_address>0xd612</run_address>
         <size>0x8e</size>
         <input_file_ref idref="fl-c"/>
      </object_component>
      <object_component id="oc-2ac">
         <name>.text:oled_wrcmd</name>
         <load_address>0xd6a0</load_address>
         <run_address>0xd6a0</run_address>
         <size>0x8e</size>
         <input_file_ref idref="fl-c"/>
      </object_component>
      <object_component id="oc-357">
         <name>.text:oled_wrdat</name>
         <load_address>0xd72e</load_address>
         <run_address>0xd72e</run_address>
         <size>0x8e</size>
         <input_file_ref idref="fl-c"/>
      </object_component>
      <object_component id="oc-3e8">
         <name>.text:oled_hexascii</name>
         <load_address>0xd7bc</load_address>
         <run_address>0xd7bc</run_address>
         <size>0x86</size>
         <input_file_ref idref="fl-c"/>
      </object_component>
      <object_component id="oc-34">
         <name>.text:decompress:lzss:__TI_decompress_lzss</name>
         <load_address>0xd842</load_address>
         <run_address>0xd842</run_address>
         <size>0x7c</size>
         <input_file_ref idref="fl-4f"/>
      </object_component>
      <object_component id="oc-33b">
         <name>.text:Key_Measure_Freq</name>
         <load_address>0xd8be</load_address>
         <run_address>0xd8be</run_address>
         <size>0x60</size>
         <input_file_ref idref="fl-11"/>
      </object_component>
      <object_component id="oc-210">
         <name>.text:tim_interrupt_init_ms</name>
         <load_address>0xd91e</load_address>
         <run_address>0xd91e</run_address>
         <size>0x60</size>
         <input_file_ref idref="fl-6"/>
      </object_component>
      <object_component id="oc-289">
         <name>.text:time_run</name>
         <load_address>0xd97e</load_address>
         <run_address>0xd97e</run_address>
         <size>0x5c</size>
         <input_file_ref idref="fl-10"/>
      </object_component>
      <object_component id="oc-184">
         <name>.text:PIT1_handler</name>
         <load_address>0xd9da</load_address>
         <run_address>0xd9da</run_address>
         <size>0x52</size>
         <input_file_ref idref="fl-f"/>
      </object_component>
      <object_component id="oc-2de">
         <name>.text:Knob_check</name>
         <load_address>0xda2c</load_address>
         <run_address>0xda2c</run_address>
         <size>0x4c</size>
         <input_file_ref idref="fl-e"/>
      </object_component>
      <object_component id="oc-ba">
         <name>.text</name>
         <load_address>0xda78</load_address>
         <run_address>0xda78</run_address>
         <size>0x4c</size>
         <input_file_ref idref="fl-44"/>
      </object_component>
      <object_component id="oc-1e8">
         <name>.text:timing_run</name>
         <load_address>0xdac4</load_address>
         <run_address>0xdac4</run_address>
         <size>0x4a</size>
         <input_file_ref idref="fl-10"/>
      </object_component>
      <object_component id="oc-20a">
         <name>.text:gpio_init</name>
         <load_address>0xdb0e</load_address>
         <run_address>0xdb0e</run_address>
         <size>0x48</size>
         <input_file_ref idref="fl-4"/>
      </object_component>
      <object_component id="oc-2b2">
         <name>.text:oled_fill</name>
         <load_address>0xdb56</load_address>
         <run_address>0xdb56</run_address>
         <size>0x46</size>
         <input_file_ref idref="fl-c"/>
      </object_component>
      <object_component id="oc-229">
         <name>.text:__TI_auto_init_nobinit_nopinit:__TI_auto_init_nobinit_nopinit</name>
         <load_address>0xdb9c</load_address>
         <run_address>0xdb9c</run_address>
         <size>0x42</size>
         <input_file_ref idref="fl-47"/>
      </object_component>
      <object_component id="oc-341">
         <name>.text:Key_FIFO</name>
         <load_address>0xdbde</load_address>
         <run_address>0xdbde</run_address>
         <size>0x3e</size>
         <input_file_ref idref="fl-11"/>
      </object_component>
      <object_component id="oc-ed">
         <name>.text:USCIAB0TX_ISR</name>
         <load_address>0xdc1c</load_address>
         <run_address>0xdc1c</run_address>
         <size>0x3e</size>
         <input_file_ref idref="fl-5"/>
      </object_component>
      <object_component id="oc-295">
         <name>.text:buzzer_timing</name>
         <load_address>0xdc5a</load_address>
         <run_address>0xdc5a</run_address>
         <size>0x3a</size>
         <input_file_ref idref="fl-10"/>
      </object_component>
      <object_component id="oc-199">
         <name>.text:main</name>
         <load_address>0xdc94</load_address>
         <run_address>0xdc94</run_address>
         <size>0x38</size>
         <input_file_ref idref="fl-13"/>
      </object_component>
      <object_component id="oc-1dd">
         <name>.text:duty_1ms</name>
         <load_address>0xdccc</load_address>
         <run_address>0xdccc</run_address>
         <size>0x36</size>
         <input_file_ref idref="fl-f"/>
      </object_component>
      <object_component id="oc-1fe">
         <name>.text:Knob_init</name>
         <load_address>0xdd02</load_address>
         <run_address>0xdd02</run_address>
         <size>0x32</size>
         <input_file_ref idref="fl-e"/>
      </object_component>
      <object_component id="oc-2e7">
         <name>.text:Touch_check</name>
         <load_address>0xdd34</load_address>
         <run_address>0xdd34</run_address>
         <size>0x30</size>
         <input_file_ref idref="fl-11"/>
      </object_component>
      <object_component id="oc-f3">
         <name>.text:UART_Receive_ISR</name>
         <load_address>0xdd64</load_address>
         <run_address>0xdd64</run_address>
         <size>0x2e</size>
         <input_file_ref idref="fl-12"/>
      </object_component>
      <object_component id="oc-2b8">
         <name>.text:oled_set_pos</name>
         <load_address>0xdd92</load_address>
         <run_address>0xdd92</run_address>
         <size>0x2c</size>
         <input_file_ref idref="fl-c"/>
      </object_component>
      <object_component id="oc-35e">
         <name>.text</name>
         <load_address>0xddbe</load_address>
         <run_address>0xddbe</run_address>
         <size>0x2c</size>
         <input_file_ref idref="fl-2e"/>
      </object_component>
      <object_component id="oc-b5">
         <name>.text</name>
         <load_address>0xddea</load_address>
         <run_address>0xddea</run_address>
         <size>0x2c</size>
         <input_file_ref idref="fl-43"/>
      </object_component>
      <object_component id="oc-28f">
         <name>.text:buzzer_int</name>
         <load_address>0xde16</load_address>
         <run_address>0xde16</run_address>
         <size>0x2a</size>
         <input_file_ref idref="fl-10"/>
      </object_component>
      <object_component id="oc-347">
         <name>.text:Key_Judge</name>
         <load_address>0xde40</load_address>
         <run_address>0xde40</run_address>
         <size>0x26</size>
         <input_file_ref idref="fl-11"/>
      </object_component>
      <object_component id="oc-273">
         <name>.text:gpio_set</name>
         <load_address>0xde66</load_address>
         <run_address>0xde66</run_address>
         <size>0x24</size>
         <input_file_ref idref="fl-4"/>
      </object_component>
      <object_component id="oc-37d">
         <name>.text:oled_uint16</name>
         <load_address>0xde8a</load_address>
         <run_address>0xde8a</run_address>
         <size>0x24</size>
         <input_file_ref idref="fl-c"/>
      </object_component>
      <object_component id="oc-166">
         <name>.text:I2C_TxFrame_ISR</name>
         <load_address>0xdeae</load_address>
         <run_address>0xdeae</run_address>
         <size>0x22</size>
         <input_file_ref idref="fl-5"/>
      </object_component>
      <object_component id="oc-105">
         <name>.text:Time1_Tick</name>
         <load_address>0xded0</load_address>
         <run_address>0xded0</run_address>
         <size>0x22</size>
         <input_file_ref idref="fl-12"/>
      </object_component>
      <object_component id="oc-2d8">
         <name>.text:Clean_Key_Position</name>
         <load_address>0xdef2</load_address>
         <run_address>0xdef2</run_address>
         <size>0x20</size>
         <input_file_ref idref="fl-10"/>
      </object_component>
      <object_component id="oc-16c">
         <name>.text:I2C_RxFrame_ISR</name>
         <load_address>0xdf12</load_address>
         <run_address>0xdf12</run_address>
         <size>0x1e</size>
         <input_file_ref idref="fl-5"/>
      </object_component>
      <object_component id="oc-11d">
         <name>.text:_c_int00_noargs</name>
         <load_address>0xdf30</load_address>
         <run_address>0xdf30</run_address>
         <size>0x1c</size>
         <input_file_ref idref="fl-46"/>
      </object_component>
      <object_component id="oc-ff">
         <name>.text:WDT_ISR</name>
         <load_address>0xdf4c</load_address>
         <run_address>0xdf4c</run_address>
         <size>0x1a</size>
         <input_file_ref idref="fl-12"/>
      </object_component>
      <object_component id="oc-2c0">
         <name>.text:InitSystemClock</name>
         <load_address>0xdf66</load_address>
         <run_address>0xdf66</run_address>
         <size>0x18</size>
         <input_file_ref idref="fl-6"/>
      </object_component>
      <object_component id="oc-1e3">
         <name>.text</name>
         <load_address>0xdf7e</load_address>
         <run_address>0xdf7e</run_address>
         <size>0x16</size>
         <input_file_ref idref="fl-30"/>
      </object_component>
      <object_component id="oc-10b">
         <name>.text:decompress:ZI:__TI_zero_init_nomemset:__TI_zero_init_nomemset</name>
         <load_address>0xdf94</load_address>
         <run_address>0xdf94</run_address>
         <size>0x14</size>
         <input_file_ref idref="fl-48"/>
      </object_component>
      <object_component id="oc-2c6">
         <name>.text</name>
         <load_address>0xdfa8</load_address>
         <run_address>0xdfa8</run_address>
         <size>0x14</size>
         <input_file_ref idref="fl-45"/>
      </object_component>
      <object_component id="oc-2a2">
         <name>.text:adc_get</name>
         <load_address>0xdfbc</load_address>
         <run_address>0xdfbc</run_address>
         <size>0x12</size>
         <input_file_ref idref="fl-2"/>
      </object_component>
      <object_component id="oc-3a">
         <name>.text:decompress:none:__TI_decompress_none</name>
         <load_address>0xdfce</load_address>
         <run_address>0xdfce</run_address>
         <size>0x12</size>
         <input_file_ref idref="fl-4e"/>
      </object_component>
      <object_component id="oc-cf">
         <name>.text:memcpy</name>
         <load_address>0xdfe0</load_address>
         <run_address>0xdfe0</run_address>
         <size>0x12</size>
         <input_file_ref idref="fl-54"/>
      </object_component>
      <object_component id="oc-174">
         <name>.text:uart_putstr</name>
         <load_address>0xdff2</load_address>
         <run_address>0xdff2</run_address>
         <size>0x12</size>
         <input_file_ref idref="fl-8"/>
      </object_component>
      <object_component id="oc-bf">
         <name>.text</name>
         <load_address>0xe004</load_address>
         <run_address>0xe004</run_address>
         <size>0x10</size>
         <input_file_ref idref="fl-33"/>
      </object_component>
      <object_component id="oc-27c">
         <name>.text:TouchIN_Dect</name>
         <load_address>0xe014</load_address>
         <run_address>0xe014</run_address>
         <size>0xe</size>
         <input_file_ref idref="fl-11"/>
      </object_component>
      <object_component id="oc-1f4">
         <name>.text:duty_1000ms</name>
         <load_address>0xe022</load_address>
         <run_address>0xe022</run_address>
         <size>0xe</size>
         <input_file_ref idref="fl-f"/>
      </object_component>
      <object_component id="oc-384">
         <name>.text:strcpy_rewrite</name>
         <load_address>0xe030</load_address>
         <run_address>0xe030</run_address>
         <size>0xe</size>
         <input_file_ref idref="fl-10"/>
      </object_component>
      <object_component id="oc-e1">
         <name>.text:Port1_ISR</name>
         <load_address>0xe03e</load_address>
         <run_address>0xe03e</run_address>
         <size>0xc</size>
         <input_file_ref idref="fl-12"/>
      </object_component>
      <object_component id="oc-1c5">
         <name>.text:uart_putchar</name>
         <load_address>0xe04a</load_address>
         <run_address>0xe04a</run_address>
         <size>0xc</size>
         <input_file_ref idref="fl-8"/>
      </object_component>
      <object_component id="oc-39d">
         <name>.text:Change_Key_Position</name>
         <load_address>0xe056</load_address>
         <run_address>0xe056</run_address>
         <size>0xa</size>
         <input_file_ref idref="fl-10"/>
      </object_component>
      <object_component id="oc-282">
         <name>.text:Knob_Dect</name>
         <load_address>0xe060</load_address>
         <run_address>0xe060</run_address>
         <size>0xa</size>
         <input_file_ref idref="fl-e"/>
      </object_component>
      <object_component id="oc-f9">
         <name>.text:Time0_Tick</name>
         <load_address>0xe06a</load_address>
         <run_address>0xe06a</run_address>
         <size>0xa</size>
         <input_file_ref idref="fl-12"/>
      </object_component>
      <object_component id="oc-1ee">
         <name>.text:duty_25ms</name>
         <load_address>0xe074</load_address>
         <run_address>0xe074</run_address>
         <size>0xa</size>
         <input_file_ref idref="fl-f"/>
      </object_component>
      <object_component id="oc-dc">
         <name>.text:_isr:__TI_ISR_TRAP</name>
         <load_address>0xe07e</load_address>
         <run_address>0xe07e</run_address>
         <size>0x8</size>
         <input_file_ref idref="fl-42"/>
      </object_component>
      <object_component id="oc-21d">
         <name>.text:abort</name>
         <load_address>0xe086</load_address>
         <run_address>0xe086</run_address>
         <size>0x6</size>
         <input_file_ref idref="fl-51"/>
      </object_component>
      <object_component id="oc-193">
         <name>.text:_system_pre_init</name>
         <load_address>0xe08c</load_address>
         <run_address>0xe08c</run_address>
         <size>0x4</size>
         <input_file_ref idref="fl-4c"/>
      </object_component>
      <object_component id="oc-e7">
         <name>.text:Port2_ISR</name>
         <load_address>0xe090</load_address>
         <run_address>0xe090</run_address>
         <size>0x2</size>
         <input_file_ref idref="fl-12"/>
      </object_component>
      <object_component id="oc-17d">
         <name>.text:WDT_Ontime</name>
         <load_address>0xe092</load_address>
         <run_address>0xe092</run_address>
         <size>0x2</size>
         <input_file_ref idref="fl-f"/>
      </object_component>
      <object_component id="oc-313">
         <name>.text:_system_post_cinit</name>
         <load_address>0xe094</load_address>
         <run_address>0xe094</run_address>
         <size>0x2</size>
         <input_file_ref idref="fl-4d"/>
      </object_component>
      <object_component id="oc-451">
         <name>.cinit..data.load</name>
         <load_address>0xe772</load_address>
         <run_address>0xe772</run_address>
         <size>0x24</size>
      </object_component>
      <object_component id="oc-44e">
         <name>__TI_handler_table</name>
         <load_address>0xe796</load_address>
         <run_address>0xe796</run_address>
         <size>0x6</size>
      </object_component>
      <object_component id="oc-450">
         <name>.cinit..bss.load</name>
         <load_address>0xe79c</load_address>
         <run_address>0xe79c</run_address>
         <size>0x4</size>
      </object_component>
      <object_component id="oc-44f">
         <name>__TI_cinit_table</name>
         <load_address>0xe7a0</load_address>
         <run_address>0xe7a0</run_address>
         <size>0x8</size>
      </object_component>
      <object_component id="oc-366">
         <name>.const:.string:oled_8x16</name>
         <load_address>0xe096</load_address>
         <run_address>0xe096</run_address>
         <size>0x5f0</size>
         <input_file_ref idref="fl-9"/>
      </object_component>
      <object_component id="oc-2d1">
         <name>.const:.string</name>
         <load_address>0xe686</load_address>
         <run_address>0xe686</run_address>
         <size>0xec</size>
         <input_file_ref idref="fl-10"/>
      </object_component>
      <object_component id="oc-410">
         <name>.binit</name>
         <load_address>0xc000</load_address>
         <run_address>0xc000</run_address>
         <size>0x0</size>
      </object_component>
      <object_component id="oc-40">
         <name>.int00</name>
         <load_address>0xffe0</load_address>
         <run_address>0xffe0</run_address>
         <size>0x2</size>
         <input_file_ref idref="fl-3c"/>
      </object_component>
      <object_component id="oc-41">
         <name>.int02</name>
         <load_address>0xffe4</load_address>
         <run_address>0xffe4</run_address>
         <size>0x2</size>
         <input_file_ref idref="fl-12"/>
      </object_component>
      <object_component id="oc-42">
         <name>.int03</name>
         <load_address>0xffe6</load_address>
         <run_address>0xffe6</run_address>
         <size>0x2</size>
         <input_file_ref idref="fl-12"/>
      </object_component>
      <object_component id="oc-43">
         <name>.int05</name>
         <load_address>0xffea</load_address>
         <run_address>0xffea</run_address>
         <size>0x2</size>
         <input_file_ref idref="fl-3d"/>
      </object_component>
      <object_component id="oc-44">
         <name>.int06</name>
         <load_address>0xffec</load_address>
         <run_address>0xffec</run_address>
         <size>0x2</size>
         <input_file_ref idref="fl-5"/>
      </object_component>
      <object_component id="oc-45">
         <name>.int07</name>
         <load_address>0xffee</load_address>
         <run_address>0xffee</run_address>
         <size>0x2</size>
         <input_file_ref idref="fl-12"/>
      </object_component>
      <object_component id="oc-46">
         <name>.int08</name>
         <load_address>0xfff0</load_address>
         <run_address>0xfff0</run_address>
         <size>0x2</size>
         <input_file_ref idref="fl-12"/>
      </object_component>
      <object_component id="oc-47">
         <name>.int09</name>
         <load_address>0xfff2</load_address>
         <run_address>0xfff2</run_address>
         <size>0x2</size>
         <input_file_ref idref="fl-3e"/>
      </object_component>
      <object_component id="oc-48">
         <name>.int10</name>
         <load_address>0xfff4</load_address>
         <run_address>0xfff4</run_address>
         <size>0x2</size>
         <input_file_ref idref="fl-12"/>
      </object_component>
      <object_component id="oc-49">
         <name>.int11</name>
         <load_address>0xfff6</load_address>
         <run_address>0xfff6</run_address>
         <size>0x2</size>
         <input_file_ref idref="fl-3f"/>
      </object_component>
      <object_component id="oc-4a">
         <name>.int12</name>
         <load_address>0xfff8</load_address>
         <run_address>0xfff8</run_address>
         <size>0x2</size>
         <input_file_ref idref="fl-12"/>
      </object_component>
      <object_component id="oc-4b">
         <name>.int13</name>
         <load_address>0xfffa</load_address>
         <run_address>0xfffa</run_address>
         <size>0x2</size>
         <input_file_ref idref="fl-40"/>
      </object_component>
      <object_component id="oc-4c">
         <name>.int14</name>
         <load_address>0xfffc</load_address>
         <run_address>0xfffc</run_address>
         <size>0x2</size>
         <input_file_ref idref="fl-41"/>
      </object_component>
      <object_component id="oc-b4">
         <name>.reset</name>
         <load_address>0xfffe</load_address>
         <run_address>0xfffe</run_address>
         <size>0x2</size>
         <input_file_ref idref="fl-46"/>
      </object_component>
      <object_component id="oc-267">
         <name>.debug_info</name>
         <load_address>0x0</load_address>
         <run_address>0x0</run_address>
         <size>0x1ba</size>
         <input_file_ref idref="fl-2"/>
      </object_component>
      <object_component id="oc-29d">
         <name>.debug_info</name>
         <load_address>0x1ba</load_address>
         <run_address>0x1ba</run_address>
         <size>0x158</size>
         <input_file_ref idref="fl-2"/>
      </object_component>
      <object_component id="oc-2a3">
         <name>.debug_info</name>
         <load_address>0x312</load_address>
         <run_address>0x312</run_address>
         <size>0x12b</size>
         <input_file_ref idref="fl-2"/>
      </object_component>
      <object_component id="oc-26a">
         <name>.debug_info</name>
         <load_address>0x43d</load_address>
         <run_address>0x43d</run_address>
         <size>0x10b</size>
         <input_file_ref idref="fl-2"/>
      </object_component>
      <object_component id="oc-1d4">
         <name>.debug_info</name>
         <load_address>0x548</load_address>
         <run_address>0x548</run_address>
         <size>0x26b</size>
         <input_file_ref idref="fl-2"/>
      </object_component>
      <object_component id="oc-ca">
         <name>.debug_info</name>
         <load_address>0x7b3</load_address>
         <run_address>0x7b3</run_address>
         <size>0x84</size>
         <input_file_ref idref="fl-2"/>
      </object_component>
      <object_component id="oc-262">
         <name>.debug_info</name>
         <load_address>0x837</load_address>
         <run_address>0x837</run_address>
         <size>0x282</size>
         <input_file_ref idref="fl-2"/>
      </object_component>
      <object_component id="oc-1cf">
         <name>.debug_info</name>
         <load_address>0xab9</load_address>
         <run_address>0xab9</run_address>
         <size>0xbb</size>
         <input_file_ref idref="fl-2"/>
      </object_component>
      <object_component id="oc-274">
         <name>.debug_info</name>
         <load_address>0xb74</load_address>
         <run_address>0xb74</run_address>
         <size>0x18a</size>
         <input_file_ref idref="fl-4"/>
      </object_component>
      <object_component id="oc-20b">
         <name>.debug_info</name>
         <load_address>0xcfe</load_address>
         <run_address>0xcfe</run_address>
         <size>0x1b9</size>
         <input_file_ref idref="fl-4"/>
      </object_component>
      <object_component id="oc-25e">
         <name>.debug_info</name>
         <load_address>0xeb7</load_address>
         <run_address>0xeb7</run_address>
         <size>0x348</size>
         <input_file_ref idref="fl-5"/>
      </object_component>
      <object_component id="oc-164">
         <name>.debug_info</name>
         <load_address>0x11ff</load_address>
         <run_address>0x11ff</run_address>
         <size>0x11f</size>
         <input_file_ref idref="fl-5"/>
      </object_component>
      <object_component id="oc-1c1">
         <name>.debug_info</name>
         <load_address>0x131e</load_address>
         <run_address>0x131e</run_address>
         <size>0xf4</size>
         <input_file_ref idref="fl-5"/>
      </object_component>
      <object_component id="oc-167">
         <name>.debug_info</name>
         <load_address>0x1412</load_address>
         <run_address>0x1412</run_address>
         <size>0x137</size>
         <input_file_ref idref="fl-5"/>
      </object_component>
      <object_component id="oc-16f">
         <name>.debug_info</name>
         <load_address>0x1549</load_address>
         <run_address>0x1549</run_address>
         <size>0x137</size>
         <input_file_ref idref="fl-5"/>
      </object_component>
      <object_component id="oc-f0">
         <name>.debug_info</name>
         <load_address>0x1680</load_address>
         <run_address>0x1680</run_address>
         <size>0x160</size>
         <input_file_ref idref="fl-5"/>
      </object_component>
      <object_component id="oc-2c2">
         <name>.debug_info</name>
         <load_address>0x17e0</load_address>
         <run_address>0x17e0</run_address>
         <size>0x137</size>
         <input_file_ref idref="fl-6"/>
      </object_component>
      <object_component id="oc-212">
         <name>.debug_info</name>
         <load_address>0x1917</load_address>
         <run_address>0x1917</run_address>
         <size>0x1d1</size>
         <input_file_ref idref="fl-6"/>
      </object_component>
      <object_component id="oc-2cc">
         <name>.debug_info</name>
         <load_address>0x1ae8</load_address>
         <run_address>0x1ae8</run_address>
         <size>0x51</size>
         <input_file_ref idref="fl-6"/>
      </object_component>
      <object_component id="oc-374">
         <name>.debug_info</name>
         <load_address>0x1b39</load_address>
         <run_address>0x1b39</run_address>
         <size>0x51</size>
         <input_file_ref idref="fl-6"/>
      </object_component>
      <object_component id="oc-36d">
         <name>.debug_info</name>
         <load_address>0x1b8a</load_address>
         <run_address>0x1b8a</run_address>
         <size>0x51</size>
         <input_file_ref idref="fl-6"/>
      </object_component>
      <object_component id="oc-1cc">
         <name>.debug_info</name>
         <load_address>0x1bdb</load_address>
         <run_address>0x1bdb</run_address>
         <size>0x2ca</size>
         <input_file_ref idref="fl-8"/>
      </object_component>
      <object_component id="oc-1c6">
         <name>.debug_info</name>
         <load_address>0x1ea5</load_address>
         <run_address>0x1ea5</run_address>
         <size>0x152</size>
         <input_file_ref idref="fl-8"/>
      </object_component>
      <object_component id="oc-175">
         <name>.debug_info</name>
         <load_address>0x1ff7</load_address>
         <run_address>0x1ff7</run_address>
         <size>0x163</size>
         <input_file_ref idref="fl-8"/>
      </object_component>
      <object_component id="oc-3e2">
         <name>.debug_info</name>
         <load_address>0x215a</load_address>
         <run_address>0x215a</run_address>
         <size>0x197</size>
         <input_file_ref idref="fl-9"/>
      </object_component>
      <object_component id="oc-367">
         <name>.debug_info</name>
         <load_address>0x22f1</load_address>
         <run_address>0x22f1</run_address>
         <size>0xde</size>
         <input_file_ref idref="fl-9"/>
      </object_component>
      <object_component id="oc-36a">
         <name>.debug_info</name>
         <load_address>0x23cf</load_address>
         <run_address>0x23cf</run_address>
         <size>0x238</size>
         <input_file_ref idref="fl-c"/>
      </object_component>
      <object_component id="oc-358">
         <name>.debug_info</name>
         <load_address>0x2607</load_address>
         <run_address>0x2607</run_address>
         <size>0x1dc</size>
         <input_file_ref idref="fl-c"/>
      </object_component>
      <object_component id="oc-2ad">
         <name>.debug_info</name>
         <load_address>0x27e3</load_address>
         <run_address>0x27e3</run_address>
         <size>0x1dc</size>
         <input_file_ref idref="fl-c"/>
      </object_component>
      <object_component id="oc-3ea">
         <name>.debug_info</name>
         <load_address>0x29bf</load_address>
         <run_address>0x29bf</run_address>
         <size>0x203</size>
         <input_file_ref idref="fl-c"/>
      </object_component>
      <object_component id="oc-2b9">
         <name>.debug_info</name>
         <load_address>0x2bc2</load_address>
         <run_address>0x2bc2</run_address>
         <size>0x1ac</size>
         <input_file_ref idref="fl-c"/>
      </object_component>
      <object_component id="oc-2d3">
         <name>.debug_info</name>
         <load_address>0x2d6e</load_address>
         <run_address>0x2d6e</run_address>
         <size>0x217</size>
         <input_file_ref idref="fl-c"/>
      </object_component>
      <object_component id="oc-37e">
         <name>.debug_info</name>
         <load_address>0x2f85</load_address>
         <run_address>0x2f85</run_address>
         <size>0x1b8</size>
         <input_file_ref idref="fl-c"/>
      </object_component>
      <object_component id="oc-2b3">
         <name>.debug_info</name>
         <load_address>0x313d</load_address>
         <run_address>0x313d</run_address>
         <size>0x1bd</size>
         <input_file_ref idref="fl-c"/>
      </object_component>
      <object_component id="oc-205">
         <name>.debug_info</name>
         <load_address>0x32fa</load_address>
         <run_address>0x32fa</run_address>
         <size>0x370</size>
         <input_file_ref idref="fl-c"/>
      </object_component>
      <object_component id="oc-2a9">
         <name>.debug_info</name>
         <load_address>0x366a</load_address>
         <run_address>0x366a</run_address>
         <size>0x131</size>
         <input_file_ref idref="fl-e"/>
      </object_component>
      <object_component id="oc-1ff">
         <name>.debug_info</name>
         <load_address>0x379b</load_address>
         <run_address>0x379b</run_address>
         <size>0x156</size>
         <input_file_ref idref="fl-e"/>
      </object_component>
      <object_component id="oc-2df">
         <name>.debug_info</name>
         <load_address>0x38f1</load_address>
         <run_address>0x38f1</run_address>
         <size>0x13c</size>
         <input_file_ref idref="fl-e"/>
      </object_component>
      <object_component id="oc-283">
         <name>.debug_info</name>
         <load_address>0x3a2d</load_address>
         <run_address>0x3a2d</run_address>
         <size>0x127</size>
         <input_file_ref idref="fl-e"/>
      </object_component>
      <object_component id="oc-1db">
         <name>.debug_info</name>
         <load_address>0x3b54</load_address>
         <run_address>0x3b54</run_address>
         <size>0x27a</size>
         <input_file_ref idref="fl-f"/>
      </object_component>
      <object_component id="oc-1ef">
         <name>.debug_info</name>
         <load_address>0x3dce</load_address>
         <run_address>0x3dce</run_address>
         <size>0x13c</size>
         <input_file_ref idref="fl-f"/>
      </object_component>
      <object_component id="oc-1de">
         <name>.debug_info</name>
         <load_address>0x3f0a</load_address>
         <run_address>0x3f0a</run_address>
         <size>0x135</size>
         <input_file_ref idref="fl-f"/>
      </object_component>
      <object_component id="oc-1f5">
         <name>.debug_info</name>
         <load_address>0x403f</load_address>
         <run_address>0x403f</run_address>
         <size>0x151</size>
         <input_file_ref idref="fl-f"/>
      </object_component>
      <object_component id="oc-17e">
         <name>.debug_info</name>
         <load_address>0x4190</load_address>
         <run_address>0x4190</run_address>
         <size>0x11b</size>
         <input_file_ref idref="fl-f"/>
      </object_component>
      <object_component id="oc-185">
         <name>.debug_info</name>
         <load_address>0x42ab</load_address>
         <run_address>0x42ab</run_address>
         <size>0x19c</size>
         <input_file_ref idref="fl-f"/>
      </object_component>
      <object_component id="oc-2e5">
         <name>.debug_info</name>
         <load_address>0x4447</load_address>
         <run_address>0x4447</run_address>
         <size>0x26a</size>
         <input_file_ref idref="fl-10"/>
      </object_component>
      <object_component id="oc-270">
         <name>.debug_info</name>
         <load_address>0x46b1</load_address>
         <run_address>0x46b1</run_address>
         <size>0x382</size>
         <input_file_ref idref="fl-10"/>
      </object_component>
      <object_component id="oc-1e9">
         <name>.debug_info</name>
         <load_address>0x4a33</load_address>
         <run_address>0x4a33</run_address>
         <size>0x11e</size>
         <input_file_ref idref="fl-10"/>
      </object_component>
      <object_component id="oc-28a">
         <name>.debug_info</name>
         <load_address>0x4b51</load_address>
         <run_address>0x4b51</run_address>
         <size>0x11a</size>
         <input_file_ref idref="fl-10"/>
      </object_component>
      <object_component id="oc-385">
         <name>.debug_info</name>
         <load_address>0x4c6b</load_address>
         <run_address>0x4c6b</run_address>
         <size>0x15b</size>
         <input_file_ref idref="fl-10"/>
      </object_component>
      <object_component id="oc-2d9">
         <name>.debug_info</name>
         <load_address>0x4dc6</load_address>
         <run_address>0x4dc6</run_address>
         <size>0x14a</size>
         <input_file_ref idref="fl-10"/>
      </object_component>
      <object_component id="oc-38b">
         <name>.debug_info</name>
         <load_address>0x4f10</load_address>
         <run_address>0x4f10</run_address>
         <size>0x590</size>
         <input_file_ref idref="fl-10"/>
      </object_component>
      <object_component id="oc-39e">
         <name>.debug_info</name>
         <load_address>0x54a0</load_address>
         <run_address>0x54a0</run_address>
         <size>0x157</size>
         <input_file_ref idref="fl-10"/>
      </object_component>
      <object_component id="oc-391">
         <name>.debug_info</name>
         <load_address>0x55f7</load_address>
         <run_address>0x55f7</run_address>
         <size>0x3e2</size>
         <input_file_ref idref="fl-10"/>
      </object_component>
      <object_component id="oc-397">
         <name>.debug_info</name>
         <load_address>0x59d9</load_address>
         <run_address>0x59d9</run_address>
         <size>0x3e4</size>
         <input_file_ref idref="fl-10"/>
      </object_component>
      <object_component id="oc-2f5">
         <name>.debug_info</name>
         <load_address>0x5dbd</load_address>
         <run_address>0x5dbd</run_address>
         <size>0x344</size>
         <input_file_ref idref="fl-10"/>
      </object_component>
      <object_component id="oc-2fb">
         <name>.debug_info</name>
         <load_address>0x6101</load_address>
         <run_address>0x6101</run_address>
         <size>0x3b3</size>
         <input_file_ref idref="fl-10"/>
      </object_component>
      <object_component id="oc-217">
         <name>.debug_info</name>
         <load_address>0x64b4</load_address>
         <run_address>0x64b4</run_address>
         <size>0x2ae</size>
         <input_file_ref idref="fl-10"/>
      </object_component>
      <object_component id="oc-2ef">
         <name>.debug_info</name>
         <load_address>0x6762</load_address>
         <run_address>0x6762</run_address>
         <size>0x55d</size>
         <input_file_ref idref="fl-10"/>
      </object_component>
      <object_component id="oc-296">
         <name>.debug_info</name>
         <load_address>0x6cbf</load_address>
         <run_address>0x6cbf</run_address>
         <size>0x124</size>
         <input_file_ref idref="fl-10"/>
      </object_component>
      <object_component id="oc-290">
         <name>.debug_info</name>
         <load_address>0x6de3</load_address>
         <run_address>0x6de3</run_address>
         <size>0x11e</size>
         <input_file_ref idref="fl-10"/>
      </object_component>
      <object_component id="oc-3e7">
         <name>.debug_info</name>
         <load_address>0x6f01</load_address>
         <run_address>0x6f01</run_address>
         <size>0x1f6</size>
         <input_file_ref idref="fl-11"/>
      </object_component>
      <object_component id="oc-3da">
         <name>.debug_info</name>
         <load_address>0x70f7</load_address>
         <run_address>0x70f7</run_address>
         <size>0xe7</size>
         <input_file_ref idref="fl-11"/>
      </object_component>
      <object_component id="oc-3d7">
         <name>.debug_info</name>
         <load_address>0x71de</load_address>
         <run_address>0x71de</run_address>
         <size>0xe7</size>
         <input_file_ref idref="fl-11"/>
      </object_component>
      <object_component id="oc-3d0">
         <name>.debug_info</name>
         <load_address>0x72c5</load_address>
         <run_address>0x72c5</run_address>
         <size>0xcb</size>
         <input_file_ref idref="fl-11"/>
      </object_component>
      <object_component id="oc-3d4">
         <name>.debug_info</name>
         <load_address>0x7390</load_address>
         <run_address>0x7390</run_address>
         <size>0xd3</size>
         <input_file_ref idref="fl-11"/>
      </object_component>
      <object_component id="oc-3cd">
         <name>.debug_info</name>
         <load_address>0x7463</load_address>
         <run_address>0x7463</run_address>
         <size>0xe7</size>
         <input_file_ref idref="fl-11"/>
      </object_component>
      <object_component id="oc-37a">
         <name>.debug_info</name>
         <load_address>0x754a</load_address>
         <run_address>0x754a</run_address>
         <size>0xcd</size>
         <input_file_ref idref="fl-11"/>
      </object_component>
      <object_component id="oc-2e9">
         <name>.debug_info</name>
         <load_address>0x7617</load_address>
         <run_address>0x7617</run_address>
         <size>0x143</size>
         <input_file_ref idref="fl-11"/>
      </object_component>
      <object_component id="oc-33d">
         <name>.debug_info</name>
         <load_address>0x775a</load_address>
         <run_address>0x775a</run_address>
         <size>0x13e</size>
         <input_file_ref idref="fl-11"/>
      </object_component>
      <object_component id="oc-343">
         <name>.debug_info</name>
         <load_address>0x7898</load_address>
         <run_address>0x7898</run_address>
         <size>0x11a</size>
         <input_file_ref idref="fl-11"/>
      </object_component>
      <object_component id="oc-349">
         <name>.debug_info</name>
         <load_address>0x79b2</load_address>
         <run_address>0x79b2</run_address>
         <size>0x11c</size>
         <input_file_ref idref="fl-11"/>
      </object_component>
      <object_component id="oc-27e">
         <name>.debug_info</name>
         <load_address>0x7ace</load_address>
         <run_address>0x7ace</run_address>
         <size>0x158</size>
         <input_file_ref idref="fl-11"/>
      </object_component>
      <object_component id="oc-17b">
         <name>.debug_info</name>
         <load_address>0x7c26</load_address>
         <run_address>0x7c26</run_address>
         <size>0x239</size>
         <input_file_ref idref="fl-12"/>
      </object_component>
      <object_component id="oc-100">
         <name>.debug_info</name>
         <load_address>0x7e5f</load_address>
         <run_address>0x7e5f</run_address>
         <size>0x130</size>
         <input_file_ref idref="fl-12"/>
      </object_component>
      <object_component id="oc-f4">
         <name>.debug_info</name>
         <load_address>0x7f8f</load_address>
         <run_address>0x7f8f</run_address>
         <size>0x15e</size>
         <input_file_ref idref="fl-12"/>
      </object_component>
      <object_component id="oc-106">
         <name>.debug_info</name>
         <load_address>0x80ed</load_address>
         <run_address>0x80ed</run_address>
         <size>0x138</size>
         <input_file_ref idref="fl-12"/>
      </object_component>
      <object_component id="oc-fa">
         <name>.debug_info</name>
         <load_address>0x8225</load_address>
         <run_address>0x8225</run_address>
         <size>0x125</size>
         <input_file_ref idref="fl-12"/>
      </object_component>
      <object_component id="oc-e8">
         <name>.debug_info</name>
         <load_address>0x834a</load_address>
         <run_address>0x834a</run_address>
         <size>0x123</size>
         <input_file_ref idref="fl-12"/>
      </object_component>
      <object_component id="oc-e2">
         <name>.debug_info</name>
         <load_address>0x846d</load_address>
         <run_address>0x846d</run_address>
         <size>0x123</size>
         <input_file_ref idref="fl-12"/>
      </object_component>
      <object_component id="oc-19a">
         <name>.debug_info</name>
         <load_address>0x8590</load_address>
         <run_address>0x8590</run_address>
         <size>0x184</size>
         <input_file_ref idref="fl-13"/>
      </object_component>
      <object_component id="oc-360">
         <name>.debug_info</name>
         <load_address>0x8714</load_address>
         <run_address>0x8714</run_address>
         <size>0x120</size>
         <input_file_ref idref="fl-2e"/>
      </object_component>
      <object_component id="oc-1e6">
         <name>.debug_info</name>
         <load_address>0x8834</load_address>
         <run_address>0x8834</run_address>
         <size>0x121</size>
         <input_file_ref idref="fl-30"/>
      </object_component>
      <object_component id="oc-c1">
         <name>.debug_info</name>
         <load_address>0x8955</load_address>
         <run_address>0x8955</run_address>
         <size>0x12e</size>
         <input_file_ref idref="fl-33"/>
      </object_component>
      <object_component id="oc-df">
         <name>.debug_info</name>
         <load_address>0x8a83</load_address>
         <run_address>0x8a83</run_address>
         <size>0x10f</size>
         <input_file_ref idref="fl-42"/>
      </object_component>
      <object_component id="oc-b7">
         <name>.debug_info</name>
         <load_address>0x8b92</load_address>
         <run_address>0x8b92</run_address>
         <size>0x120</size>
         <input_file_ref idref="fl-43"/>
      </object_component>
      <object_component id="oc-bc">
         <name>.debug_info</name>
         <load_address>0x8cb2</load_address>
         <run_address>0x8cb2</run_address>
         <size>0x120</size>
         <input_file_ref idref="fl-44"/>
      </object_component>
      <object_component id="oc-2c7">
         <name>.debug_info</name>
         <load_address>0x8dd2</load_address>
         <run_address>0x8dd2</run_address>
         <size>0x121</size>
         <input_file_ref idref="fl-45"/>
      </object_component>
      <object_component id="oc-b2">
         <name>.debug_info</name>
         <load_address>0x8ef3</load_address>
         <run_address>0x8ef3</run_address>
         <size>0x100</size>
         <input_file_ref idref="fl-46"/>
      </object_component>
      <object_component id="oc-11f">
         <name>.debug_info</name>
         <load_address>0x8ff3</load_address>
         <run_address>0x8ff3</run_address>
         <size>0x17a</size>
         <input_file_ref idref="fl-46"/>
      </object_component>
      <object_component id="oc-31a">
         <name>.debug_info</name>
         <load_address>0x916d</load_address>
         <run_address>0x916d</run_address>
         <size>0x3de</size>
         <input_file_ref idref="fl-47"/>
      </object_component>
      <object_component id="oc-22c">
         <name>.debug_info</name>
         <load_address>0x954b</load_address>
         <run_address>0x954b</run_address>
         <size>0x1e0</size>
         <input_file_ref idref="fl-47"/>
      </object_component>
      <object_component id="oc-3bb">
         <name>.debug_info</name>
         <load_address>0x972b</load_address>
         <run_address>0x972b</run_address>
         <size>0x39</size>
         <input_file_ref idref="fl-47"/>
      </object_component>
      <object_component id="oc-3c7">
         <name>.debug_info</name>
         <load_address>0x9764</load_address>
         <run_address>0x9764</run_address>
         <size>0x2c</size>
         <input_file_ref idref="fl-47"/>
      </object_component>
      <object_component id="oc-325">
         <name>.debug_info</name>
         <load_address>0x9790</load_address>
         <run_address>0x9790</run_address>
         <size>0x2c</size>
         <input_file_ref idref="fl-47"/>
      </object_component>
      <object_component id="oc-3c0">
         <name>.debug_info</name>
         <load_address>0x97bc</load_address>
         <run_address>0x97bc</run_address>
         <size>0xcd</size>
         <input_file_ref idref="fl-47"/>
      </object_component>
      <object_component id="oc-191">
         <name>.debug_info</name>
         <load_address>0x9889</load_address>
         <run_address>0x9889</run_address>
         <size>0x175</size>
         <input_file_ref idref="fl-48"/>
      </object_component>
      <object_component id="oc-10c">
         <name>.debug_info</name>
         <load_address>0x99fe</load_address>
         <run_address>0x99fe</run_address>
         <size>0x1d2</size>
         <input_file_ref idref="fl-48"/>
      </object_component>
      <object_component id="oc-18c">
         <name>.debug_info</name>
         <load_address>0x9bd0</load_address>
         <run_address>0x9bd0</run_address>
         <size>0x46</size>
         <input_file_ref idref="fl-48"/>
      </object_component>
      <object_component id="oc-154">
         <name>.debug_info</name>
         <load_address>0x9c16</load_address>
         <run_address>0x9c16</run_address>
         <size>0x2c</size>
         <input_file_ref idref="fl-48"/>
      </object_component>
      <object_component id="oc-194">
         <name>.debug_info</name>
         <load_address>0x9c42</load_address>
         <run_address>0x9c42</run_address>
         <size>0x153</size>
         <input_file_ref idref="fl-4c"/>
      </object_component>
      <object_component id="oc-314">
         <name>.debug_info</name>
         <load_address>0x9d95</load_address>
         <run_address>0x9d95</run_address>
         <size>0x150</size>
         <input_file_ref idref="fl-4d"/>
      </object_component>
      <object_component id="oc-db">
         <name>.debug_info</name>
         <load_address>0x9ee5</load_address>
         <run_address>0x9ee5</run_address>
         <size>0x180</size>
         <input_file_ref idref="fl-4e"/>
      </object_component>
      <object_component id="oc-3e">
         <name>.debug_info</name>
         <load_address>0xa065</load_address>
         <run_address>0xa065</run_address>
         <size>0x1ea</size>
         <input_file_ref idref="fl-4e"/>
      </object_component>
      <object_component id="oc-d6">
         <name>.debug_info</name>
         <load_address>0xa24f</load_address>
         <run_address>0xa24f</run_address>
         <size>0x46</size>
         <input_file_ref idref="fl-4e"/>
      </object_component>
      <object_component id="oc-159">
         <name>.debug_info</name>
         <load_address>0xa295</load_address>
         <run_address>0xa295</run_address>
         <size>0x2c</size>
         <input_file_ref idref="fl-4e"/>
      </object_component>
      <object_component id="oc-151">
         <name>.debug_info</name>
         <load_address>0xa2c1</load_address>
         <run_address>0xa2c1</run_address>
         <size>0x176</size>
         <input_file_ref idref="fl-4f"/>
      </object_component>
      <object_component id="oc-37">
         <name>.debug_info</name>
         <load_address>0xa437</load_address>
         <run_address>0xa437</run_address>
         <size>0x292</size>
         <input_file_ref idref="fl-4f"/>
      </object_component>
      <object_component id="oc-c5">
         <name>.debug_info</name>
         <load_address>0xa6c9</load_address>
         <run_address>0xa6c9</run_address>
         <size>0x60</size>
         <input_file_ref idref="fl-4f"/>
      </object_component>
      <object_component id="oc-1b5">
         <name>.debug_info</name>
         <load_address>0xa729</load_address>
         <run_address>0xa729</run_address>
         <size>0x46</size>
         <input_file_ref idref="fl-4f"/>
      </object_component>
      <object_component id="oc-14c">
         <name>.debug_info</name>
         <load_address>0xa76f</load_address>
         <run_address>0xa76f</run_address>
         <size>0x39</size>
         <input_file_ref idref="fl-4f"/>
      </object_component>
      <object_component id="oc-220">
         <name>.debug_info</name>
         <load_address>0xa7a8</load_address>
         <run_address>0xa7a8</run_address>
         <size>0x122</size>
         <input_file_ref idref="fl-51"/>
      </object_component>
      <object_component id="oc-153">
         <name>.debug_info</name>
         <load_address>0xa8ca</load_address>
         <run_address>0xa8ca</run_address>
         <size>0x181</size>
         <input_file_ref idref="fl-54"/>
      </object_component>
      <object_component id="oc-d0">
         <name>.debug_info</name>
         <load_address>0xaa4b</load_address>
         <run_address>0xaa4b</run_address>
         <size>0x17a</size>
         <input_file_ref idref="fl-54"/>
      </object_component>
      <object_component id="oc-453">
         <name>.debug_info</name>
         <load_address>0xabc5</load_address>
         <run_address>0xabc5</run_address>
         <size>0x95</size>
      </object_component>
      <object_component id="oc-337">
         <name>.debug_line</name>
         <load_address>0x0</load_address>
         <run_address>0x0</run_address>
         <size>0x58</size>
         <input_file_ref idref="fl-2"/>
      </object_component>
      <object_component id="oc-2a1">
         <name>.debug_line</name>
         <load_address>0x58</load_address>
         <run_address>0x58</run_address>
         <size>0x83</size>
         <input_file_ref idref="fl-2"/>
      </object_component>
      <object_component id="oc-2a7">
         <name>.debug_line</name>
         <load_address>0xdb</load_address>
         <run_address>0xdb</run_address>
         <size>0x55</size>
         <input_file_ref idref="fl-2"/>
      </object_component>
      <object_component id="oc-26d">
         <name>.debug_line</name>
         <load_address>0x130</load_address>
         <run_address>0x130</run_address>
         <size>0x41</size>
         <input_file_ref idref="fl-2"/>
      </object_component>
      <object_component id="oc-1d7">
         <name>.debug_line</name>
         <load_address>0x171</load_address>
         <run_address>0x171</run_address>
         <size>0x6f</size>
         <input_file_ref idref="fl-2"/>
      </object_component>
      <object_component id="oc-cd">
         <name>.debug_line</name>
         <load_address>0x1e0</load_address>
         <run_address>0x1e0</run_address>
         <size>0x20</size>
         <input_file_ref idref="fl-2"/>
      </object_component>
      <object_component id="oc-265">
         <name>.debug_line</name>
         <load_address>0x200</load_address>
         <run_address>0x200</run_address>
         <size>0x73</size>
         <input_file_ref idref="fl-2"/>
      </object_component>
      <object_component id="oc-1d2">
         <name>.debug_line</name>
         <load_address>0x273</load_address>
         <run_address>0x273</run_address>
         <size>0x70</size>
         <input_file_ref idref="fl-2"/>
      </object_component>
      <object_component id="oc-278">
         <name>.debug_line</name>
         <load_address>0x2e3</load_address>
         <run_address>0x2e3</run_address>
         <size>0x64</size>
         <input_file_ref idref="fl-4"/>
      </object_component>
      <object_component id="oc-20e">
         <name>.debug_line</name>
         <load_address>0x347</load_address>
         <run_address>0x347</run_address>
         <size>0x75</size>
         <input_file_ref idref="fl-4"/>
      </object_component>
      <object_component id="oc-335">
         <name>.debug_line</name>
         <load_address>0x3bc</load_address>
         <run_address>0x3bc</run_address>
         <size>0x58</size>
         <input_file_ref idref="fl-5"/>
      </object_component>
      <object_component id="oc-1bf">
         <name>.debug_line</name>
         <load_address>0x414</load_address>
         <run_address>0x414</run_address>
         <size>0x40</size>
         <input_file_ref idref="fl-5"/>
      </object_component>
      <object_component id="oc-25d">
         <name>.debug_line</name>
         <load_address>0x454</load_address>
         <run_address>0x454</run_address>
         <size>0x40</size>
         <input_file_ref idref="fl-5"/>
      </object_component>
      <object_component id="oc-16b">
         <name>.debug_line</name>
         <load_address>0x494</load_address>
         <run_address>0x494</run_address>
         <size>0x5d</size>
         <input_file_ref idref="fl-5"/>
      </object_component>
      <object_component id="oc-16d">
         <name>.debug_line</name>
         <load_address>0x4f1</load_address>
         <run_address>0x4f1</run_address>
         <size>0x5e</size>
         <input_file_ref idref="fl-5"/>
      </object_component>
      <object_component id="oc-ee">
         <name>.debug_line</name>
         <load_address>0x54f</load_address>
         <run_address>0x54f</run_address>
         <size>0x66</size>
         <input_file_ref idref="fl-5"/>
      </object_component>
      <object_component id="oc-2c1">
         <name>.debug_line</name>
         <load_address>0x5b5</load_address>
         <run_address>0x5b5</run_address>
         <size>0x56</size>
         <input_file_ref idref="fl-6"/>
      </object_component>
      <object_component id="oc-211">
         <name>.debug_line</name>
         <load_address>0x60b</load_address>
         <run_address>0x60b</run_address>
         <size>0x68</size>
         <input_file_ref idref="fl-6"/>
      </object_component>
      <object_component id="oc-2cf">
         <name>.debug_line</name>
         <load_address>0x673</load_address>
         <run_address>0x673</run_address>
         <size>0x40</size>
         <input_file_ref idref="fl-6"/>
      </object_component>
      <object_component id="oc-377">
         <name>.debug_line</name>
         <load_address>0x6b3</load_address>
         <run_address>0x6b3</run_address>
         <size>0x59</size>
         <input_file_ref idref="fl-6"/>
      </object_component>
      <object_component id="oc-370">
         <name>.debug_line</name>
         <load_address>0x70c</load_address>
         <run_address>0x70c</run_address>
         <size>0x58</size>
         <input_file_ref idref="fl-6"/>
      </object_component>
      <object_component id="oc-261">
         <name>.debug_line</name>
         <load_address>0x764</load_address>
         <run_address>0x764</run_address>
         <size>0x96</size>
         <input_file_ref idref="fl-8"/>
      </object_component>
      <object_component id="oc-1c9">
         <name>.debug_line</name>
         <load_address>0x7fa</load_address>
         <run_address>0x7fa</run_address>
         <size>0x58</size>
         <input_file_ref idref="fl-8"/>
      </object_component>
      <object_component id="oc-179">
         <name>.debug_line</name>
         <load_address>0x852</load_address>
         <run_address>0x852</run_address>
         <size>0x5d</size>
         <input_file_ref idref="fl-8"/>
      </object_component>
      <object_component id="oc-40b">
         <name>.debug_line</name>
         <load_address>0x8af</load_address>
         <run_address>0x8af</run_address>
         <size>0x20</size>
         <input_file_ref idref="fl-9"/>
      </object_component>
      <object_component id="oc-3e1">
         <name>.debug_line</name>
         <load_address>0x8cf</load_address>
         <run_address>0x8cf</run_address>
         <size>0x42</size>
         <input_file_ref idref="fl-9"/>
      </object_component>
      <object_component id="oc-3e4">
         <name>.debug_line</name>
         <load_address>0x911</load_address>
         <run_address>0x911</run_address>
         <size>0xa3</size>
         <input_file_ref idref="fl-c"/>
      </object_component>
      <object_component id="oc-35b">
         <name>.debug_line</name>
         <load_address>0x9b4</load_address>
         <run_address>0x9b4</run_address>
         <size>0x6d</size>
         <input_file_ref idref="fl-c"/>
      </object_component>
      <object_component id="oc-2b0">
         <name>.debug_line</name>
         <load_address>0xa21</load_address>
         <run_address>0xa21</run_address>
         <size>0x6f</size>
         <input_file_ref idref="fl-c"/>
      </object_component>
      <object_component id="oc-3e9">
         <name>.debug_line</name>
         <load_address>0xa90</load_address>
         <run_address>0xa90</run_address>
         <size>0x8a</size>
         <input_file_ref idref="fl-c"/>
      </object_component>
      <object_component id="oc-2bc">
         <name>.debug_line</name>
         <load_address>0xb1a</load_address>
         <run_address>0xb1a</run_address>
         <size>0x5a</size>
         <input_file_ref idref="fl-c"/>
      </object_component>
      <object_component id="oc-2d6">
         <name>.debug_line</name>
         <load_address>0xb74</load_address>
         <run_address>0xb74</run_address>
         <size>0x88</size>
         <input_file_ref idref="fl-c"/>
      </object_component>
      <object_component id="oc-381">
         <name>.debug_line</name>
         <load_address>0xbfc</load_address>
         <run_address>0xbfc</run_address>
         <size>0x59</size>
         <input_file_ref idref="fl-c"/>
      </object_component>
      <object_component id="oc-2b6">
         <name>.debug_line</name>
         <load_address>0xc55</load_address>
         <run_address>0xc55</run_address>
         <size>0x69</size>
         <input_file_ref idref="fl-c"/>
      </object_component>
      <object_component id="oc-208">
         <name>.debug_line</name>
         <load_address>0xcbe</load_address>
         <run_address>0xcbe</run_address>
         <size>0x7a</size>
         <input_file_ref idref="fl-c"/>
      </object_component>
      <object_component id="oc-355">
         <name>.debug_line</name>
         <load_address>0xd38</load_address>
         <run_address>0xd38</run_address>
         <size>0x3a</size>
         <input_file_ref idref="fl-e"/>
      </object_component>
      <object_component id="oc-202">
         <name>.debug_line</name>
         <load_address>0xd72</load_address>
         <run_address>0xd72</run_address>
         <size>0x51</size>
         <input_file_ref idref="fl-e"/>
      </object_component>
      <object_component id="oc-2e2">
         <name>.debug_line</name>
         <load_address>0xdc3</load_address>
         <run_address>0xdc3</run_address>
         <size>0x66</size>
         <input_file_ref idref="fl-e"/>
      </object_component>
      <object_component id="oc-286">
         <name>.debug_line</name>
         <load_address>0xe29</load_address>
         <run_address>0xe29</run_address>
         <size>0x4d</size>
         <input_file_ref idref="fl-e"/>
      </object_component>
      <object_component id="oc-269">
         <name>.debug_line</name>
         <load_address>0xe76</load_address>
         <run_address>0xe76</run_address>
         <size>0xcc</size>
         <input_file_ref idref="fl-f"/>
      </object_component>
      <object_component id="oc-1f2">
         <name>.debug_line</name>
         <load_address>0xf42</load_address>
         <run_address>0xf42</run_address>
         <size>0x4e</size>
         <input_file_ref idref="fl-f"/>
      </object_component>
[...]
         <object_component_ref idref="oc-216"/>
      </symbol>
      <symbol id="sm-39c">
         <name>StopWatch_min</name>
         <value>0x293</value>
         <object_component_ref idref="oc-26f"/>
      </symbol>
      <symbol id="sm-39d">
         <name>StopWatch_sec</name>
         <value>0x292</value>
         <object_component_ref idref="oc-26f"/>
      </symbol>
      <symbol id="sm-39e">
         <name>StopWatch_mode</name>
         <value>0x295</value>
         <object_component_ref idref="oc-26f"/>
      </symbol>
      <symbol id="sm-39f">
         <name>timing_run</name>
         <value>0xdac4</value>
         <object_component_ref idref="oc-1e8"/>
      </symbol>
      <symbol id="sm-3a0">
         <name>timing_time</name>
         <value>0x285</value>
         <object_component_ref idref="oc-26f"/>
      </symbol>
      <symbol id="sm-3a1">
         <name>date_month</name>
         <value>0x288</value>
         <object_component_ref idref="oc-26f"/>
      </symbol>
      <symbol id="sm-3a2">
         <name>menu_main</name>
         <value>0xc436</value>
         <object_component_ref idref="oc-2ee"/>
      </symbol>
      <symbol id="sm-3a3">
         <name>buzzer_timing</name>
         <value>0xdc5a</value>
         <object_component_ref idref="oc-295"/>
      </symbol>
      <symbol id="sm-3a4">
         <name>menu_StopWatch</name>
         <value>0xc000</value>
         <object_component_ref idref="oc-38a"/>
      </symbol>
      <symbol id="sm-3a5">
         <name>date_year</name>
         <value>0x28a</value>
         <object_component_ref idref="oc-26f"/>
      </symbol>
      <symbol id="sm-3a6">
         <name>buzzer_int</name>
         <value>0xde16</value>
         <object_component_ref idref="oc-28f"/>
      </symbol>
      <symbol id="sm-3a7">
         <name>buzzer_flag</name>
         <value>0x281</value>
         <object_component_ref idref="oc-26f"/>
      </symbol>
      <symbol id="sm-3a8">
         <name>time_hour</name>
         <value>0x28c</value>
         <object_component_ref idref="oc-26f"/>
      </symbol>
      <symbol id="sm-3a9">
         <name>menu_SetClock</name>
         <value>0xd192</value>
         <object_component_ref idref="oc-2f4"/>
      </symbol>
      <symbol id="sm-3aa">
         <name>Clean_Key_Position</name>
         <value>0xdef2</value>
         <object_component_ref idref="oc-2d8"/>
      </symbol>
      <symbol id="sm-3ab">
         <name>timing_flag</name>
         <value>0x282</value>
         <object_component_ref idref="oc-26f"/>
      </symbol>
      <symbol id="sm-3ac">
         <name>time_min</name>
         <value>0x28d</value>
         <object_component_ref idref="oc-26f"/>
      </symbol>
      <symbol id="sm-3ad">
         <name>time_run</name>
         <value>0xd97e</value>
         <object_component_ref idref="oc-289"/>
      </symbol>
      <symbol id="sm-3ae">
         <name>timing_min</name>
         <value>0x290</value>
         <object_component_ref idref="oc-26f"/>
      </symbol>
      <symbol id="sm-3af">
         <name>menu_SetTime</name>
         <value>0xcb8e</value>
         <object_component_ref idref="oc-396"/>
      </symbol>
      <symbol id="sm-3b0">
         <name>StopWatch_ms</name>
         <value>0x291</value>
         <object_component_ref idref="oc-26f"/>
      </symbol>
      <symbol id="sm-3b1">
         <name>time_sec</name>
         <value>0x28e</value>
         <object_component_ref idref="oc-26f"/>
      </symbol>
      <symbol id="sm-3b2">
         <name>run_flag</name>
         <value>0x283</value>
         <object_component_ref idref="oc-26f"/>
      </symbol>
      <symbol id="sm-3b3">
         <name>menu_SetDate</name>
         <value>0xc816</value>
         <object_component_ref idref="oc-2fa"/>
      </symbol>
      <symbol id="sm-3b4">
         <name>menu_Timing</name>
         <value>0xce94</value>
         <object_component_ref idref="oc-390"/>
      </symbol>
      <symbol id="sm-3b5">
         <name>timing_hour</name>
         <value>0x28f</value>
         <object_component_ref idref="oc-26f"/>
      </symbol>
      <symbol id="sm-3b6">
         <name>StopWatch_hour</name>
         <value>0x294</value>
         <object_component_ref idref="oc-26f"/>
      </symbol>
      <symbol id="sm-3b7">
         <name>strcpy_rewrite</name>
         <value>0xe030</value>
         <object_component_ref idref="oc-384"/>
      </symbol>
      <symbol id="sm-3b8">
         <name>date_day</name>
         <value>0x286</value>
         <object_component_ref idref="oc-26f"/>
      </symbol>
      <symbol id="sm-411">
         <name>Key_Measure_Freq</name>
         <value>0xd8be</value>
         <object_component_ref idref="oc-33b"/>
      </symbol>
      <symbol id="sm-412">
         <name>Key_FIFO</name>
         <value>0xdbde</value>
         <object_component_ref idref="oc-341"/>
      </symbol>
      <symbol id="sm-413">
         <name>Key_Judge</name>
         <value>0xde40</value>
         <object_component_ref idref="oc-347"/>
      </symbol>
      <symbol id="sm-414">
         <name>TouchIN_Dect</name>
         <value>0xe014</value>
         <object_component_ref idref="oc-27c"/>
      </symbol>
      <symbol id="sm-415">
         <name>Touch_check</name>
         <value>0xdd34</value>
         <object_component_ref idref="oc-2e7"/>
      </symbol>
      <symbol id="sm-44f">
         <name>WDT_ISR</name>
         <value>0xdf4c</value>
         <object_component_ref idref="oc-ff"/>
      </symbol>
      <symbol id="sm-450">
         <name>__TI_int08</name>
         <value>0xfff0</value>
         <object_component_ref idref="oc-46"/>
      </symbol>
      <symbol id="sm-451">
         <name>__TI_int07</name>
         <value>0xffee</value>
         <object_component_ref idref="oc-45"/>
      </symbol>
      <symbol id="sm-452">
         <name>__TI_int02</name>
         <value>0xffe4</value>
         <object_component_ref idref="oc-41"/>
      </symbol>
      <symbol id="sm-453">
         <name>__TI_int03</name>
         <value>0xffe6</value>
         <object_component_ref idref="oc-42"/>
      </symbol>
      <symbol id="sm-454">
         <name>UART_Receive_ISR</name>
         <value>0xdd64</value>
         <object_component_ref idref="oc-f3"/>
      </symbol>
      <symbol id="sm-455">
         <name>__TI_int12</name>
         <value>0xfff8</value>
         <object_component_ref idref="oc-4a"/>
      </symbol>
      <symbol id="sm-456">
         <name>__TI_int10</name>
         <value>0xfff4</value>
         <object_component_ref idref="oc-48"/>
      </symbol>
      <symbol id="sm-457">
         <name>Port1_ISR</name>
         <value>0xe03e</value>
         <object_component_ref idref="oc-e1"/>
      </symbol>
      <symbol id="sm-458">
         <name>Port2_ISR</name>
         <value>0xe090</value>
         <object_component_ref idref="oc-e7"/>
      </symbol>
      <symbol id="sm-459">
         <name>Time1_Tick</name>
         <value>0xded0</value>
         <object_component_ref idref="oc-105"/>
      </symbol>
      <symbol id="sm-45a">
         <name>Time0_Tick</name>
         <value>0xe06a</value>
         <object_component_ref idref="oc-f9"/>
      </symbol>
      <symbol id="sm-464">
         <name>main</name>
         <value>0xdc94</value>
         <object_component_ref idref="oc-199"/>
      </symbol>
      <symbol id="sm-46c">
         <name>__mspabi_srai</name>
         <value>0xddbe</value>
         <object_component_ref idref="oc-35e"/>
      </symbol>
      <symbol id="sm-46d">
         <name>__mspabi_srai_8</name>
         <value>0xddd8</value>
         <object_component_ref idref="oc-35e"/>
      </symbol>
      <symbol id="sm-46e">
         <name>__mspabi_srai_9</name>
         <value>0xddd6</value>
         <object_component_ref idref="oc-35e"/>
      </symbol>
      <symbol id="sm-46f">
         <name>__mspabi_srai_6</name>
         <value>0xdddc</value>
         <object_component_ref idref="oc-35e"/>
      </symbol>
      <symbol id="sm-470">
         <name>__mspabi_srai_7</name>
         <value>0xddda</value>
         <object_component_ref idref="oc-35e"/>
      </symbol>
      <symbol id="sm-471">
         <name>__mspabi_srai_4</name>
         <value>0xdde0</value>
         <object_component_ref idref="oc-35e"/>
      </symbol>
      <symbol id="sm-472">
         <name>__mspabi_srai_5</name>
         <value>0xddde</value>
         <object_component_ref idref="oc-35e"/>
      </symbol>
      <symbol id="sm-473">
         <name>__mspabi_srai_2</name>
         <value>0xdde4</value>
         <object_component_ref idref="oc-35e"/>
      </symbol>
      <symbol id="sm-474">
         <name>__mspabi_srai_3</name>
         <value>0xdde2</value>
         <object_component_ref idref="oc-35e"/>
      </symbol>
      <symbol id="sm-475">
         <name>__mspabi_srai_1</name>
         <value>0xdde6</value>
         <object_component_ref idref="oc-35e"/>
      </symbol>
      <symbol id="sm-476">
         <name>__mspabi_srai_15</name>
         <value>0xddca</value>
         <object_component_ref idref="oc-35e"/>
      </symbol>
      <symbol id="sm-477">
         <name>__mspabi_srai_14</name>
         <value>0xddcc</value>
         <object_component_ref idref="oc-35e"/>
      </symbol>
      <symbol id="sm-478">
         <name>__mspabi_srai_13</name>
         <value>0xddce</value>
         <object_component_ref idref="oc-35e"/>
      </symbol>
      <symbol id="sm-479">
         <name>__mspabi_srai_12</name>
         <value>0xddd0</value>
         <object_component_ref idref="oc-35e"/>
      </symbol>
      <symbol id="sm-47a">
         <name>__mspabi_srai_11</name>
         <value>0xddd2</value>
         <object_component_ref idref="oc-35e"/>
      </symbol>
      <symbol id="sm-47b">
         <name>__mspabi_srai_10</name>
         <value>0xddd4</value>
         <object_component_ref idref="oc-35e"/>
      </symbol>
      <symbol id="sm-486">
         <name>__mspabi_remu</name>
         <value>0xdf7e</value>
         <object_component_ref idref="oc-1e3"/>
      </symbol>
      <symbol id="sm-487">
         <name>__mspabi_divu</name>
         <value>0xdf7e</value>
         <object_component_ref idref="oc-1e3"/>
      </symbol>
      <symbol id="sm-492">
         <name>__mspabi_func_epilog_2</name>
         <value>0xe00e</value>
         <object_component_ref idref="oc-bf"/>
      </symbol>
      <symbol id="sm-493">
         <name>__mspabi_func_epilog_3</name>
         <value>0xe00c</value>
         <object_component_ref idref="oc-bf"/>
      </symbol>
      <symbol id="sm-494">
         <name>__mspabi_func_epilog_1</name>
         <value>0xe010</value>
         <object_component_ref idref="oc-bf"/>
      </symbol>
      <symbol id="sm-495">
         <name>__mspabi_func_epilog_6</name>
         <value>0xe006</value>
         <object_component_ref idref="oc-bf"/>
      </symbol>
      <symbol id="sm-496">
         <name>__mspabi_func_epilog_7</name>
         <value>0xe004</value>
         <object_component_ref idref="oc-bf"/>
      </symbol>
      <symbol id="sm-497">
         <name>__mspabi_func_epilog_4</name>
         <value>0xe00a</value>
         <object_component_ref idref="oc-bf"/>
      </symbol>
      <symbol id="sm-498">
         <name>__mspabi_func_epilog_5</name>
         <value>0xe008</value>
         <object_component_ref idref="oc-bf"/>
      </symbol>
      <symbol id="sm-4a3">
         <name>__TI_int00</name>
         <value>0xffe0</value>
         <object_component_ref idref="oc-40"/>
      </symbol>
      <symbol id="sm-4a6">
         <name>__TI_int05</name>
         <value>0xffea</value>
         <object_component_ref idref="oc-43"/>
      </symbol>
      <symbol id="sm-4a9">
         <name>__TI_int09</name>
         <value>0xfff2</value>
         <object_component_ref idref="oc-47"/>
      </symbol>
      <symbol id="sm-4ac">
         <name>__TI_int11</name>
         <value>0xfff6</value>
         <object_component_ref idref="oc-49"/>
      </symbol>
      <symbol id="sm-4af">
         <name>__TI_int13</name>
         <value>0xfffa</value>
         <object_component_ref idref="oc-4b"/>
      </symbol>
      <symbol id="sm-4b2">
         <name>__TI_int14</name>
         <value>0xfffc</value>
         <object_component_ref idref="oc-4c"/>
      </symbol>
      <symbol id="sm-4ba">
         <name>__TI_ISR_TRAP</name>
         <value>0xe07e</value>
         <object_component_ref idref="oc-dc"/>
      </symbol>
      <symbol id="sm-4c2">
         <name>__mspabi_slli</name>
         <value>0xddea</value>
         <object_component_ref idref="oc-b5"/>
      </symbol>
      <symbol id="sm-4c3">
         <name>__mspabi_slli_9</name>
         <value>0xde02</value>
         <object_component_ref idref="oc-b5"/>
      </symbol>
      <symbol id="sm-4c4">
         <name>__mspabi_slli_8</name>
         <value>0xde04</value>
         <object_component_ref idref="oc-b5"/>
      </symbol>
      <symbol id="sm-4c5">
         <name>__mspabi_slli_7</name>
         <value>0xde06</value>
         <object_component_ref idref="oc-b5"/>
      </symbol>
      <symbol id="sm-4c6">
         <name>__mspabi_slli_6</name>
         <value>0xde08</value>
         <object_component_ref idref="oc-b5"/>
      </symbol>
      <symbol id="sm-4c7">
         <name>__mspabi_slli_5</name>
         <value>0xde0a</value>
         <object_component_ref idref="oc-b5"/>
      </symbol>
      <symbol id="sm-4c8">
         <name>__mspabi_slli_4</name>
         <value>0xde0c</value>
         <object_component_ref idref="oc-b5"/>
      </symbol>
      <symbol id="sm-4c9">
         <name>__mspabi_slli_3</name>
         <value>0xde0e</value>
         <object_component_ref idref="oc-b5"/>
      </symbol>
      <symbol id="sm-4ca">
         <name>__mspabi_slli_2</name>
         <value>0xde10</value>
         <object_component_ref idref="oc-b5"/>
      </symbol>
      <symbol id="sm-4cb">
         <name>__mspabi_slli_1</name>
         <value>0xde12</value>
         <object_component_ref idref="oc-b5"/>
      </symbol>
      <symbol id="sm-4cc">
         <name>__mspabi_slli_15</name>
         <value>0xddf6</value>
         <object_component_ref idref="oc-b5"/>
      </symbol>
      <symbol id="sm-4cd">
         <name>__mspabi_slli_14</name>
         <value>0xddf8</value>
         <object_component_ref idref="oc-b5"/>
      </symbol>
      <symbol id="sm-4ce">
         <name>__mspabi_slli_13</name>
         <value>0xddfa</value>
         <object_component_ref idref="oc-b5"/>
      </symbol>
      <symbol id="sm-4cf">
         <name>__mspabi_slli_12</name>
         <value>0xddfc</value>
         <object_component_ref idref="oc-b5"/>
      </symbol>
      <symbol id="sm-4d0">
         <name>__mspabi_slli_11</name>
         <value>0xddfe</value>
         <object_component_ref idref="oc-b5"/>
      </symbol>
      <symbol id="sm-4d1">
         <name>__mspabi_slli_10</name>
         <value>0xde00</value>
         <object_component_ref idref="oc-b5"/>
      </symbol>
      <symbol id="sm-4d9">
         <name>__mspabi_srli_8</name>
         <value>0xdaa2</value>
         <object_component_ref idref="oc-ba"/>
      </symbol>
      <symbol id="sm-4da">
         <name>__mspabi_srli_9</name>
         <value>0xda9e</value>
         <object_component_ref idref="oc-ba"/>
      </symbol>
      <symbol id="sm-4db">
         <name>__mspabi_srli_6</name>
         <value>0xdaaa</value>
         <object_component_ref idref="oc-ba"/>
      </symbol>
      <symbol id="sm-4dc">
         <name>__mspabi_srli_7</name>
         <value>0xdaa6</value>
         <object_component_ref idref="oc-ba"/>
      </symbol>
      <symbol id="sm-4dd">
         <name>__mspabi_srli_4</name>
         <value>0xdab2</value>
         <object_component_ref idref="oc-ba"/>
      </symbol>
      <symbol id="sm-4de">
         <name>__mspabi_srli_5</name>
         <value>0xdaae</value>
         <object_component_ref idref="oc-ba"/>
      </symbol>
      <symbol id="sm-4df">
         <name>__mspabi_srli_2</name>
         <value>0xdaba</value>
         <object_component_ref idref="oc-ba"/>
      </symbol>
      <symbol id="sm-4e0">
         <name>__mspabi_srli_3</name>
         <value>0xdab6</value>
         <object_component_ref idref="oc-ba"/>
      </symbol>
      <symbol id="sm-4e1">
         <name>__mspabi_srli_1</name>
         <value>0xdabe</value>
         <object_component_ref idref="oc-ba"/>
      </symbol>
      <symbol id="sm-4e2">
         <name>__mspabi_srli</name>
         <value>0xda78</value>
         <object_component_ref idref="oc-ba"/>
      </symbol>
      <symbol id="sm-4e3">
         <name>__mspabi_srli_15</name>
         <value>0xda86</value>
         <object_component_ref idref="oc-ba"/>
      </symbol>
      <symbol id="sm-4e4">
         <name>__mspabi_srli_14</name>
         <value>0xda8a</value>
         <object_component_ref idref="oc-ba"/>
      </symbol>
      <symbol id="sm-4e5">
         <name>__mspabi_srli_13</name>
         <value>0xda8e</value>
         <object_component_ref idref="oc-ba"/>
      </symbol>
      <symbol id="sm-4e6">
         <name>__mspabi_srli_12</name>
         <value>0xda92</value>
         <object_component_ref idref="oc-ba"/>
      </symbol>
      <symbol id="sm-4e7">
         <name>__mspabi_srli_11</name>
         <value>0xda96</value>
         <object_component_ref idref="oc-ba"/>
      </symbol>
      <symbol id="sm-4e8">
         <name>__mspabi_srli_10</name>
         <value>0xda9a</value>
         <object_component_ref idref="oc-ba"/>
      </symbol>
      <symbol id="sm-4f2">
         <name>__mspabi_mpyi_sw</name>
         <value>0xdfa8</value>
         <object_component_ref idref="oc-2c6"/>
      </symbol>
      <symbol id="sm-4f3">
         <name>__mspabi_mpyi</name>
         <value>0xdfa8</value>
         <object_component_ref idref="oc-2c6"/>
      </symbol>
      <symbol id="sm-503">
         <name>_stack</name>
         <value>0x3b0</value>
         <object_component_ref idref="oc-b1"/>
      </symbol>
      <symbol id="sm-504">
         <name>_c_int00_noargs</name>
         <value>0xdf30</value>
         <object_component_ref idref="oc-11d"/>
      </symbol>
      <symbol id="sm-505">
         <name>_reset_vector</name>
         <value>0xfffe</value>
         <object_component_ref idref="oc-b4"/>
      </symbol>
      <symbol id="sm-527">
         <name>__TI_auto_init_nobinit_nopinit</name>
         <value>0xdb9c</value>
         <object_component_ref idref="oc-229"/>
      </symbol>
      <symbol id="sm-53f">
         <name>__TI_zero_init_nomemset</name>
         <value>0xdf94</value>
         <object_component_ref idref="oc-10b"/>
      </symbol>
      <symbol id="sm-54b">
         <name>_system_pre_init</name>
         <value>0xe08c</value>
         <object_component_ref idref="oc-193"/>
      </symbol>
      <symbol id="sm-554">
         <name>_system_post_cinit</name>
         <value>0xe094</value>
         <object_component_ref idref="oc-313"/>
      </symbol>
      <symbol id="sm-56a">
         <name>__TI_decompress_none</name>
         <value>0xdfce</value>
         <object_component_ref idref="oc-3a"/>
      </symbol>
      <symbol id="sm-58d">
         <name>__TI_decompress_lzss</name>
         <value>0xd842</value>
         <object_component_ref idref="oc-34"/>
      </symbol>
      <symbol id="sm-598">
         <name>C$$EXIT</name>
         <value>0xe086</value>
         <object_component_ref idref="oc-21d"/>
      </symbol>
      <symbol id="sm-599">
         <name>abort</name>
         <value>0xe086</value>
         <object_component_ref idref="oc-21d"/>
      </symbol>
      <symbol id="sm-5a9">
         <name>memcpy</name>
         <value>0xdfe0</value>
         <object_component_ref idref="oc-cf"/>
      </symbol>
      <symbol id="sm-5ae">
         <name>duty_10ms</name>
         <value>0xdac4</value>
      </symbol>
   </symbol_table>
   <title>Link successful</title>
</link_info>
