<?xml version="1.0" encoding="ISO-8859-1" ?>
<link_info>
   <banner>MSP430 Linker PC v21.6.1.LTS</banner>
   <copyright>Copyright (c) 2003-2018 Texas Instruments Incorporated</copyright>
   <link_time>0x645f87d8</link_time>
   <link_errors>0x0</link_errors>
   <output_file>msp430g2553.out</output_file>
   <entry_point>
      <name>_c_int00_noargs</name>
      <address>0xc4ee</address>
   </entry_point>
   <input_file_list>
      <input_file id="fl-2">
         <path>.\Libraries\libraries\</path>
         <kind>object</kind>
         <file>adc.obj</file>
         <name>adc.obj</name>
      </input_file>
      <input_file id="fl-3">
         <path>.\Libraries\libraries\</path>
         <kind>object</kind>
         <file>exti.obj</file>
         <name>exti.obj</name>
      </input_file>
      <input_file id="fl-4">
         <path>.\Libraries\libraries\</path>
         <kind>object</kind>
         <file>gpio.obj</file>
         <name>gpio.obj</name>
      </input_file>
      <input_file id="fl-5">
         <path>.\Libraries\libraries\</path>
         <kind>object</kind>
         <file>i2c.obj</file>
         <name>i2c.obj</name>
      </input_file>
      <input_file id="fl-6">
         <path>.\Libraries\libraries\</path>
         <kind>object</kind>
         <file>pit.obj</file>
         <name>pit.obj</name>
      </input_file>
      <input_file id="fl-7">
         <path>.\Libraries\libraries\</path>
         <kind>object</kind>
         <file>pwm.obj</file>
         <name>pwm.obj</name>
      </input_file>
      <input_file id="fl-8">
         <path>.\Libraries\libraries\</path>
         <kind>object</kind>
         <file>uart.obj</file>
         <name>uart.obj</name>
      </input_file>
      <input_file id="fl-9">
         <path>.\Libraries\peripheral\</path>
         <kind>object</kind>
         <file>FONT.obj</file>
         <name>FONT.obj</name>
      </input_file>
      <input_file id="fl-a">
         <path>.\Libraries\peripheral\</path>
         <kind>object</kind>
         <file>LCD.obj</file>
         <name>LCD.obj</name>
      </input_file>
      <input_file id="fl-b">
         <path>.\Project\CODE\</path>
         <kind>object</kind>
         <file>loop.obj</file>
         <name>loop.obj</name>
      </input_file>
      <input_file id="fl-c">
         <path>.\Project\CODE\</path>
         <kind>object</kind>
         <file>touch.obj</file>
         <name>touch.obj</name>
      </input_file>
      <input_file id="fl-d">
         <path>.\Project\USER\scr\</path>
         <kind>object</kind>
         <file>isr.obj</file>
         <name>isr.obj</name>
      </input_file>
      <input_file id="fl-e">
         <path>.\Project\USER\scr\</path>
         <kind>object</kind>
         <file>main.obj</file>
         <name>main.obj</name>
      </input_file>
      <input_file id="fl-13">
         <kind>object</kind>
         <file>&lt;internal&gt;</file>
         <name>&lt;internal&gt;</name>
      </input_file>
      <input_file id="fl-29">
         <path>E:\ccs1230\ccs\tools\compiler\ti-cgt-msp430_21.6.1.LTS\lib\</path>
         <kind>archive</kind>
         <file>rts430_eabi.lib</file>
         <name>div16s.asm.obj</name>
      </input_file>
      <input_file id="fl-2a">
         <path>E:\ccs1230\ccs\tools\compiler\ti-cgt-msp430_21.6.1.LTS\lib\</path>
         <kind>archive</kind>
         <file>rts430_eabi.lib</file>
         <name>div16u.asm.obj</name>
      </input_file>
      <input_file id="fl-2b">
         <path>E:\ccs1230\ccs\tools\compiler\ti-cgt-msp430_21.6.1.LTS\lib\</path>
         <kind>archive</kind>
         <file>rts430_eabi.lib</file>
         <name>div32s.asm.obj</name>
      </input_file>
      <input_file id="fl-2c">
         <path>E:\ccs1230\ccs\tools\compiler\ti-cgt-msp430_21.6.1.LTS\lib\</path>
         <kind>archive</kind>
         <file>rts430_eabi.lib</file>
         <name>div32u.asm.obj</name>
      </input_file>
      <input_file id="fl-2d">
         <path>E:\ccs1230\ccs\tools\compiler\ti-cgt-msp430_21.6.1.LTS\lib\</path>
         <kind>archive</kind>
         <file>rts430_eabi.lib</file>
         <name>epilog.asm.obj</name>
      </input_file>
      <input_file id="fl-2e">
         <path>E:\ccs1230\ccs\tools\compiler\ti-cgt-msp430_21.6.1.LTS\lib\</path>
         <kind>archive</kind>
         <file>rts430_eabi.lib</file>
         <name>fs_add.asm.obj</name>
      </input_file>
      <input_file id="fl-2f">
         <path>E:\ccs1230\ccs\tools\compiler\ti-cgt-msp430_21.6.1.LTS\lib\</path>
         <kind>archive</kind>
         <file>rts430_eabi.lib</file>
         <name>fs_cmp.asm.obj</name>
      </input_file>
      <input_file id="fl-30">
         <path>E:\ccs1230\ccs\tools\compiler\ti-cgt-msp430_21.6.1.LTS\lib\</path>
         <kind>archive</kind>
         <file>rts430_eabi.lib</file>
         <name>fs_div.asm.obj</name>
      </input_file>
      <input_file id="fl-31">
         <path>E:\ccs1230\ccs\tools\compiler\ti-cgt-msp430_21.6.1.LTS\lib\</path>
         <kind>archive</kind>
         <file>rts430_eabi.lib</file>
         <name>fs_itof.asm.obj</name>
      </input_file>
      <input_file id="fl-32">
         <path>E:\ccs1230\ccs\tools\compiler\ti-cgt-msp430_21.6.1.LTS\lib\</path>
         <kind>archive</kind>
         <file>rts430_eabi.lib</file>
         <name>fs_mpy.asm.obj</name>
      </input_file>
      <input_file id="fl-33">
         <path>E:\ccs1230\ccs\tools\compiler\ti-cgt-msp430_21.6.1.LTS\lib\</path>
         <kind>archive</kind>
         <file>rts430_eabi.lib</file>
         <name>fs_neg.asm.obj</name>
      </input_file>
      <input_file id="fl-34">
         <path>E:\ccs1230\ccs\tools\compiler\ti-cgt-msp430_21.6.1.LTS\lib\</path>
         <kind>archive</kind>
         <file>rts430_eabi.lib</file>
         <name>fs_toi.asm.obj</name>
      </input_file>
      <input_file id="fl-35">
         <path>E:\ccs1230\ccs\tools\compiler\ti-cgt-msp430_21.6.1.LTS\lib\</path>
         <kind>archive</kind>
         <file>rts430_eabi.lib</file>
         <name>fs_utof.asm.obj</name>
      </input_file>
      <input_file id="fl-36">
         <path>E:\ccs1230\ccs\tools\compiler\ti-cgt-msp430_21.6.1.LTS\lib\</path>
         <kind>archive</kind>
         <file>rts430_eabi.lib</file>
         <name>int00.asm.obj</name>
      </input_file>
      <input_file id="fl-37">
         <path>E:\ccs1230\ccs\tools\compiler\ti-cgt-msp430_21.6.1.LTS\lib\</path>
         <kind>archive</kind>
         <file>rts430_eabi.lib</file>
         <name>int05.asm.obj</name>
      </input_file>
      <input_file id="fl-38">
         <path>E:\ccs1230\ccs\tools\compiler\ti-cgt-msp430_21.6.1.LTS\lib\</path>
         <kind>archive</kind>
         <file>rts430_eabi.lib</file>
         <name>int09.asm.obj</name>
      </input_file>
      <input_file id="fl-39">
         <path>E:\ccs1230\ccs\tools\compiler\ti-cgt-msp430_21.6.1.LTS\lib\</path>
         <kind>archive</kind>
         <file>rts430_eabi.lib</file>
         <name>int11.asm.obj</name>
      </input_file>
      <input_file id="fl-3a">
         <path>E:\ccs1230\ccs\tools\compiler\ti-cgt-msp430_21.6.1.LTS\lib\</path>
         <kind>archive</kind>
         <file>rts430_eabi.lib</file>
         <name>int13.asm.obj</name>
      </input_file>
      <input_file id="fl-3b">
         <path>E:\ccs1230\ccs\tools\compiler\ti-cgt-msp430_21.6.1.LTS\lib\</path>
         <kind>archive</kind>
         <file>rts430_eabi.lib</file>
         <name>int14.asm.obj</name>
      </input_file>
      <input_file id="fl-3c">
         <path>E:\ccs1230\ccs\tools\compiler\ti-cgt-msp430_21.6.1.LTS\lib\</path>
         <kind>archive</kind>
         <file>rts430_eabi.lib</file>
         <name>isr_trap.asm.obj</name>
      </input_file>
      <input_file id="fl-3d">
         <path>E:\ccs1230\ccs\tools\compiler\ti-cgt-msp430_21.6.1.LTS\lib\</path>
         <kind>archive</kind>
         <file>rts430_eabi.lib</file>
         <name>lsr16.asm.obj</name>
      </input_file>
      <input_file id="fl-3e">
         <path>E:\ccs1230\ccs\tools\compiler\ti-cgt-msp430_21.6.1.LTS\lib\</path>
         <kind>archive</kind>
         <file>rts430_eabi.lib</file>
         <name>mult16.asm.obj</name>
      </input_file>
      <input_file id="fl-3f">
         <path>E:\ccs1230\ccs\tools\compiler\ti-cgt-msp430_21.6.1.LTS\lib\</path>
         <kind>archive</kind>
         <file>rts430_eabi.lib</file>
         <name>boot.c.obj</name>
      </input_file>
      <input_file id="fl-40">
         <path>E:\ccs1230\ccs\tools\compiler\ti-cgt-msp430_21.6.1.LTS\lib\</path>
         <kind>archive</kind>
         <file>rts430_eabi.lib</file>
         <name>autoinit.c.obj</name>
      </input_file>
      <input_file id="fl-41">
         <path>E:\ccs1230\ccs\tools\compiler\ti-cgt-msp430_21.6.1.LTS\lib\</path>
         <kind>archive</kind>
         <file>rts430_eabi.lib</file>
         <name>copy_zero_init.c.obj</name>
      </input_file>
      <input_file id="fl-42">
         <path>E:\ccs1230\ccs\tools\compiler\ti-cgt-msp430_21.6.1.LTS\lib\</path>
         <kind>archive</kind>
         <file>rts430_eabi.lib</file>
         <name>cpy_tbl.c.obj</name>
      </input_file>
      <input_file id="fl-43">
         <path>E:\ccs1230\ccs\tools\compiler\ti-cgt-msp430_21.6.1.LTS\lib\</path>
         <kind>archive</kind>
         <file>rts430_eabi.lib</file>
         <name>mpu_init.c.obj</name>
      </input_file>
      <input_file id="fl-44">
         <path>E:\ccs1230\ccs\tools\compiler\ti-cgt-msp430_21.6.1.LTS\lib\</path>
         <kind>archive</kind>
         <file>rts430_eabi.lib</file>
         <name>lsr64.c.obj</name>
      </input_file>
      <input_file id="fl-45">
         <path>E:\ccs1230\ccs\tools\compiler\ti-cgt-msp430_21.6.1.LTS\lib\</path>
         <kind>archive</kind>
         <file>rts430_eabi.lib</file>
         <name>pre_init.c.obj</name>
      </input_file>
      <input_file id="fl-46">
         <path>E:\ccs1230\ccs\tools\compiler\ti-cgt-msp430_21.6.1.LTS\lib\</path>
         <kind>archive</kind>
         <file>rts430_eabi.lib</file>
         <name>startup.c.obj</name>
      </input_file>
      <input_file id="fl-47">
         <path>E:\ccs1230\ccs\tools\compiler\ti-cgt-msp430_21.6.1.LTS\lib\</path>
         <kind>archive</kind>
         <file>rts430_eabi.lib</file>
         <name>copy_decompress_none.c.obj</name>
      </input_file>
      <input_file id="fl-48">
         <path>E:\ccs1230\ccs\tools\compiler\ti-cgt-msp430_21.6.1.LTS\lib\</path>
         <kind>archive</kind>
         <file>rts430_eabi.lib</file>
         <name>copy_decompress_lzss.c.obj</name>
      </input_file>
      <input_file id="fl-49">
         <path>E:\ccs1230\ccs\tools\compiler\ti-cgt-msp430_21.6.1.LTS\lib\</path>
         <kind>archive</kind>
         <file>rts430_eabi.lib</file>
         <name>exit.c.obj</name>
      </input_file>
      <input_file id="fl-4a">
         <path>E:\ccs1230\ccs\tools\compiler\ti-cgt-msp430_21.6.1.LTS\lib\</path>
         <kind>archive</kind>
         <file>rts430_eabi.lib</file>
         <name>_lock.c.obj</name>
      </input_file>
      <input_file id="fl-4b">
         <path>E:\ccs1230\ccs\tools\compiler\ti-cgt-msp430_21.6.1.LTS\lib\</path>
         <kind>archive</kind>
         <file>rts430_eabi.lib</file>
         <name>args_main.c.obj</name>
      </input_file>
      <input_file id="fl-4c">
         <path>E:\ccs1230\ccs\tools\compiler\ti-cgt-msp430_21.6.1.LTS\lib\</path>
         <kind>archive</kind>
         <file>rts430_eabi.lib</file>
         <name>memcpy.c.obj</name>
      </input_file>
      <input_file id="fl-4d">
         <path>E:\ccs1230\ccs\tools\compiler\ti-cgt-msp430_21.6.1.LTS\lib\</path>
         <kind>archive</kind>
         <file>rts430_eabi.lib</file>
         <name>memset.c.obj</name>
      </input_file>
      <input_file id="fl-4e">
         <path>E:\ccs1230\ccs\tools\compiler\ti-cgt-msp430_21.6.1.LTS\lib\</path>
         <kind>archive</kind>
         <file>rts430_eabi.lib</file>
         <name>asr16.asm.obj</name>
      </input_file>
      <input_file id="fl-4f">
         <path>E:\ccs1230\ccs\tools\compiler\ti-cgt-msp430_21.6.1.LTS\lib\</path>
         <kind>archive</kind>
         <file>rts430_eabi.lib</file>
         <name>lsl16.asm.obj</name>
      </input_file>
      <input_file id="fl-50">
         <path>E:\ccs1230\ccs\tools\compiler\ti-cgt-msp430_21.6.1.LTS\lib\</path>
         <kind>archive</kind>
         <file>rts430_eabi.lib</file>
         <name>exit_gvars.c.obj</name>
      </input_file>
   </input_file_list>
   <object_component_list>
      <object_component id="oc-2e6">
         <name>.bss</name>
         <uninitialized>true</uninitialized>
         <run_address>0x290</run_address>
         <size>0x2</size>
         <input_file_ref idref="fl-c"/>
      </object_component>
      <object_component id="oc-166">
         <name>.common:PTxData</name>
         <uninitialized>true</uninitialized>
         <run_address>0x294</run_address>
         <size>0x2</size>
      </object_component>
      <object_component id="oc-168">
         <name>.common:PRxData</name>
         <uninitialized>true</uninitialized>
         <run_address>0x292</run_address>
         <size>0x2</size>
      </object_component>
      <object_component id="oc-163">
         <name>.common:TxByteCtr</name>
         <uninitialized>true</uninitialized>
         <run_address>0x299</run_address>
         <size>0x1</size>
      </object_component>
      <object_component id="oc-167">
         <name>.common:RxByteCtr</name>
         <uninitialized>true</uninitialized>
         <run_address>0x298</run_address>
         <size>0x1</size>
      </object_component>
      <object_component id="oc-1cc">
         <name>.common:tick</name>
         <uninitialized>true</uninitialized>
         <run_address>0x296</run_address>
         <size>0x2</size>
      </object_component>
      <object_component id="oc-2f0">
         <name>.data:FREQ_THRESHOLD_MAX</name>
         <load_address>0x280</load_address>
         <run_address>0x280</run_address>
         <size>0x4</size>
         <input_file_ref idref="fl-c"/>
      </object_component>
      <object_component id="oc-2ed">
         <name>.data:FREQ_THRESHOLD_MIN</name>
         <load_address>0x284</load_address>
         <run_address>0x284</run_address>
         <size>0x4</size>
         <input_file_ref idref="fl-c"/>
      </object_component>
      <object_component id="oc-2ea">
         <name>.data:Key_Buff</name>
         <load_address>0x288</load_address>
         <run_address>0x288</run_address>
         <size>0x4</size>
         <input_file_ref idref="fl-c"/>
      </object_component>
      <object_component id="oc-2e3">
         <name>.data</name>
         <load_address>0x28e</load_address>
         <run_address>0x28e</run_address>
         <size>0x2</size>
         <input_file_ref idref="fl-c"/>
      </object_component>
      <object_component id="oc-2b4">
         <name>.data:state</name>
         <load_address>0x28c</load_address>
         <run_address>0x28c</run_address>
         <size>0x2</size>
         <input_file_ref idref="fl-c"/>
      </object_component>
      <object_component id="oc-16a">
         <name>.data:rx_buf$1</name>
         <load_address>0x200</load_address>
         <run_address>0x200</run_address>
         <size>0x80</size>
         <input_file_ref idref="fl-d"/>
      </object_component>
      <object_component id="oc-b1">
         <name>.stack</name>
         <uninitialized>true</uninitialized>
         <run_address>0x3b0</run_address>
         <size>0x2</size>
         <input_file_ref idref="fl-3f"/>
      </object_component>
      <object_component id="oc-353">
         <name>.stack</name>
         <uninitialized>true</uninitialized>
         <run_address>0x3b0</run_address>
         <size>0x0</size>
      </object_component>
      <object_component id="oc-1e3">
         <name>.text:uart_init</name>
         <load_address>0xc000</load_address>
         <run_address>0xc000</run_address>
         <size>0xba</size>
         <input_file_ref idref="fl-8"/>
      </object_component>
      <object_component id="oc-34">
         <name>.text:decompress:lzss:__TI_decompress_lzss</name>
         <load_address>0xc0ba</load_address>
         <run_address>0xc0ba</run_address>
         <size>0x7c</size>
         <input_file_ref idref="fl-48"/>
      </object_component>
      <object_component id="oc-ed">
         <name>.text:USCIAB0TX_ISR</name>
         <load_address>0xc136</load_address>
         <run_address>0xc136</run_address>
         <size>0x72</size>
         <input_file_ref idref="fl-5"/>
      </object_component>
      <object_component id="oc-2a1">
         <name>.text:Key_Measure_Freq</name>
         <load_address>0xc1a8</load_address>
         <run_address>0xc1a8</run_address>
         <size>0x60</size>
         <input_file_ref idref="fl-c"/>
      </object_component>
      <object_component id="oc-1ef">
         <name>.text:tim_interrupt_init_ms</name>
         <load_address>0xc208</load_address>
         <run_address>0xc208</run_address>
         <size>0x60</size>
         <input_file_ref idref="fl-6"/>
      </object_component>
      <object_component id="oc-ba">
         <name>.text</name>
         <load_address>0xc268</load_address>
         <run_address>0xc268</run_address>
         <size>0x4c</size>
         <input_file_ref idref="fl-3d"/>
      </object_component>
      <object_component id="oc-1e9">
         <name>.text:gpio_init</name>
         <load_address>0xc2b4</load_address>
         <run_address>0xc2b4</run_address>
         <size>0x48</size>
         <input_file_ref idref="fl-4"/>
      </object_component>
      <object_component id="oc-202">
         <name>.text:__TI_auto_init_nobinit_nopinit:__TI_auto_init_nobinit_nopinit</name>
         <load_address>0xc2fc</load_address>
         <run_address>0xc2fc</run_address>
         <size>0x42</size>
         <input_file_ref idref="fl-40"/>
      </object_component>
      <object_component id="oc-2a7">
         <name>.text:Key_FIFO</name>
         <load_address>0xc33e</load_address>
         <run_address>0xc33e</run_address>
         <size>0x3e</size>
         <input_file_ref idref="fl-c"/>
      </object_component>
      <object_component id="oc-24c">
         <name>.text:Touch_check</name>
         <load_address>0xc37c</load_address>
         <run_address>0xc37c</run_address>
         <size>0x30</size>
         <input_file_ref idref="fl-c"/>
      </object_component>
      <object_component id="oc-f3">
         <name>.text:UART_Receive_ISR</name>
         <load_address>0xc3ac</load_address>
         <run_address>0xc3ac</run_address>
         <size>0x2e</size>
         <input_file_ref idref="fl-d"/>
      </object_component>
      <object_component id="oc-1d4">
         <name>.text:duty_25ms</name>
         <load_address>0xc3da</load_address>
         <run_address>0xc3da</run_address>
         <size>0x2c</size>
         <input_file_ref idref="fl-b"/>
      </object_component>
      <object_component id="oc-b5">
         <name>.text</name>
         <load_address>0xc406</load_address>
         <run_address>0xc406</run_address>
         <size>0x2c</size>
         <input_file_ref idref="fl-4f"/>
      </object_component>
      <object_component id="oc-195">
         <name>.text:main</name>
         <load_address>0xc432</load_address>
         <run_address>0xc432</run_address>
         <size>0x28</size>
         <input_file_ref idref="fl-e"/>
      </object_component>
      <object_component id="oc-2ad">
         <name>.text:Key_Judge</name>
         <load_address>0xc45a</load_address>
         <run_address>0xc45a</run_address>
         <size>0x26</size>
         <input_file_ref idref="fl-c"/>
      </object_component>
      <object_component id="oc-17b">
         <name>.text:PIT1_handler</name>
         <load_address>0xc480</load_address>
         <run_address>0xc480</run_address>
         <size>0x26</size>
         <input_file_ref idref="fl-b"/>
      </object_component>
      <object_component id="oc-105">
         <name>.text:Time1_Tick</name>
         <load_address>0xc4a6</load_address>
         <run_address>0xc4a6</run_address>
         <size>0x24</size>
         <input_file_ref idref="fl-d"/>
      </object_component>
      <object_component id="oc-252">
         <name>.text:gpio_set</name>
         <load_address>0xc4ca</load_address>
         <run_address>0xc4ca</run_address>
         <size>0x24</size>
         <input_file_ref idref="fl-4"/>
      </object_component>
      <object_component id="oc-11d">
         <name>.text:_c_int00_noargs</name>
         <load_address>0xc4ee</load_address>
         <run_address>0xc4ee</run_address>
         <size>0x1c</size>
         <input_file_ref idref="fl-3f"/>
      </object_component>
      <object_component id="oc-ff">
         <name>.text:WDT_ISR</name>
         <load_address>0xc50a</load_address>
         <run_address>0xc50a</run_address>
         <size>0x1a</size>
         <input_file_ref idref="fl-d"/>
      </object_component>
      <object_component id="oc-259">
         <name>.text:InitSystemClock</name>
         <load_address>0xc524</load_address>
         <run_address>0xc524</run_address>
         <size>0x18</size>
         <input_file_ref idref="fl-6"/>
      </object_component>
      <object_component id="oc-1cf">
         <name>.text</name>
         <load_address>0xc53c</load_address>
         <run_address>0xc53c</run_address>
         <size>0x16</size>
         <input_file_ref idref="fl-2a"/>
      </object_component>
      <object_component id="oc-10b">
         <name>.text:decompress:ZI:__TI_zero_init_nomemset:__TI_zero_init_nomemset</name>
         <load_address>0xc552</load_address>
         <run_address>0xc552</run_address>
         <size>0x14</size>
         <input_file_ref idref="fl-41"/>
      </object_component>
      <object_component id="oc-261">
         <name>.text</name>
         <load_address>0xc566</load_address>
         <run_address>0xc566</run_address>
         <size>0x14</size>
         <input_file_ref idref="fl-3e"/>
      </object_component>
      <object_component id="oc-3a">
         <name>.text:decompress:none:__TI_decompress_none</name>
         <load_address>0xc57a</load_address>
         <run_address>0xc57a</run_address>
         <size>0x12</size>
         <input_file_ref idref="fl-47"/>
      </object_component>
      <object_component id="oc-cf">
         <name>.text:memcpy</name>
         <load_address>0xc58c</load_address>
         <run_address>0xc58c</run_address>
         <size>0x12</size>
         <input_file_ref idref="fl-4c"/>
      </object_component>
      <object_component id="oc-16b">
         <name>.text:uart_putstr</name>
         <load_address>0xc59e</load_address>
         <run_address>0xc59e</run_address>
         <size>0x12</size>
         <input_file_ref idref="fl-8"/>
      </object_component>
      <object_component id="oc-bf">
         <name>.text</name>
         <load_address>0xc5b0</load_address>
         <run_address>0xc5b0</run_address>
         <size>0x10</size>
         <input_file_ref idref="fl-2d"/>
      </object_component>
      <object_component id="oc-246">
         <name>.text:TouchIN_Dect</name>
         <load_address>0xc5c0</load_address>
         <run_address>0xc5c0</run_address>
         <size>0xe</size>
         <input_file_ref idref="fl-c"/>
      </object_component>
      <object_component id="oc-e1">
         <name>.text:Port1_ISR</name>
         <load_address>0xc5ce</load_address>
         <run_address>0xc5ce</run_address>
         <size>0xc</size>
         <input_file_ref idref="fl-d"/>
      </object_component>
      <object_component id="oc-1c1">
         <name>.text:uart_putchar</name>
         <load_address>0xc5da</load_address>
         <run_address>0xc5da</run_address>
         <size>0xc</size>
         <input_file_ref idref="fl-8"/>
      </object_component>
      <object_component id="oc-f9">
         <name>.text:Time0_Tick</name>
         <load_address>0xc5e6</load_address>
         <run_address>0xc5e6</run_address>
         <size>0xa</size>
         <input_file_ref idref="fl-d"/>
      </object_component>
      <object_component id="oc-dc">
         <name>.text:_isr:__TI_ISR_TRAP</name>
         <load_address>0xc5f0</load_address>
         <run_address>0xc5f0</run_address>
         <size>0x8</size>
         <input_file_ref idref="fl-3c"/>
      </object_component>
      <object_component id="oc-1f6">
         <name>.text:abort</name>
         <load_address>0xc5f8</load_address>
         <run_address>0xc5f8</run_address>
         <size>0x6</size>
         <input_file_ref idref="fl-49"/>
      </object_component>
      <object_component id="oc-18f">
         <name>.text:_system_pre_init</name>
         <load_address>0xc5fe</load_address>
         <run_address>0xc5fe</run_address>
         <size>0x4</size>
         <input_file_ref idref="fl-45"/>
      </object_component>
      <object_component id="oc-e7">
         <name>.text:Port2_ISR</name>
         <load_address>0xc602</load_address>
         <run_address>0xc602</run_address>
         <size>0x2</size>
         <input_file_ref idref="fl-d"/>
      </object_component>
      <object_component id="oc-174">
         <name>.text:WDT_Ontime</name>
         <load_address>0xc604</load_address>
         <run_address>0xc604</run_address>
         <size>0x2</size>
         <input_file_ref idref="fl-b"/>
      </object_component>
      <object_component id="oc-27e">
         <name>.text:_system_post_cinit</name>
         <load_address>0xc606</load_address>
         <run_address>0xc606</run_address>
         <size>0x2</size>
         <input_file_ref idref="fl-46"/>
      </object_component>
      <object_component id="oc-352">
         <name>.cinit..data.load</name>
         <load_address>0xc608</load_address>
         <run_address>0xc608</run_address>
         <size>0x13</size>
      </object_component>
      <object_component id="oc-34f">
         <name>__TI_handler_table</name>
         <load_address>0xc61c</load_address>
         <run_address>0xc61c</run_address>
         <size>0x6</size>
      </object_component>
      <object_component id="oc-351">
         <name>.cinit..bss.load</name>
         <load_address>0xc622</load_address>
         <run_address>0xc622</run_address>
         <size>0x4</size>
      </object_component>
      <object_component id="oc-350">
         <name>__TI_cinit_table</name>
         <load_address>0xc626</load_address>
         <run_address>0xc626</run_address>
         <size>0x8</size>
      </object_component>
      <object_component id="oc-311">
         <name>.binit</name>
         <load_address>0xc000</load_address>
         <run_address>0xc000</run_address>
         <size>0x0</size>
      </object_component>
      <object_component id="oc-40">
         <name>.int00</name>
         <load_address>0xffe0</load_address>
         <run_address>0xffe0</run_address>
         <size>0x2</size>
         <input_file_ref idref="fl-36"/>
      </object_component>
      <object_component id="oc-41">
         <name>.int02</name>
         <load_address>0xffe4</load_address>
         <run_address>0xffe4</run_address>
         <size>0x2</size>
         <input_file_ref idref="fl-d"/>
      </object_component>
      <object_component id="oc-42">
         <name>.int03</name>
         <load_address>0xffe6</load_address>
         <run_address>0xffe6</run_address>
         <size>0x2</size>
         <input_file_ref idref="fl-d"/>
      </object_component>
      <object_component id="oc-43">
         <name>.int05</name>
         <load_address>0xffea</load_address>
         <run_address>0xffea</run_address>
         <size>0x2</size>
         <input_file_ref idref="fl-37"/>
      </object_component>
      <object_component id="oc-44">
         <name>.int06</name>
         <load_address>0xffec</load_address>
         <run_address>0xffec</run_address>
         <size>0x2</size>
         <input_file_ref idref="fl-5"/>
      </object_component>
      <object_component id="oc-45">
         <name>.int07</name>
         <load_address>0xffee</load_address>
         <run_address>0xffee</run_address>
         <size>0x2</size>
         <input_file_ref idref="fl-d"/>
      </object_component>
      <object_component id="oc-46">
         <name>.int08</name>
         <load_address>0xfff0</load_address>
         <run_address>0xfff0</run_address>
         <size>0x2</size>
         <input_file_ref idref="fl-d"/>
      </object_component>
      <object_component id="oc-47">
         <name>.int09</name>
         <load_address>0xfff2</load_address>
         <run_address>0xfff2</run_address>
         <size>0x2</size>
         <input_file_ref idref="fl-38"/>
      </object_component>
      <object_component id="oc-48">
         <name>.int10</name>
         <load_address>0xfff4</load_address>
         <run_address>0xfff4</run_address>
         <size>0x2</size>
         <input_file_ref idref="fl-d"/>
      </object_component>
      <object_component id="oc-49">
         <name>.int11</name>
         <load_address>0xfff6</load_address>
         <run_address>0xfff6</run_address>
         <size>0x2</size>
         <input_file_ref idref="fl-39"/>
      </object_component>
      <object_component id="oc-4a">
         <name>.int12</name>
         <load_address>0xfff8</load_address>
         <run_address>0xfff8</run_address>
         <size>0x2</size>
         <input_file_ref idref="fl-d"/>
      </object_component>
      <object_component id="oc-4b">
         <name>.int13</name>
         <load_address>0xfffa</load_address>
         <run_address>0xfffa</run_address>
         <size>0x2</size>
         <input_file_ref idref="fl-3a"/>
      </object_component>
      <object_component id="oc-4c">
         <name>.int14</name>
         <load_address>0xfffc</load_address>
         <run_address>0xfffc</run_address>
         <size>0x2</size>
         <input_file_ref idref="fl-3b"/>
      </object_component>
      <object_component id="oc-b4">
         <name>.reset</name>
         <load_address>0xfffe</load_address>
         <run_address>0xfffe</run_address>
         <size>0x2</size>
         <input_file_ref idref="fl-3f"/>
      </object_component>
      <object_component id="oc-235">
         <name>.debug_info</name>
         <load_address>0x0</load_address>
         <run_address>0x0</run_address>
         <size>0x1ba</size>
         <input_file_ref idref="fl-2"/>
      </object_component>
      <object_component id="oc-240">
         <name>.debug_info</name>
         <load_address>0x1ba</load_address>
         <run_address>0x1ba</run_address>
         <size>0x10b</size>
         <input_file_ref idref="fl-2"/>
      </object_component>
      <object_component id="oc-1bc">
         <name>.debug_info</name>
         <load_address>0x2c5</load_address>
         <run_address>0x2c5</run_address>
         <size>0x26b</size>
         <input_file_ref idref="fl-2"/>
      </object_component>
      <object_component id="oc-ca">
         <name>.debug_info</name>
         <load_address>0x530</load_address>
         <run_address>0x530</run_address>
         <size>0x84</size>
         <input_file_ref idref="fl-2"/>
      </object_component>
      <object_component id="oc-1db">
         <name>.debug_info</name>
         <load_address>0x5b4</load_address>
         <run_address>0x5b4</run_address>
         <size>0x282</size>
         <input_file_ref idref="fl-2"/>
      </object_component>
      <object_component id="oc-182">
         <name>.debug_info</name>
         <load_address>0x836</load_address>
         <run_address>0x836</run_address>
         <size>0xbb</size>
         <input_file_ref idref="fl-2"/>
      </object_component>
      <object_component id="oc-253">
         <name>.debug_info</name>
         <load_address>0x8f1</load_address>
         <run_address>0x8f1</run_address>
         <size>0x18a</size>
         <input_file_ref idref="fl-4"/>
      </object_component>
      <object_component id="oc-1eb">
         <name>.debug_info</name>
         <load_address>0xa7b</load_address>
         <run_address>0xa7b</run_address>
         <size>0x1b9</size>
         <input_file_ref idref="fl-4"/>
      </object_component>
      <object_component id="oc-164">
         <name>.debug_info</name>
         <load_address>0xc34</load_address>
         <run_address>0xc34</run_address>
         <size>0x3cc</size>
         <input_file_ref idref="fl-5"/>
      </object_component>
      <object_component id="oc-ee">
         <name>.debug_info</name>
         <load_address>0x1000</load_address>
         <run_address>0x1000</run_address>
         <size>0x134</size>
         <input_file_ref idref="fl-5"/>
      </object_component>
      <object_component id="oc-25a">
         <name>.debug_info</name>
         <load_address>0x1134</load_address>
         <run_address>0x1134</run_address>
         <size>0x137</size>
         <input_file_ref idref="fl-6"/>
      </object_component>
      <object_component id="oc-1f0">
         <name>.debug_info</name>
         <load_address>0x126b</load_address>
         <run_address>0x126b</run_address>
         <size>0x1d1</size>
         <input_file_ref idref="fl-6"/>
      </object_component>
      <object_component id="oc-267">
         <name>.debug_info</name>
         <load_address>0x143c</load_address>
         <run_address>0x143c</run_address>
         <size>0x51</size>
         <input_file_ref idref="fl-6"/>
      </object_component>
      <object_component id="oc-23b">
         <name>.debug_info</name>
         <load_address>0x148d</load_address>
         <run_address>0x148d</run_address>
         <size>0x51</size>
         <input_file_ref idref="fl-6"/>
      </object_component>
      <object_component id="oc-1c8">
         <name>.debug_info</name>
         <load_address>0x14de</load_address>
         <run_address>0x14de</run_address>
         <size>0x2ca</size>
         <input_file_ref idref="fl-8"/>
      </object_component>
      <object_component id="oc-1c2">
         <name>.debug_info</name>
         <load_address>0x17a8</load_address>
         <run_address>0x17a8</run_address>
         <size>0x152</size>
         <input_file_ref idref="fl-8"/>
      </object_component>
      <object_component id="oc-16c">
         <name>.debug_info</name>
         <load_address>0x18fa</load_address>
         <run_address>0x18fa</run_address>
         <size>0x163</size>
         <input_file_ref idref="fl-8"/>
      </object_component>
      <object_component id="oc-1e4">
         <name>.debug_info</name>
         <load_address>0x1a5d</load_address>
         <run_address>0x1a5d</run_address>
         <size>0x166</size>
         <input_file_ref idref="fl-8"/>
      </object_component>
      <object_component id="oc-1cd">
         <name>.debug_info</name>
         <load_address>0x1bc3</load_address>
         <run_address>0x1bc3</run_address>
         <size>0x1c3</size>
         <input_file_ref idref="fl-b"/>
      </object_component>
      <object_component id="oc-1d5">
         <name>.debug_info</name>
         <load_address>0x1d86</load_address>
         <run_address>0x1d86</run_address>
         <size>0x173</size>
         <input_file_ref idref="fl-b"/>
      </object_component>
      <object_component id="oc-175">
         <name>.debug_info</name>
         <load_address>0x1ef9</load_address>
         <run_address>0x1ef9</run_address>
         <size>0x11b</size>
         <input_file_ref idref="fl-b"/>
      </object_component>
      <object_component id="oc-17d">
         <name>.debug_info</name>
         <load_address>0x2014</load_address>
         <run_address>0x2014</run_address>
         <size>0x143</size>
         <input_file_ref idref="fl-b"/>
      </object_component>
      <object_component id="oc-2f7">
         <name>.debug_info</name>
         <load_address>0x2157</load_address>
         <run_address>0x2157</run_address>
         <size>0x1f6</size>
         <input_file_ref idref="fl-c"/>
      </object_component>
      <object_component id="oc-2f1">
         <name>.debug_info</name>
         <load_address>0x234d</load_address>
         <run_address>0x234d</run_address>
         <size>0xe7</size>
         <input_file_ref idref="fl-c"/>
      </object_component>
      <object_component id="oc-2ee">
         <name>.debug_info</name>
         <load_address>0x2434</load_address>
         <run_address>0x2434</run_address>
         <size>0xe7</size>
         <input_file_ref idref="fl-c"/>
      </object_component>
      <object_component id="oc-2e7">
         <name>.debug_info</name>
         <load_address>0x251b</load_address>
         <run_address>0x251b</run_address>
         <size>0xcb</size>
         <input_file_ref idref="fl-c"/>
      </object_component>
      <object_component id="oc-2eb">
         <name>.debug_info</name>
         <load_address>0x25e6</load_address>
         <run_address>0x25e6</run_address>
         <size>0xd3</size>
         <input_file_ref idref="fl-c"/>
      </object_component>
      <object_component id="oc-2e4">
         <name>.debug_info</name>
         <load_address>0x26b9</load_address>
         <run_address>0x26b9</run_address>
         <size>0xe7</size>
         <input_file_ref idref="fl-c"/>
      </object_component>
      <object_component id="oc-2b5">
         <name>.debug_info</name>
         <load_address>0x27a0</load_address>
         <run_address>0x27a0</run_address>
         <size>0xcd</size>
         <input_file_ref idref="fl-c"/>
      </object_component>
      <object_component id="oc-24d">
         <name>.debug_info</name>
         <load_address>0x286d</load_address>
         <run_address>0x286d</run_address>
         <size>0x143</size>
         <input_file_ref idref="fl-c"/>
      </object_component>
      <object_component id="oc-2a3">
         <name>.debug_info</name>
         <load_address>0x29b0</load_address>
         <run_address>0x29b0</run_address>
         <size>0x13e</size>
         <input_file_ref idref="fl-c"/>
      </object_component>
      <object_component id="oc-2a8">
         <name>.debug_info</name>
         <load_address>0x2aee</load_address>
         <run_address>0x2aee</run_address>
         <size>0x11a</size>
         <input_file_ref idref="fl-c"/>
      </object_component>
      <object_component id="oc-2af">
         <name>.debug_info</name>
         <load_address>0x2c08</load_address>
         <run_address>0x2c08</run_address>
         <size>0x11c</size>
         <input_file_ref idref="fl-c"/>
      </object_component>
      <object_component id="oc-247">
         <name>.debug_info</name>
         <load_address>0x2d24</load_address>
         <run_address>0x2d24</run_address>
         <size>0x158</size>
         <input_file_ref idref="fl-c"/>
      </object_component>
      <object_component id="oc-172">
         <name>.debug_info</name>
         <load_address>0x2e7c</load_address>
         <run_address>0x2e7c</run_address>
         <size>0x26e</size>
         <input_file_ref idref="fl-d"/>
      </object_component>
      <object_component id="oc-100">
         <name>.debug_info</name>
         <load_address>0x30ea</load_address>
         <run_address>0x30ea</run_address>
         <size>0x130</size>
         <input_file_ref idref="fl-d"/>
      </object_component>
      <object_component id="oc-f4">
         <name>.debug_info</name>
         <load_address>0x321a</load_address>
         <run_address>0x321a</run_address>
         <size>0x15e</size>
         <input_file_ref idref="fl-d"/>
      </object_component>
      <object_component id="oc-107">
         <name>.debug_info</name>
         <load_address>0x3378</load_address>
         <run_address>0x3378</run_address>
         <size>0x14d</size>
         <input_file_ref idref="fl-d"/>
      </object_component>
      <object_component id="oc-fa">
         <name>.debug_info</name>
         <load_address>0x34c5</load_address>
         <run_address>0x34c5</run_address>
         <size>0x125</size>
         <input_file_ref idref="fl-d"/>
      </object_component>
      <object_component id="oc-e8">
         <name>.debug_info</name>
         <load_address>0x35ea</load_address>
         <run_address>0x35ea</run_address>
         <size>0x123</size>
         <input_file_ref idref="fl-d"/>
      </object_component>
      <object_component id="oc-e3">
         <name>.debug_info</name>
         <load_address>0x370d</load_address>
         <run_address>0x370d</run_address>
         <size>0x123</size>
         <input_file_ref idref="fl-d"/>
      </object_component>
      <object_component id="oc-196">
         <name>.debug_info</name>
         <load_address>0x3830</load_address>
         <run_address>0x3830</run_address>
         <size>0x155</size>
         <input_file_ref idref="fl-e"/>
      </object_component>
      <object_component id="oc-1d0">
         <name>.debug_info</name>
         <load_address>0x3985</load_address>
         <run_address>0x3985</run_address>
         <size>0x121</size>
         <input_file_ref idref="fl-2a"/>
      </object_component>
      <object_component id="oc-c1">
         <name>.debug_info</name>
         <load_address>0x3aa6</load_address>
         <run_address>0x3aa6</run_address>
         <size>0x12e</size>
         <input_file_ref idref="fl-2d"/>
      </object_component>
      <object_component id="oc-dd">
         <name>.debug_info</name>
         <load_address>0x3bd4</load_address>
         <run_address>0x3bd4</run_address>
         <size>0x10f</size>
         <input_file_ref idref="fl-3c"/>
      </object_component>
      <object_component id="oc-bc">
         <name>.debug_info</name>
         <load_address>0x3ce3</load_address>
         <run_address>0x3ce3</run_address>
         <size>0x120</size>
         <input_file_ref idref="fl-3d"/>
      </object_component>
      <object_component id="oc-262">
         <name>.debug_info</name>
         <load_address>0x3e03</load_address>
         <run_address>0x3e03</run_address>
         <size>0x121</size>
         <input_file_ref idref="fl-3e"/>
      </object_component>
      <object_component id="oc-b2">
         <name>.debug_info</name>
         <load_address>0x3f24</load_address>
         <run_address>0x3f24</run_address>
         <size>0x100</size>
         <input_file_ref idref="fl-3f"/>
      </object_component>
      <object_component id="oc-121">
         <name>.debug_info</name>
         <load_address>0x4024</load_address>
         <run_address>0x4024</run_address>
         <size>0x17a</size>
         <input_file_ref idref="fl-3f"/>
      </object_component>
      <object_component id="oc-285">
         <name>.debug_info</name>
         <load_address>0x419e</load_address>
         <run_address>0x419e</run_address>
         <size>0x3de</size>
         <input_file_ref idref="fl-40"/>
      </object_component>
      <object_component id="oc-203">
         <name>.debug_info</name>
         <load_address>0x457c</load_address>
         <run_address>0x457c</run_address>
         <size>0x1e0</size>
         <input_file_ref idref="fl-40"/>
      </object_component>
      <object_component id="oc-2d2">
         <name>.debug_info</name>
         <load_address>0x475c</load_address>
         <run_address>0x475c</run_address>
         <size>0x39</size>
         <input_file_ref idref="fl-40"/>
      </object_component>
      <object_component id="oc-2de">
         <name>.debug_info</name>
         <load_address>0x4795</load_address>
         <run_address>0x4795</run_address>
         <size>0x2c</size>
         <input_file_ref idref="fl-40"/>
      </object_component>
      <object_component id="oc-290">
         <name>.debug_info</name>
         <load_address>0x47c1</load_address>
         <run_address>0x47c1</run_address>
         <size>0x2c</size>
         <input_file_ref idref="fl-40"/>
      </object_component>
      <object_component id="oc-2d7">
         <name>.debug_info</name>
         <load_address>0x47ed</load_address>
         <run_address>0x47ed</run_address>
         <size>0xcd</size>
         <input_file_ref idref="fl-40"/>
      </object_component>
      <object_component id="oc-18d">
         <name>.debug_info</name>
         <load_address>0x48ba</load_address>
         <run_address>0x48ba</run_address>
         <size>0x175</size>
         <input_file_ref idref="fl-41"/>
      </object_component>
      <object_component id="oc-10f">
         <name>.debug_info</name>
         <load_address>0x4a2f</load_address>
         <run_address>0x4a2f</run_address>
         <size>0x1d2</size>
         <input_file_ref idref="fl-41"/>
      </object_component>
      <object_component id="oc-188">
         <name>.debug_info</name>
         <load_address>0x4c01</load_address>
         <run_address>0x4c01</run_address>
         <size>0x46</size>
         <input_file_ref idref="fl-41"/>
      </object_component>
      <object_component id="oc-154">
         <name>.debug_info</name>
         <load_address>0x4c47</load_address>
         <run_address>0x4c47</run_address>
         <size>0x2c</size>
         <input_file_ref idref="fl-41"/>
      </object_component>
      <object_component id="oc-193">
         <name>.debug_info</name>
         <load_address>0x4c73</load_address>
         <run_address>0x4c73</run_address>
         <size>0x153</size>
         <input_file_ref idref="fl-45"/>
      </object_component>
      <object_component id="oc-27f">
         <name>.debug_info</name>
         <load_address>0x4dc6</load_address>
         <run_address>0x4dc6</run_address>
         <size>0x150</size>
         <input_file_ref idref="fl-46"/>
      </object_component>
      <object_component id="oc-db">
         <name>.debug_info</name>
         <load_address>0x4f16</load_address>
         <run_address>0x4f16</run_address>
         <size>0x180</size>
         <input_file_ref idref="fl-47"/>
      </object_component>
      <object_component id="oc-3c">
         <name>.debug_info</name>
         <load_address>0x5096</load_address>
         <run_address>0x5096</run_address>
         <size>0x1ea</size>
         <input_file_ref idref="fl-47"/>
      </object_component>
      <object_component id="oc-d6">
         <name>.debug_info</name>
         <load_address>0x5280</load_address>
         <run_address>0x5280</run_address>
         <size>0x46</size>
         <input_file_ref idref="fl-47"/>
      </object_component>
      <object_component id="oc-159">
         <name>.debug_info</name>
         <load_address>0x52c6</load_address>
         <run_address>0x52c6</run_address>
         <size>0x2c</size>
         <input_file_ref idref="fl-47"/>
      </object_component>
      <object_component id="oc-151">
         <name>.debug_info</name>
         <load_address>0x52f2</load_address>
         <run_address>0x52f2</run_address>
         <size>0x176</size>
         <input_file_ref idref="fl-48"/>
      </object_component>
      <object_component id="oc-35">
         <name>.debug_info</name>
         <load_address>0x5468</load_address>
         <run_address>0x5468</run_address>
         <size>0x292</size>
         <input_file_ref idref="fl-48"/>
      </object_component>
      <object_component id="oc-c5">
         <name>.debug_info</name>
         <load_address>0x56fa</load_address>
         <run_address>0x56fa</run_address>
         <size>0x60</size>
         <input_file_ref idref="fl-48"/>
      </object_component>
      <object_component id="oc-1b1">
         <name>.debug_info</name>
         <load_address>0x575a</load_address>
         <run_address>0x575a</run_address>
         <size>0x46</size>
         <input_file_ref idref="fl-48"/>
      </object_component>
      <object_component id="oc-14c">
         <name>.debug_info</name>
         <load_address>0x57a0</load_address>
         <run_address>0x57a0</run_address>
         <size>0x39</size>
         <input_file_ref idref="fl-48"/>
      </object_component>
      <object_component id="oc-1fa">
         <name>.debug_info</name>
         <load_address>0x57d9</load_address>
         <run_address>0x57d9</run_address>
         <size>0x122</size>
         <input_file_ref idref="fl-49"/>
      </object_component>
      <object_component id="oc-153">
         <name>.debug_info</name>
         <load_address>0x58fb</load_address>
         <run_address>0x58fb</run_address>
         <size>0x181</size>
         <input_file_ref idref="fl-4c"/>
      </object_component>
      <object_component id="oc-d0">
         <name>.debug_info</name>
         <load_address>0x5a7c</load_address>
         <run_address>0x5a7c</run_address>
         <size>0x17a</size>
         <input_file_ref idref="fl-4c"/>
      </object_component>
      <object_component id="oc-b8">
         <name>.debug_info</name>
         <load_address>0x5bf6</load_address>
         <run_address>0x5bf6</run_address>
         <size>0x120</size>
         <input_file_ref idref="fl-4f"/>
      </object_component>
      <object_component id="oc-354">
         <name>.debug_info</name>
         <load_address>0x5d16</load_address>
         <run_address>0x5d16</run_address>
         <size>0x95</size>
      </object_component>
      <object_component id="oc-2a0">
         <name>.debug_line</name>
         <load_address>0x0</load_address>
         <run_address>0x0</run_address>
         <size>0x58</size>
         <input_file_ref idref="fl-2"/>
      </object_component>
      <object_component id="oc-243">
         <name>.debug_line</name>
         <load_address>0x58</load_address>
         <run_address>0x58</run_address>
         <size>0x41</size>
         <input_file_ref idref="fl-2"/>
      </object_component>
      <object_component id="oc-1bf">
         <name>.debug_line</name>
         <load_address>0x99</load_address>
         <run_address>0x99</run_address>
         <size>0x6f</size>
         <input_file_ref idref="fl-2"/>
      </object_component>
      <object_component id="oc-cd">
         <name>.debug_line</name>
         <load_address>0x108</load_address>
         <run_address>0x108</run_address>
         <size>0x20</size>
         <input_file_ref idref="fl-2"/>
      </object_component>
      <object_component id="oc-1de">
         <name>.debug_line</name>
         <load_address>0x128</load_address>
         <run_address>0x128</run_address>
         <size>0x73</size>
         <input_file_ref idref="fl-2"/>
      </object_component>
      <object_component id="oc-185">
         <name>.debug_line</name>
         <load_address>0x19b</load_address>
         <run_address>0x19b</run_address>
         <size>0x70</size>
         <input_file_ref idref="fl-2"/>
      </object_component>
      <object_component id="oc-257">
         <name>.debug_line</name>
         <load_address>0x20b</load_address>
         <run_address>0x20b</run_address>
         <size>0x64</size>
         <input_file_ref idref="fl-4"/>
      </object_component>
      <object_component id="oc-1ee">
         <name>.debug_line</name>
         <load_address>0x26f</load_address>
         <run_address>0x26f</run_address>
         <size>0x75</size>
         <input_file_ref idref="fl-4"/>
      </object_component>
      <object_component id="oc-1bb">
         <name>.debug_line</name>
         <load_address>0x2e4</load_address>
         <run_address>0x2e4</run_address>
         <size>0x78</size>
         <input_file_ref idref="fl-5"/>
      </object_component>
      <object_component id="oc-f1">
         <name>.debug_line</name>
         <load_address>0x35c</load_address>
         <run_address>0x35c</run_address>
         <size>0x79</size>
         <input_file_ref idref="fl-5"/>
      </object_component>
      <object_component id="oc-25e">
         <name>.debug_line</name>
         <load_address>0x3d5</load_address>
         <run_address>0x3d5</run_address>
         <size>0x56</size>
         <input_file_ref idref="fl-6"/>
      </object_component>
      <object_component id="oc-1f4">
         <name>.debug_line</name>
         <load_address>0x42b</load_address>
         <run_address>0x42b</run_address>
         <size>0x68</size>
         <input_file_ref idref="fl-6"/>
      </object_component>
      <object_component id="oc-26a">
         <name>.debug_line</name>
         <load_address>0x493</load_address>
         <run_address>0x493</run_address>
         <size>0x40</size>
         <input_file_ref idref="fl-6"/>
      </object_component>
      <object_component id="oc-23e">
         <name>.debug_line</name>
         <load_address>0x4d3</load_address>
         <run_address>0x4d3</run_address>
         <size>0x59</size>
         <input_file_ref idref="fl-6"/>
      </object_component>
      <object_component id="oc-238">
         <name>.debug_line</name>
         <load_address>0x52c</load_address>
         <run_address>0x52c</run_address>
         <size>0x96</size>
         <input_file_ref idref="fl-8"/>
      </object_component>
      <object_component id="oc-1c5">
         <name>.debug_line</name>
         <load_address>0x5c2</load_address>
         <run_address>0x5c2</run_address>
         <size>0x58</size>
         <input_file_ref idref="fl-8"/>
      </object_component>
      <object_component id="oc-16f">
         <name>.debug_line</name>
         <load_address>0x61a</load_address>
         <run_address>0x61a</run_address>
         <size>0x5d</size>
         <input_file_ref idref="fl-8"/>
      </object_component>
      <object_component id="oc-1e7">
         <name>.debug_line</name>
         <load_address>0x677</load_address>
         <run_address>0x677</run_address>
         <size>0x80</size>
         <input_file_ref idref="fl-8"/>
      </object_component>
      <object_component id="oc-23a">
         <name>.debug_line</name>
         <load_address>0x6f7</load_address>
         <run_address>0x6f7</run_address>
         <size>0xb2</size>
         <input_file_ref idref="fl-b"/>
      </object_component>
      <object_component id="oc-1d9">
         <name>.debug_line</name>
         <load_address>0x7a9</load_address>
         <run_address>0x7a9</run_address>
         <size>0x57</size>
         <input_file_ref idref="fl-b"/>
      </object_component>
      <object_component id="oc-178">
         <name>.debug_line</name>
         <load_address>0x800</load_address>
         <run_address>0x800</run_address>
         <size>0x48</size>
         <input_file_ref idref="fl-b"/>
      </object_component>
      <object_component id="oc-17c">
         <name>.debug_line</name>
         <load_address>0x848</load_address>
         <run_address>0x848</run_address>
         <size>0x59</size>
         <input_file_ref idref="fl-b"/>
      </object_component>
      <object_component id="oc-30f">
         <name>.debug_line</name>
         <load_address>0x8a1</load_address>
         <run_address>0x8a1</run_address>
         <size>0x58</size>
         <input_file_ref idref="fl-c"/>
      </object_component>
      <object_component id="oc-30d">
         <name>.debug_line</name>
         <load_address>0x8f9</load_address>
         <run_address>0x8f9</run_address>
         <size>0x3b</size>
         <input_file_ref idref="fl-c"/>
      </object_component>
      <object_component id="oc-30b">
         <name>.debug_line</name>
         <load_address>0x934</load_address>
         <run_address>0x934</run_address>
         <size>0x3b</size>
         <input_file_ref idref="fl-c"/>
      </object_component>
      <object_component id="oc-307">
         <name>.debug_line</name>
         <load_address>0x96f</load_address>
         <run_address>0x96f</run_address>
         <size>0x3b</size>
         <input_file_ref idref="fl-c"/>
      </object_component>
      <object_component id="oc-309">
         <name>.debug_line</name>
         <load_address>0x9aa</load_address>
         <run_address>0x9aa</run_address>
         <size>0x3b</size>
         <input_file_ref idref="fl-c"/>
      </object_component>
      <object_component id="oc-305">
         <name>.debug_line</name>
         <load_address>0x9e5</load_address>
         <run_address>0x9e5</run_address>
         <size>0x3b</size>
         <input_file_ref idref="fl-c"/>
      </object_component>
      <object_component id="oc-2f6">
         <name>.debug_line</name>
         <load_address>0xa20</load_address>
         <run_address>0xa20</run_address>
         <size>0x3b</size>
         <input_file_ref idref="fl-c"/>
      </object_component>
      <object_component id="oc-250">
         <name>.debug_line</name>
         <load_address>0xa5b</load_address>
         <run_address>0xa5b</run_address>
         <size>0x67</size>
         <input_file_ref idref="fl-c"/>
      </object_component>
      <object_component id="oc-2a2">
         <name>.debug_line</name>
         <load_address>0xac2</load_address>
         <run_address>0xac2</run_address>
         <size>0x6a</size>
         <input_file_ref idref="fl-c"/>
      </object_component>
      <object_component id="oc-2ab">
         <name>.debug_line</name>
         <load_address>0xb2c</load_address>
         <run_address>0xb2c</run_address>
         <size>0x54</size>
         <input_file_ref idref="fl-c"/>
      </object_component>
      <object_component id="oc-2ae">
         <name>.debug_line</name>
         <load_address>0xb80</load_address>
         <run_address>0xb80</run_address>
         <size>0x51</size>
         <input_file_ref idref="fl-c"/>
      </object_component>
      <object_component id="oc-24a">
         <name>.debug_line</name>
         <load_address>0xbd1</load_address>
         <run_address>0xbd1</run_address>
         <size>0x53</size>
         <input_file_ref idref="fl-c"/>
      </object_component>
      <object_component id="oc-1ca">
         <name>.debug_line</name>
         <load_address>0xc24</load_address>
         <run_address>0xc24</run_address>
         <size>0xcf</size>
         <input_file_ref idref="fl-d"/>
      </object_component>
      <object_component id="oc-103">
         <name>.debug_line</name>
         <load_address>0xcf3</load_address>
         <run_address>0xcf3</run_address>
         <size>0x52</size>
         <input_file_ref idref="fl-d"/>
      </object_component>
      <object_component id="oc-f7">
         <name>.debug_line</name>
         <load_address>0xd45</load_address>
         <run_address>0xd45</run_address>
         <size>0x55</size>
         <input_file_ref idref="fl-d"/>
      </object_component>
      <object_component id="oc-106">
         <name>.debug_line</name>
         <load_address>0xd9a</load_address>
         <run_address>0xd9a</run_address>
         <size>0x56</size>
         <input_file_ref idref="fl-d"/>
      </object_component>
      <object_component id="oc-fd">
         <name>.debug_line</name>
         <load_address>0xdf0</load_address>
         <run_address>0xdf0</run_address>
         <size>0x50</size>
         <input_file_ref idref="fl-d"/>
      </object_component>
      <object_component id="oc-eb">
         <name>.debug_line</name>
         <load_address>0xe40</load_address>
         <run_address>0xe40</run_address>
         <size>0x4b</size>
         <input_file_ref idref="fl-d"/>
      </object_component>
      <object_component id="oc-e2">
         <name>.debug_line</name>
         <load_address>0xe8b</load_address>
         <run_address>0xe8b</run_address>
         <size>0x53</size>
         <input_file_ref idref="fl-d"/>
      </object_component>
      <object_component id="oc-199">
         <name>.debug_line</name>
         <load_address>0xede</load_address>
         <run_address>0xede</run_address>
         <size>0x57</size>
         <input_file_ref idref="fl-e"/>
      </object_component>
      <object_component id="oc-1d3">
         <name>.debug_line</name>
         <load_address>0xf35</load_address>
         <run_address>0xf35</run_address>
         <size>0x43</size>
         <input_file_ref idref="fl-2a"/>
      </object_component>
      <object_component id="oc-c0">
         <name>.debug_line</name>
         <load_address>0xf78</load_address>
         <run_address>0xf78</run_address>
         <size>0x40</size>
         <input_file_ref idref="fl-2d"/>
      </object_component>
      <object_component id="oc-e0">
         <name>.debug_line</name>
         <load_address>0xfb8</load_address>
         <run_address>0xfb8</run_address>
         <size>0x3d</size>
         <input_file_ref idref="fl-3c"/>
      </object_component>
      <object_component id="oc-bb">
         <name>.debug_line</name>
         <load_address>0xff5</load_address>
         <run_address>0xff5</run_address>
         <size>0x5e</size>
         <input_file_ref idref="fl-3d"/>
      </object_component>
      <object_component id="oc-265">
         <name>.debug_line</name>
         <load_address>0x1053</load_address>
         <run_address>0x1053</run_address>
         <size>0x42</size>
         <input_file_ref idref="fl-3e"/>
      </object_component>
      <object_component id="oc-148">
         <name>.debug_line</name>
         <load_address>0x1095</load_address>
         <run_address>0x1095</run_address>
         <size>0x2a</size>
         <input_file_ref idref="fl-3f"/>
      </object_component>
      <object_component id="oc-11e">
         <name>.debug_line</name>
         <load_address>0x10bf</load_address>
         <run_address>0x10bf</run_address>
         <size>0x46</size>
         <input_file_ref idref="fl-3f"/>
      </object_component>
      <object_component id="oc-2d1">
         <name>.debug_line</name>
         <load_address>0x1105</load_address>
         <run_address>0x1105</run_address>
         <size>0xbf</size>
         <input_file_ref idref="fl-40"/>
      </object_component>
      <object_component id="oc-206">
         <name>.debug_line</name>
         <load_address>0x11c4</load_address>
         <run_address>0x11c4</run_address>
         <size>0x76</size>
         <input_file_ref idref="fl-40"/>
      </object_component>
      <object_component id="oc-2d5">
         <name>.debug_line</name>
         <load_address>0x123a</load_address>
         <run_address>0x123a</run_address>
         <size>0x2e</size>
         <input_file_ref idref="fl-40"/>
      </object_component>
      <object_component id="oc-2e1">
         <name>.debug_line</name>
         <load_address>0x1268</load_address>
         <run_address>0x1268</run_address>
         <size>0x9a</size>
         <input_file_ref idref="fl-40"/>
      </object_component>
      <object_component id="oc-293">
         <name>.debug_line</name>
         <load_address>0x1302</load_address>
         <run_address>0x1302</run_address>
         <size>0x97</size>
         <input_file_ref idref="fl-40"/>
      </object_component>
      <object_component id="oc-2da">
         <name>.debug_line</name>
         <load_address>0x1399</load_address>
         <run_address>0x1399</run_address>
         <size>0x93</size>
         <input_file_ref idref="fl-40"/>
      </object_component>
      <object_component id="oc-1e1">
         <name>.debug_line</name>
         <load_address>0x142c</load_address>
         <run_address>0x142c</run_address>
         <size>0x20</size>
         <input_file_ref idref="fl-41"/>
      </object_component>
      <object_component id="oc-10c">
         <name>.debug_line</name>
         <load_address>0x144c</load_address>
         <run_address>0x144c</run_address>
         <size>0x4a</size>
         <input_file_ref idref="fl-41"/>
      </object_component>
      <object_component id="oc-18b">
         <name>.debug_line</name>
         <load_address>0x1496</load_address>
         <run_address>0x1496</run_address>
         <size>0x34</size>
         <input_file_ref idref="fl-41"/>
      </object_component>
      <object_component id="oc-157">
         <name>.debug_line</name>
         <load_address>0x14ca</load_address>
         <run_address>0x14ca</run_address>
         <size>0x92</size>
         <input_file_ref idref="fl-41"/>
      </object_component>
      <object_component id="oc-190">
         <name>.debug_line</name>
         <load_address>0x155c</load_address>
         <run_address>0x155c</run_address>
         <size>0x3e</size>
         <input_file_ref idref="fl-45"/>
      </object_component>
      <object_component id="oc-283">
         <name>.debug_line</name>
         <load_address>0x159a</load_address>
         <run_address>0x159a</run_address>
         <size>0x3a</size>
         <input_file_ref idref="fl-46"/>
      </object_component>
      <object_component id="oc-15f">
         <name>.debug_line</name>
         <load_address>0x15d4</load_address>
         <run_address>0x15d4</run_address>
         <size>0x20</size>
         <input_file_ref idref="fl-47"/>
      </object_component>
      <object_component id="oc-3b">
         <name>.debug_line</name>
         <load_address>0x15f4</load_address>
         <run_address>0x15f4</run_address>
         <size>0x50</size>
         <input_file_ref idref="fl-47"/>
      </object_component>
      <object_component id="oc-d9">
         <name>.debug_line</name>
         <load_address>0x1644</load_address>
         <run_address>0x1644</run_address>
         <size>0x3a</size>
         <input_file_ref idref="fl-47"/>
      </object_component>
      <object_component id="oc-15c">
         <name>.debug_line</name>
         <load_address>0x167e</load_address>
         <run_address>0x167e</run_address>
         <size>0x92</size>
         <input_file_ref idref="fl-47"/>
      </object_component>
      <object_component id="oc-1b7">
         <name>.debug_line</name>
         <load_address>0x1710</load_address>
         <run_address>0x1710</run_address>
         <size>0x20</size>
         <input_file_ref idref="fl-48"/>
      </object_component>
      <object_component id="oc-39">
         <name>.debug_line</name>
         <load_address>0x1730</load_address>
         <run_address>0x1730</run_address>
         <size>0x92</size>
         <input_file_ref idref="fl-48"/>
      </object_component>
      <object_component id="oc-c8">
         <name>.debug_line</name>
         <load_address>0x17c2</load_address>
         <run_address>0x17c2</run_address>
         <size>0x3a</size>
         <input_file_ref idref="fl-48"/>
      </object_component>
      <object_component id="oc-1b4">
         <name>.debug_line</name>
         <load_address>0x17fc</load_address>
         <run_address>0x17fc</run_address>
         <size>0x9a</size>
         <input_file_ref idref="fl-48"/>
      </object_component>
      <object_component id="oc-14f">
         <name>.debug_line</name>
         <load_address>0x1896</load_address>
         <run_address>0x1896</run_address>
         <size>0x96</size>
         <input_file_ref idref="fl-48"/>
      </object_component>
      <object_component id="oc-1f8">
         <name>.debug_line</name>
         <load_address>0x192c</load_address>
         <run_address>0x192c</run_address>
         <size>0x3d</size>
         <input_file_ref idref="fl-49"/>
      </object_component>
      <object_component id="oc-1b9">
         <name>.debug_line</name>
         <load_address>0x1969</load_address>
         <run_address>0x1969</run_address>
         <size>0x20</size>
         <input_file_ref idref="fl-4c"/>
      </object_component>
      <object_component id="oc-d3">
         <name>.debug_line</name>
         <load_address>0x1989</load_address>
         <run_address>0x1989</run_address>
         <size>0x42</size>
         <input_file_ref idref="fl-4c"/>
      </object_component>
      <object_component id="oc-b6">
         <name>.debug_line</name>
         <load_address>0x19cb</load_address>
         <run_address>0x19cb</run_address>
         <size>0x4e</size>
         <input_file_ref idref="fl-4f"/>
      </object_component>
      <object_component id="oc-29f">
         <name>.debug_abbrev</name>
         <load_address>0x0</load_address>
         <run_address>0x0</run_address>
         <size>0x44</size>
         <input_file_ref idref="fl-2"/>
      </object_component>
      <object_component id="oc-242">
         <name>.debug_abbrev</name>
         <load_address>0x44</load_address>
         <run_address>0x44</run_address>
         <size>0x42</size>
         <input_file_ref idref="fl-2"/>
      </object_component>
      <object_component id="oc-1be">
         <name>.debug_abbrev</name>
         <load_address>0x86</load_address>
         <run_address>0x86</run_address>
         <size>0x69</size>
         <input_file_ref idref="fl-2"/>
      </object_component>
      <object_component id="oc-cc">
         <name>.debug_abbrev</name>
         <load_address>0xef</load_address>
         <run_address>0xef</run_address>
         <size>0x1f</size>
         <input_file_ref idref="fl-2"/>
      </object_component>
      <object_component id="oc-1dd">
         <name>.debug_abbrev</name>
         <load_address>0x10e</load_address>
         <run_address>0x10e</run_address>
         <size>0x35</size>
         <input_file_ref idref="fl-2"/>
      </object_component>
      <object_component id="oc-184">
         <name>.debug_abbrev</name>
         <load_address>0x143</load_address>
         <run_address>0x143</run_address>
         <size>0x24</size>
         <input_file_ref idref="fl-2"/>
      </object_component>
      <object_component id="oc-2b8">
         <name>.debug_abbrev</name>
         <load_address>0x167</load_address>
         <run_address>0x167</run_address>
         <size>0x6c</size>
         <input_file_ref idref="fl-4"/>
      </object_component>
      <object_component id="oc-260">
         <name>.debug_abbrev</name>
         <load_address>0x1d3</load_address>
         <run_address>0x1d3</run_address>
         <size>0x7a</size>
         <input_file_ref idref="fl-4"/>
      </object_component>
      <object_component id="oc-1ba">
         <name>.debug_abbrev</name>
         <load_address>0x24d</load_address>
         <run_address>0x24d</run_address>
         <size>0xb6</size>
         <input_file_ref idref="fl-5"/>
      </object_component>
      <object_component id="oc-169">
         <name>.debug_abbrev</name>
         <load_address>0x303</load_address>
         <run_address>0x303</run_address>
         <size>0x53</size>
         <input_file_ref idref="fl-5"/>
      </object_component>
      <object_component id="oc-2b9">
         <name>.debug_abbrev</name>
         <load_address>0x356</load_address>
         <run_address>0x356</run_address>
         <size>0x50</size>
         <input_file_ref idref="fl-6"/>
      </object_component>
      <object_component id="oc-266">
         <name>.debug_abbrev</name>
         <load_address>0x3a6</load_address>
         <run_address>0x3a6</run_address>
         <size>0x7a</size>
         <input_file_ref idref="fl-6"/>
      </object_component>
      <object_component id="oc-269">
         <name>.debug_abbrev</name>
         <load_address>0x420</load_address>
         <run_address>0x420</run_address>
         <size>0x42</size>
         <input_file_ref idref="fl-6"/>
      </object_component>
      <object_component id="oc-23d">
         <name>.debug_abbrev</name>
         <load_address>0x462</load_address>
         <run_address>0x462</run_address>
         <size>0x42</size>
         <input_file_ref idref="fl-6"/>
      </object_component>
      <object_component id="oc-237">
         <name>.debug_abbrev</name>
         <load_address>0x4a4</load_address>
         <run_address>0x4a4</run_address>
         <size>0x92</size>
         <input_file_ref idref="fl-8"/>
      </object_component>
      <object_component id="oc-236">
         <name>.debug_abbrev</name>
         <load_address>0x536</load_address>
         <run_address>0x536</run_address>
         <size>0x6c</size>
         <input_file_ref idref="fl-8"/>
      </object_component>
      <object_component id="oc-1c7">
         <name>.debug_abbrev</name>
         <load_address>0x5a2</load_address>
         <run_address>0x5a2</run_address>
         <size>0x7a</size>
         <input_file_ref idref="fl-8"/>
      </object_component>
      <object_component id="oc-25f">
         <name>.debug_abbrev</name>
         <load_address>0x61c</load_address>
         <run_address>0x61c</run_address>
         <size>0x7a</size>
         <input_file_ref idref="fl-8"/>
      </object_component>
      <object_component id="oc-239">
         <name>.debug_abbrev</name>
         <load_address>0x696</load_address>
         <run_address>0x696</run_address>
         <size>0x84</size>
         <input_file_ref idref="fl-b"/>
      </object_component>
      <object_component id="oc-258">
         <name>.debug_abbrev</name>
         <load_address>0x71a</load_address>
         <run_address>0x71a</run_address>
         <size>0x6c</size>
         <input_file_ref idref="fl-b"/>
      </object_component>
      <object_component id="oc-1cb">
         <name>.debug_abbrev</name>
         <load_address>0x786</load_address>
         <run_address>0x786</run_address>
         <size>0x50</size>
         <input_file_ref idref="fl-b"/>
      </object_component>
      <object_component id="oc-1da">
         <name>.debug_abbrev</name>
         <load_address>0x7d6</load_address>
         <run_address>0x7d6</run_address>
         <size>0x5e</size>
         <input_file_ref idref="fl-b"/>
      </object_component>
      <object_component id="oc-30e">
         <name>.debug_abbrev</name>
         <load_address>0x834</load_address>
         <run_address>0x834</run_address>
         <size>0x58</size>
         <input_file_ref idref="fl-c"/>
      </object_component>
      <object_component id="oc-30c">
         <name>.debug_abbrev</name>
         <load_address>0x88c</load_address>
         <run_address>0x88c</run_address>
         <size>0x27</size>
         <input_file_ref idref="fl-c"/>
      </object_component>
      <object_component id="oc-30a">
         <name>.debug_abbrev</name>
         <load_address>0x8b3</load_address>
         <run_address>0x8b3</run_address>
         <size>0x27</size>
         <input_file_ref idref="fl-c"/>
      </object_component>
      <object_component id="oc-306">
         <name>.debug_abbrev</name>
         <load_address>0x8da</load_address>
         <run_address>0x8da</run_address>
         <size>0x27</size>
         <input_file_ref idref="fl-c"/>
      </object_component>
      <object_component id="oc-308">
         <name>.debug_abbrev</name>
         <load_address>0x901</load_address>
         <run_address>0x901</run_address>
         <size>0x27</size>
         <input_file_ref idref="fl-c"/>
      </object_component>
      <object_component id="oc-304">
         <name>.debug_abbrev</name>
         <load_address>0x928</load_address>
         <run_address>0x928</run_address>
         <size>0x27</size>
         <input_file_ref idref="fl-c"/>
      </object_component>
      <object_component id="oc-2f5">
         <name>.debug_abbrev</name>
         <load_address>0x94f</load_address>
         <run_address>0x94f</run_address>
         <size>0x27</size>
         <input_file_ref idref="fl-c"/>
      </object_component>
      <object_component id="oc-2b7">
         <name>.debug_abbrev</name>
         <load_address>0x976</load_address>
         <run_address>0x976</run_address>
         <size>0x60</size>
         <input_file_ref idref="fl-c"/>
      </object_component>
      <object_component id="oc-2e9">
         <name>.debug_abbrev</name>
         <load_address>0x9d6</load_address>
         <run_address>0x9d6</run_address>
         <size>0x5e</size>
         <input_file_ref idref="fl-c"/>
      </object_component>
      <object_component id="oc-2f3">
         <name>.debug_abbrev</name>
         <load_address>0xa34</load_address>
         <run_address>0xa34</run_address>
         <size>0x50</size>
         <input_file_ref idref="fl-c"/>
      </object_component>
      <object_component id="oc-2f4">
         <name>.debug_abbrev</name>
         <load_address>0xa84</load_address>
         <run_address>0xa84</run_address>
         <size>0x50</size>
         <input_file_ref idref="fl-c"/>
      </object_component>
      <object_component id="oc-2b3">
         <name>.debug_abbrev</name>
         <load_address>0xad4</load_address>
         <run_address>0xad4</run_address>
         <size>0x5e</size>
         <input_file_ref idref="fl-c"/>
      </object_component>
      <object_component id="oc-1c9">
         <name>.debug_abbrev</name>
         <load_address>0xb32</load_address>
         <run_address>0xb32</run_address>
         <size>0xb8</size>
         <input_file_ref idref="fl-d"/>
      </object_component>
      <object_component id="oc-17a">
         <name>.debug_abbrev</name>
         <load_address>0xbea</load_address>
         <run_address>0xbea</run_address>
         <size>0x61</size>
         <input_file_ref idref="fl-d"/>
      </object_component>
      <object_component id="oc-171">
         <name>.debug_abbrev</name>
         <load_address>0xc4b</load_address>
         <run_address>0xc4b</run_address>
         <size>0x6f</size>
         <input_file_ref idref="fl-d"/>
      </object_component>
      <object_component id="oc-181">
         <name>.debug_abbrev</name>
         <load_address>0xcba</load_address>
         <run_address>0xcba</run_address>
         <size>0x6f</size>
         <input_file_ref idref="fl-d"/>
      </object_component>
      <object_component id="oc-173">
         <name>.debug_abbrev</name>
         <load_address>0xd29</load_address>
         <run_address>0xd29</run_address>
         <size>0x53</size>
         <input_file_ref idref="fl-d"/>
      </object_component>
      <object_component id="oc-162">
         <name>.debug_abbrev</name>
         <load_address>0xd7c</load_address>
         <run_address>0xd7c</run_address>
         <size>0x53</size>
         <input_file_ref idref="fl-d"/>
      </object_component>
      <object_component id="oc-161">
         <name>.debug_abbrev</name>
         <load_address>0xdcf</load_address>
         <run_address>0xdcf</run_address>
         <size>0x53</size>
         <input_file_ref idref="fl-d"/>
      </object_component>
      <object_component id="oc-1f5">
         <name>.debug_abbrev</name>
         <load_address>0xe22</load_address>
         <run_address>0xe22</run_address>
         <size>0x54</size>
         <input_file_ref idref="fl-e"/>
      </object_component>
      <object_component id="oc-245">
         <name>.debug_abbrev</name>
         <load_address>0xe76</load_address>
         <run_address>0xe76</run_address>
         <size>0x3c</size>
         <input_file_ref idref="fl-2a"/>
      </object_component>
      <object_component id="oc-14b">
         <name>.debug_abbrev</name>
         <load_address>0xeb2</load_address>
         <run_address>0xeb2</run_address>
         <size>0x3a</size>
         <input_file_ref idref="fl-2d"/>
      </object_component>
      <object_component id="oc-160">
         <name>.debug_abbrev</name>
         <load_address>0xeec</load_address>
         <run_address>0xeec</run_address>
         <size>0x28</size>
         <input_file_ref idref="fl-3c"/>
      </object_component>
      <object_component id="oc-14a">
         <name>.debug_abbrev</name>
         <load_address>0xf14</load_address>
         <run_address>0xf14</run_address>
         <size>0x3c</size>
         <input_file_ref idref="fl-3d"/>
      </object_component>
      <object_component id="oc-2ba">
         <name>.debug_abbrev</name>
         <load_address>0xf50</load_address>
         <run_address>0xf50</run_address>
         <size>0x3c</size>
         <input_file_ref idref="fl-3e"/>
      </object_component>
      <object_component id="oc-147">
         <name>.debug_abbrev</name>
         <load_address>0xf8c</load_address>
         <run_address>0xf8c</run_address>
         <size>0x29</size>
         <input_file_ref idref="fl-3f"/>
      </object_component>
      <object_component id="oc-19e">
         <name>.debug_abbrev</name>
         <load_address>0xfb5</load_address>
         <run_address>0xfb5</run_address>
         <size>0x58</size>
         <input_file_ref idref="fl-3f"/>
[...]
         <value>0x60</value>
      </symbol>
      <symbol id="sm-41">
         <name>UCA0CTL1</name>
         <value>0x61</value>
      </symbol>
      <symbol id="sm-42">
         <name>UCA0BR0</name>
         <value>0x62</value>
      </symbol>
      <symbol id="sm-43">
         <name>UCA0BR1</name>
         <value>0x63</value>
      </symbol>
      <symbol id="sm-44">
         <name>UCA0MCTL</name>
         <value>0x64</value>
      </symbol>
      <symbol id="sm-45">
         <name>UCA0STAT</name>
         <value>0x65</value>
      </symbol>
      <symbol id="sm-46">
         <name>UCA0RXBUF</name>
         <value>0x66</value>
      </symbol>
      <symbol id="sm-47">
         <name>UCA0TXBUF</name>
         <value>0x67</value>
      </symbol>
      <symbol id="sm-48">
         <name>UCA0ABCTL</name>
         <value>0x5d</value>
      </symbol>
      <symbol id="sm-49">
         <name>UCA0IRTCTL</name>
         <value>0x5e</value>
      </symbol>
      <symbol id="sm-4a">
         <name>UCA0IRRCTL</name>
         <value>0x5f</value>
      </symbol>
      <symbol id="sm-4b">
         <name>UCB0CTL0</name>
         <value>0x68</value>
      </symbol>
      <symbol id="sm-4c">
         <name>UCB0CTL1</name>
         <value>0x69</value>
      </symbol>
      <symbol id="sm-4d">
         <name>UCB0BR0</name>
         <value>0x6a</value>
      </symbol>
      <symbol id="sm-4e">
         <name>UCB0BR1</name>
         <value>0x6b</value>
      </symbol>
      <symbol id="sm-4f">
         <name>UCB0I2CIE</name>
         <value>0x6c</value>
      </symbol>
      <symbol id="sm-50">
         <name>UCB0STAT</name>
         <value>0x6d</value>
      </symbol>
      <symbol id="sm-51">
         <name>UCB0RXBUF</name>
         <value>0x6e</value>
      </symbol>
      <symbol id="sm-52">
         <name>UCB0TXBUF</name>
         <value>0x6f</value>
      </symbol>
      <symbol id="sm-53">
         <name>UCB0I2COA</name>
         <value>0x118</value>
      </symbol>
      <symbol id="sm-54">
         <name>UCB0I2CSA</name>
         <value>0x11a</value>
      </symbol>
      <symbol id="sm-55">
         <name>WDTCTL</name>
         <value>0x120</value>
      </symbol>
      <symbol id="sm-56">
         <name>CALDCO_16MHZ</name>
         <value>0x10f8</value>
      </symbol>
      <symbol id="sm-57">
         <name>CALBC1_16MHZ</name>
         <value>0x10f9</value>
      </symbol>
      <symbol id="sm-58">
         <name>CALDCO_12MHZ</name>
         <value>0x10fa</value>
      </symbol>
      <symbol id="sm-59">
         <name>CALBC1_12MHZ</name>
         <value>0x10fb</value>
      </symbol>
      <symbol id="sm-5a">
         <name>CALDCO_8MHZ</name>
         <value>0x10fc</value>
      </symbol>
      <symbol id="sm-5b">
         <name>CALBC1_8MHZ</name>
         <value>0x10fd</value>
      </symbol>
      <symbol id="sm-5c">
         <name>CALDCO_1MHZ</name>
         <value>0x10fe</value>
      </symbol>
      <symbol id="sm-5d">
         <name>CALBC1_1MHZ</name>
         <value>0x10ff</value>
      </symbol>
      <symbol id="sm-5e">
         <name>TLV_CHECKSUM</name>
         <value>0x10c0</value>
      </symbol>
      <symbol id="sm-5f">
         <name>TLV_DCO_30_TAG</name>
         <value>0x10f6</value>
      </symbol>
      <symbol id="sm-60">
         <name>TLV_DCO_30_LEN</name>
         <value>0x10f7</value>
      </symbol>
      <symbol id="sm-61">
         <name>TLV_ADC10_1_TAG</name>
         <value>0x10da</value>
      </symbol>
      <symbol id="sm-62">
         <name>TLV_ADC10_1_LEN</name>
         <value>0x10db</value>
      </symbol>
      <symbol id="sm-63">
         <name>__TI_CINIT_Base</name>
         <value>0xc626</value>
      </symbol>
      <symbol id="sm-64">
         <name>__TI_CINIT_Limit</name>
         <value>0xc62e</value>
      </symbol>
      <symbol id="sm-65">
         <name>__TI_CINIT_Warm</name>
         <value>0xc62e</value>
      </symbol>
      <symbol id="sm-66">
         <name>__TI_Handler_Table_Base</name>
         <value>0xc61c</value>
      </symbol>
      <symbol id="sm-67">
         <name>__TI_Handler_Table_Limit</name>
         <value>0xc622</value>
      </symbol>
      <symbol id="sm-68">
         <name>__STACK_SIZE</name>
         <value>0x50</value>
      </symbol>
      <symbol id="sm-69">
         <name>__STACK_END</name>
         <value>0x400</value>
      </symbol>
      <symbol id="sm-6a">
         <name>__c_args__</name>
         <value>0xffffffff</value>
      </symbol>
      <symbol id="sm-6b">
         <name>__TI_pprof_out_hndl</name>
         <value>0xffffffff</value>
      </symbol>
      <symbol id="sm-6c">
         <name>__TI_prof_data_start</name>
         <value>0xffffffff</value>
      </symbol>
      <symbol id="sm-6d">
         <name>__TI_prof_data_size</name>
         <value>0xffffffff</value>
      </symbol>
      <symbol id="sm-d2">
         <name>gpio_init</name>
         <value>0xc2b4</value>
         <object_component_ref idref="oc-1e9"/>
      </symbol>
      <symbol id="sm-d3">
         <name>gpio_set</name>
         <value>0xc4ca</value>
         <object_component_ref idref="oc-252"/>
      </symbol>
      <symbol id="sm-e7">
         <name>PTxData</name>
         <value>0x294</value>
      </symbol>
      <symbol id="sm-e8">
         <name>PRxData</name>
         <value>0x292</value>
      </symbol>
      <symbol id="sm-e9">
         <name>TxByteCtr</name>
         <value>0x299</value>
      </symbol>
      <symbol id="sm-ea">
         <name>RxByteCtr</name>
         <value>0x298</value>
      </symbol>
      <symbol id="sm-eb">
         <name>__TI_int06</name>
         <value>0xffec</value>
         <object_component_ref idref="oc-44"/>
      </symbol>
      <symbol id="sm-ec">
         <name>USCIAB0TX_ISR</name>
         <value>0xc136</value>
         <object_component_ref idref="oc-ed"/>
      </symbol>
      <symbol id="sm-109">
         <name>tim_interrupt_init_ms</name>
         <value>0xc208</value>
         <object_component_ref idref="oc-1ef"/>
      </symbol>
      <symbol id="sm-10a">
         <name>InitSystemClock</name>
         <value>0xc524</value>
         <object_component_ref idref="oc-259"/>
      </symbol>
      <symbol id="sm-131">
         <name>uart_putchar</name>
         <value>0xc5da</value>
         <object_component_ref idref="oc-1c1"/>
      </symbol>
      <symbol id="sm-132">
         <name>uart_init</name>
         <value>0xc000</value>
         <object_component_ref idref="oc-1e3"/>
      </symbol>
      <symbol id="sm-133">
         <name>uart_putstr</name>
         <value>0xc59e</value>
         <object_component_ref idref="oc-16b"/>
      </symbol>
      <symbol id="sm-154">
         <name>tick</name>
         <value>0x296</value>
      </symbol>
      <symbol id="sm-155">
         <name>duty_25ms</name>
         <value>0xc3da</value>
         <object_component_ref idref="oc-1d4"/>
      </symbol>
      <symbol id="sm-156">
         <name>WDT_Ontime</name>
         <value>0xc604</value>
         <object_component_ref idref="oc-174"/>
      </symbol>
      <symbol id="sm-157">
         <name>PIT1_handler</name>
         <value>0xc480</value>
         <object_component_ref idref="oc-17b"/>
      </symbol>
      <symbol id="sm-1b0">
         <name>Key_Measure_Freq</name>
         <value>0xc1a8</value>
         <object_component_ref idref="oc-2a1"/>
      </symbol>
      <symbol id="sm-1b1">
         <name>Key_FIFO</name>
         <value>0xc33e</value>
         <object_component_ref idref="oc-2a7"/>
      </symbol>
      <symbol id="sm-1b2">
         <name>Key_Judge</name>
         <value>0xc45a</value>
         <object_component_ref idref="oc-2ad"/>
      </symbol>
      <symbol id="sm-1b3">
         <name>TouchIN_Dect</name>
         <value>0xc5c0</value>
         <object_component_ref idref="oc-246"/>
      </symbol>
      <symbol id="sm-1b4">
         <name>Touch_check</name>
         <value>0xc37c</value>
         <object_component_ref idref="oc-24c"/>
      </symbol>
      <symbol id="sm-1ee">
         <name>WDT_ISR</name>
         <value>0xc50a</value>
         <object_component_ref idref="oc-ff"/>
      </symbol>
      <symbol id="sm-1ef">
         <name>__TI_int08</name>
         <value>0xfff0</value>
         <object_component_ref idref="oc-46"/>
      </symbol>
      <symbol id="sm-1f0">
         <name>__TI_int07</name>
         <value>0xffee</value>
         <object_component_ref idref="oc-45"/>
      </symbol>
      <symbol id="sm-1f1">
         <name>__TI_int02</name>
         <value>0xffe4</value>
         <object_component_ref idref="oc-41"/>
      </symbol>
      <symbol id="sm-1f2">
         <name>__TI_int03</name>
         <value>0xffe6</value>
         <object_component_ref idref="oc-42"/>
      </symbol>
      <symbol id="sm-1f3">
         <name>UART_Receive_ISR</name>
         <value>0xc3ac</value>
         <object_component_ref idref="oc-f3"/>
      </symbol>
      <symbol id="sm-1f4">
         <name>__TI_int12</name>
         <value>0xfff8</value>
         <object_component_ref idref="oc-4a"/>
      </symbol>
      <symbol id="sm-1f5">
         <name>__TI_int10</name>
         <value>0xfff4</value>
         <object_component_ref idref="oc-48"/>
      </symbol>
      <symbol id="sm-1f6">
         <name>Port1_ISR</name>
         <value>0xc5ce</value>
         <object_component_ref idref="oc-e1"/>
      </symbol>
      <symbol id="sm-1f7">
         <name>Port2_ISR</name>
         <value>0xc602</value>
         <object_component_ref idref="oc-e7"/>
      </symbol>
      <symbol id="sm-1f8">
         <name>Time1_Tick</name>
         <value>0xc4a6</value>
         <object_component_ref idref="oc-105"/>
      </symbol>
      <symbol id="sm-1f9">
         <name>Time0_Tick</name>
         <value>0xc5e6</value>
         <object_component_ref idref="oc-f9"/>
      </symbol>
      <symbol id="sm-203">
         <name>main</name>
         <value>0xc432</value>
         <object_component_ref idref="oc-195"/>
      </symbol>
      <symbol id="sm-20e">
         <name>__mspabi_remu</name>
         <value>0xc53c</value>
         <object_component_ref idref="oc-1cf"/>
      </symbol>
      <symbol id="sm-20f">
         <name>__mspabi_divu</name>
         <value>0xc53c</value>
         <object_component_ref idref="oc-1cf"/>
      </symbol>
      <symbol id="sm-21a">
         <name>__mspabi_func_epilog_2</name>
         <value>0xc5ba</value>
         <object_component_ref idref="oc-bf"/>
      </symbol>
      <symbol id="sm-21b">
         <name>__mspabi_func_epilog_3</name>
         <value>0xc5b8</value>
         <object_component_ref idref="oc-bf"/>
      </symbol>
      <symbol id="sm-21c">
         <name>__mspabi_func_epilog_1</name>
         <value>0xc5bc</value>
         <object_component_ref idref="oc-bf"/>
      </symbol>
      <symbol id="sm-21d">
         <name>__mspabi_func_epilog_6</name>
         <value>0xc5b2</value>
         <object_component_ref idref="oc-bf"/>
      </symbol>
      <symbol id="sm-21e">
         <name>__mspabi_func_epilog_7</name>
         <value>0xc5b0</value>
         <object_component_ref idref="oc-bf"/>
      </symbol>
      <symbol id="sm-21f">
         <name>__mspabi_func_epilog_4</name>
         <value>0xc5b6</value>
         <object_component_ref idref="oc-bf"/>
      </symbol>
      <symbol id="sm-220">
         <name>__mspabi_func_epilog_5</name>
         <value>0xc5b4</value>
         <object_component_ref idref="oc-bf"/>
      </symbol>
      <symbol id="sm-22b">
         <name>__TI_int00</name>
         <value>0xffe0</value>
         <object_component_ref idref="oc-40"/>
      </symbol>
      <symbol id="sm-22e">
         <name>__TI_int05</name>
         <value>0xffea</value>
         <object_component_ref idref="oc-43"/>
      </symbol>
      <symbol id="sm-231">
         <name>__TI_int09</name>
         <value>0xfff2</value>
         <object_component_ref idref="oc-47"/>
      </symbol>
      <symbol id="sm-234">
         <name>__TI_int11</name>
         <value>0xfff6</value>
         <object_component_ref idref="oc-49"/>
      </symbol>
      <symbol id="sm-237">
         <name>__TI_int13</name>
         <value>0xfffa</value>
         <object_component_ref idref="oc-4b"/>
      </symbol>
      <symbol id="sm-23a">
         <name>__TI_int14</name>
         <value>0xfffc</value>
         <object_component_ref idref="oc-4c"/>
      </symbol>
      <symbol id="sm-242">
         <name>__TI_ISR_TRAP</name>
         <value>0xc5f0</value>
         <object_component_ref idref="oc-dc"/>
      </symbol>
      <symbol id="sm-24a">
         <name>__mspabi_srli_8</name>
         <value>0xc292</value>
         <object_component_ref idref="oc-ba"/>
      </symbol>
      <symbol id="sm-24b">
         <name>__mspabi_srli_9</name>
         <value>0xc28e</value>
         <object_component_ref idref="oc-ba"/>
      </symbol>
      <symbol id="sm-24c">
         <name>__mspabi_srli_6</name>
         <value>0xc29a</value>
         <object_component_ref idref="oc-ba"/>
      </symbol>
      <symbol id="sm-24d">
         <name>__mspabi_srli_7</name>
         <value>0xc296</value>
         <object_component_ref idref="oc-ba"/>
      </symbol>
      <symbol id="sm-24e">
         <name>__mspabi_srli_4</name>
         <value>0xc2a2</value>
         <object_component_ref idref="oc-ba"/>
      </symbol>
      <symbol id="sm-24f">
         <name>__mspabi_srli_5</name>
         <value>0xc29e</value>
         <object_component_ref idref="oc-ba"/>
      </symbol>
      <symbol id="sm-250">
         <name>__mspabi_srli_2</name>
         <value>0xc2aa</value>
         <object_component_ref idref="oc-ba"/>
      </symbol>
      <symbol id="sm-251">
         <name>__mspabi_srli_3</name>
         <value>0xc2a6</value>
         <object_component_ref idref="oc-ba"/>
      </symbol>
      <symbol id="sm-252">
         <name>__mspabi_srli_1</name>
         <value>0xc2ae</value>
         <object_component_ref idref="oc-ba"/>
      </symbol>
      <symbol id="sm-253">
         <name>__mspabi_srli</name>
         <value>0xc268</value>
         <object_component_ref idref="oc-ba"/>
      </symbol>
      <symbol id="sm-254">
         <name>__mspabi_srli_15</name>
         <value>0xc276</value>
         <object_component_ref idref="oc-ba"/>
      </symbol>
      <symbol id="sm-255">
         <name>__mspabi_srli_14</name>
         <value>0xc27a</value>
         <object_component_ref idref="oc-ba"/>
      </symbol>
      <symbol id="sm-256">
         <name>__mspabi_srli_13</name>
         <value>0xc27e</value>
         <object_component_ref idref="oc-ba"/>
      </symbol>
      <symbol id="sm-257">
         <name>__mspabi_srli_12</name>
         <value>0xc282</value>
         <object_component_ref idref="oc-ba"/>
      </symbol>
      <symbol id="sm-258">
         <name>__mspabi_srli_11</name>
         <value>0xc286</value>
         <object_component_ref idref="oc-ba"/>
      </symbol>
      <symbol id="sm-259">
         <name>__mspabi_srli_10</name>
         <value>0xc28a</value>
         <object_component_ref idref="oc-ba"/>
      </symbol>
      <symbol id="sm-263">
         <name>__mspabi_mpyi_sw</name>
         <value>0xc566</value>
         <object_component_ref idref="oc-261"/>
      </symbol>
      <symbol id="sm-264">
         <name>__mspabi_mpyi</name>
         <value>0xc566</value>
         <object_component_ref idref="oc-261"/>
      </symbol>
      <symbol id="sm-274">
         <name>_stack</name>
         <value>0x3b0</value>
         <object_component_ref idref="oc-b1"/>
      </symbol>
      <symbol id="sm-275">
         <name>_c_int00_noargs</name>
         <value>0xc4ee</value>
         <object_component_ref idref="oc-11d"/>
      </symbol>
      <symbol id="sm-276">
         <name>_reset_vector</name>
         <value>0xfffe</value>
         <object_component_ref idref="oc-b4"/>
      </symbol>
      <symbol id="sm-298">
         <name>__TI_auto_init_nobinit_nopinit</name>
         <value>0xc2fc</value>
         <object_component_ref idref="oc-202"/>
      </symbol>
      <symbol id="sm-2b0">
         <name>__TI_zero_init_nomemset</name>
         <value>0xc552</value>
         <object_component_ref idref="oc-10b"/>
      </symbol>
      <symbol id="sm-2bc">
         <name>_system_pre_init</name>
         <value>0xc5fe</value>
         <object_component_ref idref="oc-18f"/>
      </symbol>
      <symbol id="sm-2c5">
         <name>_system_post_cinit</name>
         <value>0xc606</value>
         <object_component_ref idref="oc-27e"/>
      </symbol>
      <symbol id="sm-2db">
         <name>__TI_decompress_none</name>
         <value>0xc57a</value>
         <object_component_ref idref="oc-3a"/>
      </symbol>
      <symbol id="sm-2fe">
         <name>__TI_decompress_lzss</name>
         <value>0xc0ba</value>
         <object_component_ref idref="oc-34"/>
      </symbol>
      <symbol id="sm-308">
         <name>C$$EXIT</name>
         <value>0xc5f8</value>
         <object_component_ref idref="oc-1f6"/>
      </symbol>
      <symbol id="sm-309">
         <name>abort</name>
         <value>0xc5f8</value>
         <object_component_ref idref="oc-1f6"/>
      </symbol>
      <symbol id="sm-319">
         <name>memcpy</name>
         <value>0xc58c</value>
         <object_component_ref idref="oc-cf"/>
      </symbol>
      <symbol id="sm-323">
         <name>__mspabi_slli</name>
         <value>0xc406</value>
         <object_component_ref idref="oc-b5"/>
      </symbol>
      <symbol id="sm-324">
         <name>__mspabi_slli_9</name>
         <value>0xc41e</value>
         <object_component_ref idref="oc-b5"/>
      </symbol>
      <symbol id="sm-325">
         <name>__mspabi_slli_8</name>
         <value>0xc420</value>
         <object_component_ref idref="oc-b5"/>
      </symbol>
      <symbol id="sm-326">
         <name>__mspabi_slli_7</name>
         <value>0xc422</value>
         <object_component_ref idref="oc-b5"/>
      </symbol>
      <symbol id="sm-327">
         <name>__mspabi_slli_6</name>
         <value>0xc424</value>
         <object_component_ref idref="oc-b5"/>
      </symbol>
      <symbol id="sm-328">
         <name>__mspabi_slli_5</name>
         <value>0xc426</value>
         <object_component_ref idref="oc-b5"/>
      </symbol>
      <symbol id="sm-329">
         <name>__mspabi_slli_4</name>
         <value>0xc428</value>
         <object_component_ref idref="oc-b5"/>
      </symbol>
      <symbol id="sm-32a">
         <name>__mspabi_slli_3</name>
         <value>0xc42a</value>
         <object_component_ref idref="oc-b5"/>
      </symbol>
      <symbol id="sm-32b">
         <name>__mspabi_slli_2</name>
         <value>0xc42c</value>
         <object_component_ref idref="oc-b5"/>
      </symbol>
      <symbol id="sm-32c">
         <name>__mspabi_slli_1</name>
         <value>0xc42e</value>
         <object_component_ref idref="oc-b5"/>
      </symbol>
      <symbol id="sm-32d">
         <name>__mspabi_slli_15</name>
         <value>0xc412</value>
         <object_component_ref idref="oc-b5"/>
      </symbol>
      <symbol id="sm-32e">
         <name>__mspabi_slli_14</name>
         <value>0xc414</value>
         <object_component_ref idref="oc-b5"/>
      </symbol>
      <symbol id="sm-32f">
         <name>__mspabi_slli_13</name>
         <value>0xc416</value>
         <object_component_ref idref="oc-b5"/>
      </symbol>
      <symbol id="sm-330">
         <name>__mspabi_slli_12</name>
         <value>0xc418</value>
         <object_component_ref idref="oc-b5"/>
      </symbol>
      <symbol id="sm-331">
         <name>__mspabi_slli_11</name>
         <value>0xc41a</value>
         <object_component_ref idref="oc-b5"/>
      </symbol>
      <symbol id="sm-332">
         <name>__mspabi_slli_10</name>
         <value>0xc41c</value>
         <object_component_ref idref="oc-b5"/>
      </symbol>
   </symbol_table>
   <title>Link successful</title>
</link_info>
